03-15 21:11:45.278  2032  2032 W Looper  : Slow delivery took 1522ms main h=android.app.ActivityThread$H c=null m=156
03-15 21:11:45.278  2032  2056 I DisplayManagerService: Display device changed: DisplayDeviceInfo{"Built-in Screen": uniqueId="local:0", 1080 x 2280, modeId 1, defaultModeId 1, supportedModes [{id=1, width=1080, height=2280, fps=60.000004}], colorMode 0, supportedColorModes [0], HdrCapabilities android.view.Display$HdrCapabilities@40f16308, density 440, 440.0 x 440.0 dpi, appVsyncOff 1000000, presDeadline 16666666, cutout DisplayCutout{insets=Rect(0, 171 - 0, 0) boundingRect={Bounds=[Rect(0, 0 - 0, 0), Rect(262, 0 - 818, 171), Rect(0, 0 - 0, 0), Rect(0, 0 - 0, 0)]}}, touch INTERNAL, rotation 0, type BUILT_IN, address {port=0}, state ON, FLAG_DEFAULT_DISPLAY, FLAG_ROTATES_WITH_CONTENT, FLAG_SECURE, FLAG_SUPPORTS_PROTECTED_BUFFERS}
03-15 21:11:45.278  2209  2209 I WebViewLoader-: The ClassLoaderContext is a special shared library.
03-15 21:11:45.279  2032  2032 V SettingsProvider: Notifying for 0: content://settings/global/network_watchlist_last_report_time
03-15 21:11:45.280  1826  1950 I OMXClient: IOmx service obtained
03-15 21:11:45.281  1831  1906 I OMXMaster: makeComponentInstance(OMX.google.raw.decoder) in android.hardwar process
03-15 21:11:45.282  2032  2032 D ConditionProviders.SCP: onConnected
03-15 21:11:45.283  2032  2032 V SettingsProvider: Notifying for 0: content://settings/secure/zen_settings_updated
03-15 21:11:45.290  2032  2032 D ConditionProviders: Subscribing to condition://android/event?userId=-10000&calendar=&reply=1 with ComponentInfo{android/com.android.server.notification.EventConditionProvider}
03-15 21:11:45.292  1826  1950 I OMXClient: IOmx service obtained
03-15 21:11:45.292  1831  1906 I OMXMaster: makeComponentInstance(OMX.google.vorbis.decoder) in android.hardwar process
03-15 21:11:45.294  2032  2032 D ConditionProviders: Subscribing to condition://android/schedule?days=1.2.3.4.5.6.7&start=22.0&end=7.0&exitAtAlarm=true with ComponentInfo{android/com.android.server.notification.ScheduleConditionProvider}
03-15 21:11:45.295  2032  2032 V FingerprintService: starting client EnumerateClient(android) cookie: 0/0
03-15 21:11:45.295  1848  1848 D FingerprintHal: ----------------> fingerprint_enumerate ----------------->
03-15 21:11:45.295  1848  1848 D android.hardware.biometrics.fingerprint@2.1-service: onEnumerate(fid=0, gid=0, rem=0)
03-15 21:11:45.303  2227  2227 V WebViewLibraryLoader: RelroFileCreator (64bit = true), package: com.android.webview library: libwebviewchromium.so
03-15 21:11:45.305  2032  2032 V SettingsProvider: Notifying for 0: content://settings/secure/location_mode
03-15 21:11:45.305  2032  2032 V SettingsProvider: Notifying for 0: content://settings/global/location_global_kill_switch
03-15 21:11:45.308  1826  1950 I OMXClient: IOmx service obtained
03-15 21:11:45.308  1831  1831 I OMXMaster: makeComponentInstance(OMX.google.aac.encoder) in android.hardwar process
03-15 21:11:45.318  2227  2227 I WebViewLoader-: The ClassLoaderContext is a special shared library.
03-15 21:11:45.321  1751  1751 D Zygote  : Forked child process 2253
03-15 21:11:45.326  2253  2253 W id.networkstac: Unexpected CPU variant for X86 using defaults: x86_64
03-15 21:11:45.327  2032  2063 W ActivityManager: Slow operation: 164ms so far, now at startProcess: returned from zygote!
03-15 21:11:45.327  2032  2063 W ActivityManager: Slow operation: 165ms so far, now at startProcess: done updating battery stats
03-15 21:11:45.327  2032  2063 W ActivityManager: Slow operation: 165ms so far, now at startProcess: building log message
03-15 21:11:45.327  2032  2063 I ActivityManager: Start proc 2253:com.android.networkstack/1073 for service {com.android.networkstack/com.android.server.NetworkStackService}
03-15 21:11:45.327  2032  2063 W ActivityManager: Slow operation: 165ms so far, now at startProcess: starting to update pids map
03-15 21:11:45.327  2032  2063 W ActivityManager: Slow operation: 165ms so far, now at startProcess: done updating pids map
03-15 21:11:45.327  2032  2063 W ActivityManager: Slow operation: 127ms so far, now at startProcess: asking zygote to start proc
03-15 21:11:45.335  1826  1950 I OMXClient: IOmx service obtained
03-15 21:11:45.336  1831  1906 I OMXMaster: makeComponentInstance(OMX.google.amrnb.encoder) in android.hardwar process
03-15 21:11:45.352  1826  1950 I OMXClient: IOmx service obtained
03-15 21:11:45.353  1831  1906 I OMXMaster: makeComponentInstance(OMX.google.amrwb.encoder) in android.hardwar process
03-15 21:11:45.370  1826  1950 I OMXClient: IOmx service obtained
03-15 21:11:45.371  1831  1906 I OMXMaster: makeComponentInstance(OMX.google.flac.encoder) in android.hardwar process
03-15 21:11:45.381  1826  1950 I OMXClient: IOmx service obtained
03-15 21:11:45.381  1831  1906 I OMXMaster: makeComponentInstance(OMX.google.h264.decoder) in android.hardwar process
03-15 21:11:45.409  1831  1906 E OMXNodeInstance: getExtensionIndex(0xf2218c00:google.h264.decoder, OMX.google.android.index.configureVideoTunnelMode) ERROR: UnsupportedIndex(0x8000101a)
03-15 21:11:45.409  1826  1950 D MediaCodecInfo: detail feature-tunneled-playback wasn't present to remove
03-15 21:11:45.410  1831  1906 E OMXNodeInstance: getExtensionIndex(0xf2218c00:google.h264.decoder, OMX.google.android.index.enableAndroidNativeBuffers) ERROR: UnsupportedIndex(0x8000101a)
03-15 21:11:45.412  2253  2253 I id.networkstac: The ClassLoaderContext is a special shared library.
03-15 21:11:45.417  1751  1751 D Zygote  : Forked child process 2293
03-15 21:11:45.419  1826  1950 I OMXClient: IOmx service obtained
03-15 21:11:45.420  1831  1906 I OMXMaster: makeComponentInstance(OMX.google.h263.decoder) in android.hardwar process
03-15 21:11:45.421  2209  2209 I WebViewLoader-: System.exit called, status: 0
03-15 21:11:45.421  2209  2209 I AndroidRuntime: VM exiting with result code 0, cleanup skipped.
03-15 21:11:45.421  2032  2063 W ActivityManager: Slow operation: 221ms so far, now at startProcess: returned from zygote!
03-15 21:11:45.421  2032  2063 W ActivityManager: Slow operation: 221ms so far, now at startProcess: done updating battery stats
03-15 21:11:45.422  2032  2063 W ActivityManager: Slow operation: 221ms so far, now at startProcess: building log message
03-15 21:11:45.422  2032  2063 I ActivityManager: Start proc 2293:com.android.phone/1001 for added application com.android.phone
03-15 21:11:45.422  2032  2063 W ActivityManager: Slow operation: 221ms so far, now at startProcess: starting to update pids map
03-15 21:11:45.424  2032  2063 W ActivityManager: Slow operation: 224ms so far, now at startProcess: done updating pids map
03-15 21:11:45.424  2032  2063 W ActivityManager: Slow operation: 160ms so far, now at startProcess: asking zygote to start proc
03-15 21:11:45.425  2032  2201 I ActivityManager: Process WebViewLoader-x86 (pid 2209) has died: psvc PER 
03-15 21:11:45.426  1831  1906 E OMXNodeInstance: getExtensionIndex(0xf2218c00:google.h263.decoder, OMX.google.android.index.configureVideoTunnelMode) ERROR: UnsupportedIndex(0x8000101a)
03-15 21:11:45.426  1826  1950 D MediaCodecInfo: detail feature-tunneled-playback wasn't present to remove
03-15 21:11:45.426  1831  1906 E OMXNodeInstance: getExtensionIndex(0xf2218c00:google.h263.decoder, OMX.google.android.index.enableAndroidNativeBuffers) ERROR: UnsupportedIndex(0x8000101a)
03-15 21:11:45.428  1752  1752 I Zygote  : Process 2209 exited cleanly (0)
03-15 21:11:45.428  2293  2293 W m.android.phon: Unexpected CPU variant for X86 using defaults: x86_64
03-15 21:11:45.432  1826  1950 I OMXClient: IOmx service obtained
03-15 21:11:45.432  1831  1906 I OMXMaster: makeComponentInstance(OMX.google.hevc.decoder) in android.hardwar process
03-15 21:11:45.439  1750  1939 W ServiceManager: Permission failure: android.permission.NETWORK_STACK from uid=1073 pid=2253
03-15 21:11:45.440  1750  1939 I netd    : registerUnsolicitedEventListener() <1.02ms>
03-15 21:11:45.442  1829  1829 W wificond: No pno scan started
03-15 21:11:45.442  1829  1829 E wificond: Receive ERROR message in response to 'stop scheduled scan' request: Operation not supported on transport endpoint
03-15 21:11:45.443  1777  1777 W android.hardware.wifi@1.0-service: No active wlan interfaces in use! Using default
03-15 21:11:45.445  1829  1829 I wificond: Unsubscribe scan result for interface with index: 3
03-15 21:11:45.446  1831  1906 E OMXNodeInstance: getExtensionIndex(0xf2218c00:google.hevc.decoder, OMX.google.android.index.configureVideoTunnelMode) ERROR: UnsupportedIndex(0x8000101a)
03-15 21:11:45.446  1826  1950 D MediaCodecInfo: detail feature-tunneled-playback wasn't present to remove
03-15 21:11:45.446  1831  1906 E OMXNodeInstance: getExtensionIndex(0xf2218c00:google.hevc.decoder, OMX.google.android.index.enableAndroidNativeBuffers) ERROR: UnsupportedIndex(0x8000101a)
03-15 21:11:45.459  1826  1950 I OMXClient: IOmx service obtained
03-15 21:11:45.460  1831  1906 I OMXMaster: makeComponentInstance(OMX.google.mpeg4.decoder) in android.hardwar process
03-15 21:11:45.462  1831  1906 E OMXNodeInstance: getExtensionIndex(0xf2218c00:google.mpeg4.decoder, OMX.google.android.index.configureVideoTunnelMode) ERROR: UnsupportedIndex(0x8000101a)
03-15 21:11:45.462  1826  1950 D MediaCodecInfo: detail feature-tunneled-playback wasn't present to remove
03-15 21:11:45.463  1831  1906 E OMXNodeInstance: getExtensionIndex(0xf2218c00:google.mpeg4.decoder, OMX.google.android.index.enableAndroidNativeBuffers) ERROR: UnsupportedIndex(0x8000101a)
03-15 21:11:45.466  1826  1950 I OMXClient: IOmx service obtained
03-15 21:11:45.466  1831  1906 I OMXMaster: makeComponentInstance(OMX.google.vp8.decoder) in android.hardwar process
03-15 21:11:45.469  2032  2064 I chatty  : uid=1000(system) ActivityManager expire 1 line
03-15 21:11:45.478  2032  2332 I Telecom : BluetoothRouteManager: getBluetoothAudioConnectedDevice: no service available.
03-15 21:11:45.494  1751  1751 D Zygote  : Forked child process 2321
03-15 21:11:45.494  2172  2172 V SystemUIService: Starting SystemUI services for user 0.
03-15 21:11:45.497  2032  2063 W ActivityManager: Slow operation: 233ms so far, now at startProcess: returned from zygote!
03-15 21:11:45.498  2032  2063 W ActivityManager: Slow operation: 233ms so far, now at startProcess: done updating battery stats
03-15 21:11:45.498  2032  2063 W ActivityManager: Slow operation: 233ms so far, now at startProcess: building log message
03-15 21:11:45.498  2032  2063 I ActivityManager: Start proc 2321:com.android.settings/1000 for activity {com.android.settings/com.android.settings.FallbackHome}
03-15 21:11:45.498  2032  2063 W ActivityManager: Slow operation: 234ms so far, now at startProcess: starting to update pids map
03-15 21:11:45.498  2032  2063 W ActivityManager: Slow operation: 234ms so far, now at startProcess: done updating pids map
03-15 21:11:45.500  1777  1777 I android.hardware.wifi@1.0-service: Legacy HAL stop complete callback received
03-15 21:11:45.500  1777  1777 I android.hardware.wifi@1.0-service: Wifi HAL stopped
03-15 21:11:45.501  2032  2136 D WifiScanOnlyModeManager: expected stop, not triggering callbacks: state = 1
03-15 21:11:45.501  2032  2136 E WifiNative: Could not get Iface object for interface null
03-15 21:11:45.501  2032  2136 D WifiActiveModeWarden: State changed from client mode. state = 2
03-15 21:11:45.501  2032  2137 W HalDevMgr: isWifiStarted called but mWifi is null!?
03-15 21:11:45.501  2032  2136 I android_os_HwBinder: HwBinder: Starting thread pool for getting: android.hardware.wifi@1.0::IWifi/default
03-15 21:11:45.502  2172  2172 D SystemUIBootTiming: StartServicescom.android.systemui.Dependency$DependencyCreator took to complete: 7ms
03-15 21:11:45.503  1777  1777 I android.hardware.wifi@1.0-service: Wifi HAL started
03-15 21:11:45.503  2032  2136 I WifiVendorHal: Vendor Hal started successfully
03-15 21:11:45.503  2032  2137 I WifiP2pNative: Registering for interface available listener
03-15 21:11:45.504  2032  2137 I WifiP2pNative: Registering for interface available listener
03-15 21:11:45.504  2032  2137 D WifiP2pNative: P2P InterfaceAvailableListener true
03-15 21:11:45.504  2032  2137 D WifiP2pService: Wifi enabled=false, P2P Interface availability=true, Number of clients=0
03-15 21:11:45.504  2032  2137 D WifiP2pService: Wifi enabled=false, P2P Interface availability=true
03-15 21:11:45.504  2032  2136 I android_os_HwBinder: HwBinder: Starting thread pool for getting: android.hidl.manager@1.0::IServiceManager/default
03-15 21:11:45.504  1831  1906 E OMXNodeInstance: getExtensionIndex(0xf2218c00:google.vp8.decoder, OMX.google.android.index.configureVideoTunnelMode) ERROR: UnsupportedIndex(0x8000101a)
03-15 21:11:45.504  1826  1950 D MediaCodecInfo: detail feature-tunneled-playback wasn't present to remove
03-15 21:11:45.505  1831  1906 E OMXNodeInstance: getExtensionIndex(0xf2218c00:google.vp8.decoder, OMX.google.android.index.enableAndroidNativeBuffers) ERROR: UnsupportedIndex(0x8000101a)
03-15 21:11:45.505  1651  1651 I hwservicemanager: getTransport: Cannot find entry android.hardware.wifi.supplicant@1.1::ISupplicant/default in either framework or device manifest.
03-15 21:11:45.505  2032  2136 I SupplicantStaIfaceHal: Starting supplicant using init
03-15 21:11:45.505  2032  2032 I Telecom : SystemStateHelper: Registering car mode receiver: android.content.IntentFilter@52b01ee: TS.init@AAA
03-15 21:11:45.508  2172  2172 D SystemUIBootTiming: StartServicescom.android.systemui.util.NotificationChannels took to complete: 6ms
03-15 21:11:45.512  2172  2172 D SystemUIBootTiming: StartServicescom.android.systemui.statusbar.CommandQueue$CommandQueueStart took to complete: 4ms
03-15 21:11:45.513  1826  1950 I OMXClient: IOmx service obtained
03-15 21:11:45.514  1831  1906 I OMXMaster: makeComponentInstance(OMX.google.vp9.decoder) in android.hardwar process
03-15 21:11:45.516  1831  1906 E OMXNodeInstance: getExtensionIndex(0xf2218c00:google.vp9.decoder, OMX.google.android.index.configureVideoTunnelMode) ERROR: UnsupportedIndex(0x8000101a)
03-15 21:11:45.516  1826  1950 D MediaCodecInfo: detail feature-tunneled-playback wasn't present to remove
03-15 21:11:45.516  1831  1906 E OMXNodeInstance: getExtensionIndex(0xf2218c00:google.vp9.decoder, OMX.google.android.index.enableAndroidNativeBuffers) ERROR: UnsupportedIndex(0x8000101a)
03-15 21:11:45.522  2321  2321 W ndroid.setting: Unexpected CPU variant for X86 using defaults: x86_64
03-15 21:11:45.533  1826  1950 I OMXClient: IOmx service obtained
03-15 21:11:45.533  1831  1906 I OMXMaster: makeComponentInstance(OMX.google.h264.encoder) in android.hardwar process
03-15 21:11:45.534  2032  2347 I Telecom : Logging.Events: Non-call EVENT: AUDIO_ROUTE, Entering state QuiescentSpeakerRoute
03-15 21:11:45.534  2032  2347 I Telecom : BluetoothRouteManager: getBluetoothAudioConnectedDevice: no service available.
03-15 21:11:45.542  1826  1950 W OMXUtils: do not know color format 0x7f000789 = 2130708361
03-15 21:11:45.546  2032  2348 I Telecom : CallAudioModeStateMachine: Message received: null.: TS.init->CAMSM.pM_1@AAA
03-15 21:11:45.548  2293  2293 I m.android.phon: The ClassLoaderContext is a special shared library.
03-15 21:11:45.549  2172  2172 V MediaRouter: Selecting route: RouteInfo{ name=Phone, description=null, status=null, category=RouteCategory{ name=System types=ROUTE_TYPE_LIVE_AUDIO ROUTE_TYPE_LIVE_VIDEO  groupable=false }, supportedTypes=ROUTE_TYPE_LIVE_AUDIO ROUTE_TYPE_LIVE_VIDEO , presentationDisplay=null }
03-15 21:11:45.550  1826  1950 I OMXClient: IOmx service obtained
03-15 21:11:45.550  1831  1906 I OMXMaster: makeComponentInstance(OMX.google.h263.encoder) in android.hardwar process
03-15 21:11:45.551  2032  2032 I Telecom : MissedCallNotifierImpl: reloadFromDatabase: Boot not yet complete -- call log db may not be available. Deferring loading until boot complete for user 0: TS.init@AAA
03-15 21:11:45.554  2032  2032 E BluetoothAdapter: Bluetooth binder is null
03-15 21:11:45.555  2032  2032 I Telecom : Class: TelecomSystem.INSTANCE being set
03-15 21:11:45.556  2032  2032 W Looper  : Slow dispatch took 178ms main h=android.app.ActivityThread$H c=null m=121
03-15 21:11:45.556  2032  2032 V SettingsProvider: Notifying for 0: content://settings/global/adb_enabled
03-15 21:11:45.557  2032  2032 D PackageWatchdog: Getting all observed packages pending health checks
03-15 21:11:45.557  2032  2032 I PackageWatchdog: Syncing health check requests for packages: {}
03-15 21:11:45.557  2032  2032 I ExplicitHealthCheckController: Service not ready to get health check supported packages. Binding...
03-15 21:11:45.556  2032  2032 E BluetoothAdapter: Bluetooth binder is null
03-15 21:11:45.557  1831  1906 I SoftMPEG4Encoder: Construct SoftMPEG4Encoder
03-15 21:11:45.558  2032  2032 I ExplicitHealthCheckController: Explicit health check service is bound
03-15 21:11:45.558  2032  2032 V SettingsProvider: Notifying for 0: content://settings/global/boot_count
03-15 21:11:45.559  2032  2032 V SettingsProvider: Notifying for 0: content://settings/secure/location_providers_allowed
03-15 21:11:45.559  2032  2032 E WiredAccessoryManager: No state change.
03-15 21:11:45.562  2293  2293 I m.android.phon: The ClassLoaderContext is a special shared library.
03-15 21:11:45.565  2032  2032 V NotificationListeners: enabling notification listener for 0: ComponentInfo{com.android.launcher3/com.android.launcher3.notification.NotificationListener}
03-15 21:11:45.565  2032  2032 V NotificationListeners: binding: Intent { act=android.service.notification.NotificationListenerService cmp=com.android.launcher3/.notification.NotificationListener (has extras) }
03-15 21:11:45.566  2032  2032 W ActivityManager: Unable to start service Intent { act=android.service.notification.NotificationListenerService cmp=com.android.launcher3/.notification.NotificationListener } U=0: not found
03-15 21:11:45.566  2032  2032 W NotificationListeners: Unable to bind notification listener service: Intent { act=android.service.notification.NotificationListenerService cmp=com.android.launcher3/.notification.NotificationListener (has extras) } in user 0
03-15 21:11:45.566  2032  2032 V NotificationAssistants: enabling notification assistant for 0: ComponentInfo{android.ext.services/android.ext.services.notification.Assistant}
03-15 21:11:45.566  2032  2032 V NotificationAssistants: binding: Intent { act=android.service.notification.NotificationAssistantService cmp=android.ext.services/.notification.Assistant (has extras) }
03-15 21:11:45.567  1826  1950 W OMXUtils: do not know color format 0x7f000789 = 2130708361
03-15 21:11:45.568  1831  1831 E OMXNodeInstance: getConfig(0xf2218c00:google.h263.encoder, ConfigAndroidIntraRefresh(0x6f60000a)) ERROR: Undefined(0x80001001)
03-15 21:11:45.568  1831  1831 E OMXNodeInstance: getParameter(0xf2218c00:google.h263.encoder, ParamVideoIntraRefresh(0x6000006)) ERROR: UnsupportedIndex(0x8000101a)
03-15 21:11:45.568  1826  1950 D MediaCodecInfo: detail feature-frame-parsing wasn't present to remove
03-15 21:11:45.571  1826  1950 I OMXClient: IOmx service obtained
03-15 21:11:45.571  1831  1831 I OMXMaster: makeComponentInstance(OMX.google.mpeg4.encoder) in android.hardwar process
03-15 21:11:45.571  1758  1916 W DeviceHAL: Error from HAL Device in function set_mic_mute: Function not implemented
03-15 21:11:45.571  1831  1831 I SoftMPEG4Encoder: Construct SoftMPEG4Encoder
03-15 21:11:45.572  1826  1950 W OMXUtils: do not know color format 0x7f000789 = 2130708361
03-15 21:11:45.572  1831  1831 E OMXNodeInstance: getConfig(0xf2218c00:google.mpeg4.encoder, ConfigAndroidIntraRefresh(0x6f60000a)) ERROR: Undefined(0x80001001)
03-15 21:11:45.572  1831  1831 E OMXNodeInstance: getParameter(0xf2218c00:google.mpeg4.encoder, ParamVideoIntraRefresh(0x6000006)) ERROR: UnsupportedIndex(0x8000101a)
03-15 21:11:45.572  1826  1950 D MediaCodecInfo: detail feature-frame-parsing wasn't present to remove
03-15 21:11:45.572  2032  2032 E AudioSystem-JNI: Command failed for android_media_AudioSystem_muteMicrophone: -38
03-15 21:11:45.577  1826  1950 I OMXClient: IOmx service obtained
03-15 21:11:45.577  1831  1831 I OMXMaster: makeComponentInstance(OMX.google.vp8.encoder) in android.hardwar process
03-15 21:11:45.582  1826  1950 W OMXUtils: do not know color format 0x7f000789 = 2130708361
03-15 21:11:45.582  1831  1831 E OMXNodeInstance: getConfig(0xf2218c00:google.vp8.encoder, ConfigAndroidIntraRefresh(0x6f60000a)) ERROR: Undefined(0x80001001)
03-15 21:11:45.582  1831  1831 E OMXNodeInstance: getParameter(0xf2218c00:google.vp8.encoder, ParamVideoIntraRefresh(0x6000006)) ERROR: UnsupportedIndex(0x8000101a)
03-15 21:11:45.582  1826  1950 D MediaCodecInfo: detail feature-frame-parsing wasn't present to remove
03-15 21:11:45.583  2293  2293 I m.android.phon: The ClassLoaderContext is a special shared library.
03-15 21:11:45.593  1826  1950 D MediaCodecList: ignored a null builder
03-15 21:11:45.595  2293  2293 D CarrierProvider: onCreate
03-15 21:11:45.599  2293  2293 D CarrierIdProvider: onCreate
03-15 21:11:45.599  2293  2293 D CarrierIdDatabaseHelper: CarrierIdDatabaseHelper: 5
03-15 21:11:45.610  2293  2293 D CarrierIdProvider: update database from pb file
03-15 21:11:45.620  2032  2196 I OMXClient: IOmx service obtained
03-15 21:11:45.628  1831  1831 I OMXMaster: makeComponentInstance(OMX.google.vorbis.decoder) in android.hardwar process
03-15 21:11:45.635  1831  1831 E OMXNodeInstance: getConfig(0xf2218c00:google.vorbis.decoder, ConfigAndroidVendorExtension(0x6f100004)) ERROR: Undefined(0x80001001)
03-15 21:11:45.643  2032  2032 V SettingsProvider: Notifying for 0: content://settings/secure/location_providers_allowed
03-15 21:11:45.645  2293  2293 E CarrierIdProvider: read carrier list from ota pb failure: java.io.FileNotFoundException: /data/misc/carrierid/carrier_list.pb: open failed: ENOENT (No such file or directory)
03-15 21:11:45.645  2293  2293 D CarrierIdProvider: latest version: 16777227 need update: false
03-15 21:11:45.648  2172  2172 D SystemUIBootTiming: StartServicescom.android.systemui.keyguard.KeyguardViewMediator took to complete: 136ms
03-15 21:11:45.651  2032  2032 I system_server: The ClassLoaderContext is a special shared library.
03-15 21:11:45.654  1751  1751 D Zygote  : Forked child process 2370
03-15 21:11:45.660  2032  2063 W ActivityManager: Slow operation: 103ms so far, now at startProcess: returned from zygote!
03-15 21:11:45.661  2032  2367 W InputReader: Device has associated, but no associated display id.
03-15 21:11:45.661  2032  2367 I chatty  : uid=1000(system) Binder:2032_5 identical 8 lines
03-15 21:11:45.661  2032  2367 W InputReader: Device has associated, but no associated display id.
03-15 21:11:45.663  2227  2227 I WebViewLoader-: System.exit called, status: 0
03-15 21:11:45.663  2227  2227 I AndroidRuntime: VM exiting with result code 0, cleanup skipped.
03-15 21:11:45.671  1752  1752 D Zygote  : Forked child process 2396
03-15 21:11:45.672  1751  1751 I Zygote  : Process 2227 exited cleanly (0)
03-15 21:11:45.674  2032  2176 W ZygoteProcess: Got error connecting to zygote, retrying. msg= Connection refused
03-15 21:11:45.675  2032  2063 W ActivityManager: Slow operation: 117ms so far, now at startProcess: done updating battery stats
03-15 21:11:45.675  2032  2063 W ActivityManager: Slow operation: 118ms so far, now at startProcess: building log message
03-15 21:11:45.675  2032  2063 I ActivityManager: Start proc 2370:android.ext.services/u0a56 for service {android.ext.services/android.ext.services.watchdog.ExplicitHealthCheckServiceImpl}
03-15 21:11:45.675  2032  2063 W ActivityManager: Slow operation: 118ms so far, now at startProcess: starting to update pids map
03-15 21:11:45.675  2172  2395 I OMXClient: IOmx service obtained
03-15 21:11:45.675  1831  1906 I OMXMaster: makeComponentInstance(OMX.google.vorbis.decoder) in android.hardwar process
03-15 21:11:45.678  1831  1831 E OMXNodeInstance: getConfig(0xf22192c0:google.vorbis.decoder, ConfigAndroidVendorExtension(0x6f100004)) ERROR: Undefined(0x80001001)
03-15 21:11:45.679  2032  2063 W ActivityManager: Slow operation: 120ms so far, now at startProcess: done updating pids map
03-15 21:11:45.680  2032  2367 I ActivityManager: Process WebViewLoader-x86_64 (pid 2227) has died: psvc PER 
03-15 21:11:45.681  2032  2064 I libprocessgroup: Successfully killed process cgroup uid 1037 pid 2227 in 0ms
03-15 21:11:45.682  2172  2172 D SystemUIBootTiming: StartServicescom.android.systemui.recents.Recents took to complete: 34ms
03-15 21:11:45.684  2172  2172 I vol.Events: writeEvent collection_started
03-15 21:11:45.686  2321  2321 I ndroid.setting: The ClassLoaderContext is a special shared library.
03-15 21:11:45.691  2032  2032 I system_server: The ClassLoaderContext is a special shared library.
03-15 21:11:45.697  2321  2321 I ndroid.setting: The ClassLoaderContext is a special shared library.
03-15 21:11:45.710  2370  2370 W id.ext.service: Unexpected CPU variant for X86 using defaults: x86_64
03-15 21:11:45.711  2396  2396 I WebViewZygoteInit: Starting WebViewZygoteInit
03-15 21:11:45.757  1651  1651 I hwservicemanager: getTransport: Cannot find entry android.hardware.radio@1.4::IRadio/slot1 in either framework or device manifest.
03-15 21:11:45.761  1651  1651 I hwservicemanager: getTransport: Cannot find entry android.hardware.radio@1.3::IRadio/slot1 in either framework or device manifest.
03-15 21:11:45.764  1651  1651 I hwservicemanager: getTransport: Cannot find entry android.hardware.radio@1.2::IRadio/slot1 in either framework or device manifest.
03-15 21:11:45.767  1651  1651 I hwservicemanager: getTransport: Cannot find entry android.hardware.radio@1.1::IRadio/slot1 in either framework or device manifest.
03-15 21:11:45.773  1751  1751 D Zygote  : Forked child process 2425
03-15 21:11:45.773  2293  2293 I android_os_HwBinder: HwBinder: Starting thread pool for getting: android.hardware.radio@1.0::IRadio/slot1
03-15 21:11:45.779  2425  2425 W droid.launcher: Unexpected CPU variant for X86 using defaults: x86_64
03-15 21:11:45.786  2343  2343 I wpa_supplicant: Processing hidl events on FD 3
03-15 21:11:45.787  2343  2343 I ServiceManagement: Registered android.hardware.wifi.supplicant@1.2::ISupplicant/default (start delay of 280ms)
03-15 21:11:45.787  2343  2343 I wpa_supplicant: Successfully initialized wpa_supplicant
03-15 21:11:45.792  2343  2343 I wpa_supplicant: rfkill: Cannot open RFKILL control device
03-15 21:11:45.793  1651  1651 I hwservicemanager: getTransport: Cannot find entry android.hardware.radio.deprecated@1.0::IOemHook/slot1 in either framework or device manifest.
03-15 21:11:45.801  2032  2063 W ActivityManager: Slow operation: 116ms so far, now at startProcess: returned from zygote!
03-15 21:11:45.803  2032  2053 D UsbDeviceManager: push notification:Charging this device via USB
03-15 21:11:45.803  2032  2032 D ConditionProviders.SCP: onSubscribe condition://android/schedule?days=1.2.3.4.5.6.7&start=22.0&end=7.0&exitAtAlarm=true
03-15 21:11:45.803  2032  2032 D ConditionProviders.SCP: setRegistered true
03-15 21:11:45.806  2032  2063 W ActivityManager: Slow operation: 127ms so far, now at startProcess: done updating battery stats
03-15 21:11:45.806  2032  2063 W ActivityManager: Slow operation: 127ms so far, now at startProcess: building log message
03-15 21:11:45.806  2032  2063 I ActivityManager: Start proc 2425:com.android.launcher3/u0a100 for service {com.android.launcher3/com.android.quickstep.TouchInteractionService}
03-15 21:11:45.806  2032  2063 W ActivityManager: Slow operation: 127ms so far, now at startProcess: starting to update pids map
03-15 21:11:45.807  2032  2063 W ActivityManager: Slow operation: 128ms so far, now at startProcess: done updating pids map
03-15 21:11:45.812  2293  2293 D TelephonyProvider: dbh.onOpen: ok, queried table=siminfo
03-15 21:11:45.812  2293  2293 D TelephonyProvider: dbh.onOpen: ok, queried table=carriers
03-15 21:11:45.818  2032  2146 E ActivityThread: Failed to find provider info for com.android.calendar
03-15 21:11:45.821  2032  2146 E ActivityThread: Failed to find provider info for com.android.calendar
03-15 21:11:45.824  2032  2032 D ConditionProviders.SCP: evaluateSubscriptionLocked cal=ScheduleCalendar[mDays={1, 2, 3, 4, 5, 6, 7}, mSchedule=ScheduleInfo{days=[1, 2, 3, 4, 5, 6, 7], startHour=22, startMinute=0, endHour=7, endMinute=0, exitAtAlarm=true, nextAlarm=Thu Jan 01 00:00:00 GMT 1970 (0)}], now=Sun Mar 15 21:11:45 GMT 2026 (1773609105803), nextUserAlarmTime=Thu Jan 01 00:00:00 GMT 1970 (0)
03-15 21:11:45.824  2032  2032 D ConditionProviders.SCP: notifyCondition condition://android/schedule?days=1.2.3.4.5.6.7&start=22.0&end=7.0&exitAtAlarm=true STATE_FALSE reason=!meetsSchedule
03-15 21:11:45.828  2032  2032 D ConditionProviders.SCP: Scheduling evaluate for Sun Mar 15 22:00:00 GMT 2026 (1773612000000), in +48m14s197ms, now=Sun Mar 15 21:11:45 GMT 2026 (1773609105803)
03-15 21:11:45.829  2032  2032 V FingerprintService: handleEnumeratedTemplate: 0
03-15 21:11:45.829  2032  2032 V FingerprintService: Matched: false
03-15 21:11:45.829  2032  2032 V FingerprintService: Done with client: android
03-15 21:11:45.829  2032  2032 V FingerprintService: clearEnumerateState()
03-15 21:11:45.836  2032  2032 I NetworkStackClient: Network stack service connected
03-15 21:11:45.839  2396  2396 I WebViewZygoteInit: Beginning application preload for com.android.webview
03-15 21:11:45.842  2396  2396 I webview_zygote: The ClassLoaderContext is a special shared library.
03-15 21:11:45.855  2370  2370 I id.ext.service: The ClassLoaderContext is a special shared library.
03-15 21:11:45.864  2032  2032 D WifiP2pService: Wifi enabled=false, P2P Interface availability=true
03-15 21:11:45.865  2032  2032 I Telecom : WiredHeadsetManager: ACTION_HEADSET_PLUG event, plugged in: false, : WHC.oADA@AAE
03-15 21:11:45.866  2032  2032 D MediaSessionService: Global priority session is changed from null to com.android.server.telecom/HeadsetMediaButton (userId=0)
03-15 21:11:45.868  2032  2032 I ContentSuggestionsManagerService: Updating for user 0: disabled=false
03-15 21:11:45.868  2032  2032 D AutofillManagerService: Restriction did not change for user 0
03-15 21:11:45.868  1659  1665 D vold    : Recognized experimental block major ID 253 as virtio-blk (emulator's virtual SD card device)
03-15 21:11:45.868  1659  1665 D vold    : /system/bin/sgdisk
03-15 21:11:45.868  1659  1665 D vold    :     --android-dump
03-15 21:11:45.868  1659  1665 D vold    :     /dev/block/vold/disk:253,80
03-15 21:11:45.879  2032  2457 I OMXClient: IOmx service obtained
03-15 21:11:45.880  2032  2032 W Looper  : Drained
03-15 21:11:45.880  1831  1903 I OMXMaster: makeComponentInstance(OMX.google.vorbis.decoder) in android.hardwar process
03-15 21:11:45.881  2343  2343 I wpa_supplicant: rfkill: Cannot get wiphy information
03-15 21:11:45.883  1831  1831 E OMXNodeInstance: getConfig(0xf2218c00:google.vorbis.decoder, ConfigAndroidVendorExtension(0x6f100004)) ERROR: Undefined(0x80001001)
03-15 21:11:45.883  2032  2071 I android_os_HwBinder: HwBinder: Starting thread pool for getting: android.hardware.wifi.supplicant@1.0::ISupplicant/default
03-15 21:11:45.884  2032  2071 I SupplicantStaIfaceHal: Completed initialization of ISupplicant.
03-15 21:11:45.891  2396  2396 I WebViewZygoteInit: Application preload done
03-15 21:11:45.902  1777  1777 I android.hardware.wifi@1.0-service: Adding interface handle for wlan0
03-15 21:11:45.902  1777  1777 W android.hardware.wifi@1.0-service: No active wlan interfaces in use! Using default
03-15 21:11:45.902  1777  1777 E android.hardware.wifi@1.0-service: Failed to register radio mode change callback
03-15 21:11:45.902  1777  1777 W android.hardware.wifi@1.0-service: No active wlan interfaces in use! Using default
03-15 21:11:45.913  1777  1777 W libc    : Unable to set property "vendor.wlan.firmware.version" to "1.0": error code: 0x18
03-15 21:11:45.920  1777  1777 W libc    : Unable to set property "vendor.wlan.driver.version" to "1.0": error code: 0x18
03-15 21:11:45.920  1777  1777 I android.hardware.wifi@1.0-service: Configured chip in mode 0
03-15 21:11:45.920  1777  1777 W android.hardware.wifi@1.0-service: No active wlan interfaces in use! Using default
03-15 21:11:45.921  2032  2136 D HalDevMgr: updateRttController: no one is interested in RTT controllers
03-15 21:11:45.921  1777  1777 E android.hardware.wifi@1.0-service: Failed to set DFS flag; DFS channels may be unavailable.
03-15 21:11:45.924  2032  2032 I ExplicitHealthCheckController: Explicit health check service is connected ComponentInfo{android.ext.services/android.ext.services.watchdog.ExplicitHealthCheckServiceImpl}
03-15 21:11:45.928  2172  2408 I vol.Events: writeEvent level_changed STREAM_VOICE_CALL 1
03-15 21:11:45.931  2172  2408 I vol.Events: writeEvent level_changed STREAM_SYSTEM 5
03-15 21:11:45.932  2032  2032 I ExplicitHealthCheckController: Service initialized, syncing requests
03-15 21:11:45.932  2032  2032 D PackageWatchdog: Getting all observed packages pending health checks
03-15 21:11:45.932  2032  2032 I PackageWatchdog: Syncing health check requests for packages: {}
03-15 21:11:45.932  2032  2032 D ExplicitHealthCheckController: Getting health check supported packages
03-15 21:11:45.937  1797  1975 E SurfaceFlinger: ro.sf.lcd_density must be defined as a build property
03-15 21:11:45.937  1797  1891 E SurfaceFlinger: ro.sf.lcd_density must be defined as a build property
03-15 21:11:45.940  2172  2408 I vol.Events: writeEvent level_changed STREAM_RING 5
03-15 21:11:45.944  2172  2408 I vol.Events: writeEvent level_changed STREAM_MUSIC 5
03-15 21:11:45.947  2172  2408 I vol.Events: writeEvent level_changed STREAM_ALARM 6
03-15 21:11:45.948  2032  2136 D WificondControl: Setting up interface for client mode
03-15 21:11:45.949  1659  1665 D vold    : DISK mbr
03-15 21:11:45.949  1659  1665 D vold    : 
03-15 21:11:45.949  1659  1665 W vold    : disk:253,80 has unknown partition table; trying entire device
03-15 21:11:45.949  1659  1665 D vold    : /system/bin/blkid
03-15 21:11:45.949  1659  1665 D vold    :     -c
03-15 21:11:45.949  1659  1665 D vold    :     /dev/null
03-15 21:11:45.949  1659  1665 D vold    :     -s
03-15 21:11:45.949  1659  1665 D vold    :     TYPE
03-15 21:11:45.949  1659  1665 D vold    :     -s
03-15 21:11:45.949  1659  1665 D vold    :     UUID
03-15 21:11:45.949  1659  1665 D vold    :     -s
03-15 21:11:45.949  1659  1665 D vold    :     LABEL
03-15 21:11:45.949  1659  1665 D vold    :     /dev/block/vold/disk:253,80
03-15 21:11:45.949  2321  2478 D libEGL  : Emulator has host GPU support, qemu.gles is set to 1.
03-15 21:11:45.952  1829  1829 I wificond: create scanner for interface with index: 3
03-15 21:11:45.952  1829  1829 I wificond: subscribe scan result for interface with index: 3
03-15 21:11:45.952  1651  1651 I hwservicemanager: getTransport: Cannot find entry android.hardware.wifi.offload@1.0::IOffload/default in either framework or device manifest.
03-15 21:11:45.953  2172  2408 I vol.Events: writeEvent level_changed STREAM_BLUETOOTH_SCO 7
03-15 21:11:45.958  1829  1829 E wificond: No Offload Service available
03-15 21:11:45.958  1829  1829 I wificond: Offload HAL not supported 
03-15 21:11:45.958  2321  2478 W libc    : Unable to set property "qemu.gles" to "1": error code: 0x18
03-15 21:11:45.959  2032  2136 E SupplicantStaIfaceHal: Can't call setupIface, ISupplicantStaIface is null
03-15 21:11:45.959  2172  2172 D SystemUIBootTiming: StartServicescom.android.systemui.volume.VolumeUI took to complete: 277ms
03-15 21:11:45.959  1651  1651 I hwservicemanager: getTransport: Cannot find entry android.hardware.wifi.supplicant@1.1::ISupplicant/default in either framework or device manifest.
03-15 21:11:45.962  1651  1651 I hwservicemanager: getTransport: Cannot find entry android.hardware.wifi.supplicant@1.2::ISupplicant/default in either framework or device manifest.
03-15 21:11:45.963  1651  1651 I hwservicemanager: getTransport: Cannot find entry android.hardware.wifi.supplicant@1.1::ISupplicant/default in either framework or device manifest.
03-15 21:11:45.967  1750  1939 I netd    : interfaceGetCfg("wlan0") <0.10ms>
03-15 21:11:45.967  2032  2136 I WifiNative: Interface state changed on Iface:{Name=wlan0,Id=1,Type=STA_CONNECTIVITY}, isUp=true
03-15 21:11:45.967  1750  1939 I netd    : interfaceClearAddrs("wlan0") <0.10ms>
03-15 21:11:45.968  1750  1939 I netd    : interfaceSetIPv6PrivacyExtensions("wlan0", "true") <0.04ms>
03-15 21:11:45.968  1750  1939 I netd    : interfaceSetEnableIPv6("wlan0", "false") <0.10ms>
03-15 21:11:45.969  2032  2136 I WifiNative: Successfully setup Iface:{Name=wlan0,Id=1,Type=STA_CONNECTIVITY}
03-15 21:11:45.969  1651  1651 I hwservicemanager: getTransport: Cannot find entry android.hardware.wifi.supplicant@1.2::ISupplicant/default in either framework or device manifest.
03-15 21:11:45.969  2032  2136 E SupplicantStaIfaceHal: Method getKeyMgmtCapabilities is not supported in existing HAL
03-15 21:11:45.971  2032  2136 D WifiClientModeManager: entering StartedState
03-15 21:11:45.971  1750  1939 I netd    : interfaceGetCfg("wlan0") <0.12ms>
03-15 21:11:45.971  2032  2136 D WifiClientModeManager: Wifi is ready to use for client mode
03-15 21:11:45.971  2172  2408 I vol.Events: writeEvent zen_mode_config_changed [disallowAlarms=false disallowMedia=false disallowSystem=true disallowRinger=false]
03-15 21:11:45.972  2032  2136 D WifiActiveModeWarden: State changed from client mode. state = 3
03-15 21:11:45.972  2032  2136 D WifiActiveModeWarden: client mode active
03-15 21:11:45.972  2032  2136 D WifiScanRequestProxy: Sending scan available broadcast: true
03-15 21:11:45.972  2032  2138 E WifiVendorHal: getBgScanCapabilities(l.630) failed {.code = ERROR_NOT_SUPPORTED, .description = }
03-15 21:11:45.972  2032  2136 I WifiScanRequestProxy: Scanning is enabled
03-15 21:11:45.972  2032  2136 I WifiScanRequestProxy: Scanning for hidden networks is enabled
03-15 21:11:45.973  2032  2136 D WifiClientModeImpl: entering ConnectModeState: ifaceName = wlan0
03-15 21:11:45.973  2032  2136 D WifiClientModeImpl: setupClientMode() ifacename = wlan0
03-15 21:11:45.973  2032  2032 D WifiP2pService: Wifi enabled=true, P2P Interface availability=true, Number of clients=0
03-15 21:11:45.973  2032  2032 D WifiP2pService: Wifi enabled=true, P2P Interface availability=true
03-15 21:11:45.975  2032  2138 I WifiScanningService: wifi driver loaded with scan capabilities: max buckets=16
03-15 21:11:45.976  2032  2032 V NotificationAssistants: 0 notification assistant service connected: ComponentInfo{android.ext.services/android.ext.services.notification.Assistant}
03-15 21:11:45.976  1659  1665 D vold    : /dev/block/vold/disk:253,80: LABEL="SDCARD" UUID="0000-0000" TYPE="vfat" 
03-15 21:11:45.976  1659  1665 D vold    : 
03-15 21:11:45.978  1659  1665 D vold    : /system/bin/blkid
03-15 21:11:45.978  1659  1665 D vold    :     -c
03-15 21:11:45.978  1659  1665 D vold    :     /dev/null
03-15 21:11:45.978  1659  1665 D vold    :     -s
03-15 21:11:45.978  1659  1665 D vold    :     TYPE
03-15 21:11:45.978  1659  1665 D vold    :     -s
03-15 21:11:45.978  1659  1665 D vold    :     UUID
03-15 21:11:45.978  1659  1665 D vold    :     -s
03-15 21:11:45.978  1659  1665 D vold    :     LABEL
03-15 21:11:45.978  1659  1665 D vold    :     /dev/block/vold/public:253,80
03-15 21:11:45.980  2032  2328 I ExplicitHealthCheckController: Explicit health check supported packages [PackageConfig{com.android.networkstack, 3600000}]
03-15 21:11:45.980  2032  2328 D PackageWatchdog: Received supported packages [PackageConfig{com.android.networkstack, 3600000}]
03-15 21:11:45.980  2032  2328 D ExplicitHealthCheckController: Getting health check requested packages
03-15 21:11:45.981  1750  1939 W ServiceManager: Permission failure: android.permission.NETWORK_STACK from uid=1073 pid=2253
03-15 21:11:45.981  1750  1939 I netd    : interfaceSetEnableIPv6("wlan0", "false") <0.30ms>
03-15 21:11:45.982  1750  1939 W ServiceManager: Permission failure: android.permission.NETWORK_STACK from uid=1073 pid=2253
03-15 21:11:45.982  1750  1939 I netd    : interfaceClearAddrs("wlan0") <0.42ms>
03-15 21:11:45.982  2370  2486 D ExtAssistant: File doesn't exist or isn't readable yet
03-15 21:11:45.985  2032  2136 D WifiClientModeImpl: Setting OUI to DA-A1-19
03-15 21:11:45.985  2032  2136 D WifiCountryCode: updateCountryCode to null
03-15 21:11:45.986  2032  2136 I WifiVendorHal: Driver: 1.0 Firmware: 1.0
03-15 21:11:45.988  2032  2136 E SupplicantStaIfaceHal: ISupplicantStaIface.setPowerSave failed: {.code = FAILURE_UNKNOWN, .debugMessage = }
03-15 21:11:45.988  2032  2055 I DropBoxManagerService: add tag=system_app_strictmode isTagEnabled=true flags=0x2
03-15 21:11:45.990  2032  2488 I OMXClient: IOmx service obtained
03-15 21:11:45.990  1831  2469 I OMXMaster: makeComponentInstance(OMX.google.vorbis.decoder) in android.hardwar process
03-15 21:11:45.990  2032  2136 D WakeupController: reset()
03-15 21:11:45.990  2032  2136 D WakeupController: Setting active to false
03-15 21:11:45.990  2032  2136 E WifiConfigManager: Cannot save to store before store is read!
03-15 21:11:45.990  1797  1891 E SurfaceFlinger: ro.sf.lcd_density must be defined as a build property
03-15 21:11:45.990  2032  2136 I WifiClientModeImpl: disconnectedstate enter
03-15 21:11:45.990  1797  1891 E SurfaceFlinger: ro.sf.lcd_density must be defined as a build property
03-15 21:11:45.991  1831  2469 E OMXNodeInstance: getConfig(0xf2218c00:google.vorbis.decoder, ConfigAndroidVendorExtension(0x6f100004)) ERROR: Undefined(0x80001001)
03-15 21:11:45.993  2032  2328 I ExplicitHealthCheckController: Explicit health check requested packages []
03-15 21:11:45.993  2032  2328 I ExplicitHealthCheckController: No more health check requests, unbinding...
03-15 21:11:45.997  2172  2482 I OMXClient: IOmx service obtained
03-15 21:11:45.997  1831  2406 I OMXMaster: makeComponentInstance(OMX.google.vorbis.decoder) in android.hardwar process
03-15 21:11:46.000  2032  2328 I ExplicitHealthCheckController: Explicit health check service is unbound
03-15 21:11:46.003  1831  2406 E OMXNodeInstance: getConfig(0xf22192c0:google.vorbis.decoder, ConfigAndroidVendorExtension(0x6f100004)) ERROR: Undefined(0x80001001)
03-15 21:11:46.004  2172  2172 D SystemUIBootTiming: StartServicescom.android.systemui.stackdivider.Divider took to complete: 45ms
03-15 21:11:46.013  2425  2425 I droid.launcher: The ClassLoaderContext is a special shared library.
03-15 21:11:46.013  2172  2172 I FalsingManagerPlugin: xdpi, ydpi: 440.0, 440.0
03-15 21:11:46.013  2172  2172 I FalsingManagerPlugin: width, height: 1080, 2148
03-15 21:11:46.017  2032  2144 D NotificationSQLiteLog: Pruned event entries: 0
03-15 21:11:46.017  2032  2055 I DropBoxManagerService: add tag=system_app_strictmode isTagEnabled=true flags=0x2
03-15 21:11:46.024  2425  2425 W ContextImpl: Failed to ensure /data/user/0/com.android.launcher3/cache: mkdir failed: ENOENT (No such file or directory)
03-15 21:11:46.025  2425  2425 W ContextImpl: Failed to update user.inode_cache: stat failed: ENOENT (No such file or directory)
03-15 21:11:46.045  2321  2478 D libEGL  : loaded /vendor/lib64/egl/libEGL_emulation.so
03-15 21:11:46.046  2321  2478 D libEGL  : loaded /vendor/lib64/egl/libGLESv1_CM_emulation.so
03-15 21:11:46.046  2321  2478 D libEGL  : loaded /vendor/lib64/egl/libGLESv2_emulation.so
03-15 21:11:46.080  2321  2472 D HostConnection: HostConnection::get() New Host Connection established 0x737be9de2ca0, tid 2472
03-15 21:11:46.081  2425  2425 D TouchInteractionService: Touch service connected
03-15 21:11:46.123  2321  2472 D HostConnection: HostComposition ext ANDROID_EMU_CHECKSUM_HELPER_v1 ANDROID_EMU_native_sync_v2 ANDROID_EMU_native_sync_v3 ANDROID_EMU_native_sync_v4 ANDROID_EMU_dma_v1 ANDROID_EMU_direct_mem ANDROID_EMU_host_composition_v1 ANDROID_EMU_host_composition_v2 ANDROID_EMU_vulkan ANDROID_EMU_deferred_vulkan_commands ANDROID_EMU_vulkan_create_resources_with_requirements ANDROID_EMU_vulkan_free_memory_sync ANDROID_EMU_vulkan_shader_float16_int8 ANDROID_EMU_vulkan_async_queue_submit ANDROID_EMU_sync_buffer_data ANDROID_EMU_vulkan_async_qsri ANDROID_EMU_hwc_color_transform GL_OES_vertex_array_object GL_KHR_texture_compression_astc_ldr ANDROID_EMU_host_side_tracing ANDROID_EMU_gles_max_version_2 
03-15 21:11:46.125  2032  2503 I OMXClient: IOmx service obtained
03-15 21:11:46.125  1831  1903 I OMXMaster: makeComponentInstance(OMX.google.vorbis.decoder) in android.hardwar process
03-15 21:11:46.128  1831  1903 E OMXNodeInstance: getConfig(0xf2218c00:google.vorbis.decoder, ConfigAndroidVendorExtension(0x6f100004)) ERROR: Undefined(0x80001001)
03-15 21:11:46.131  2321  2472 W OpenGLRenderer: Failed to choose config with EGL_SWAP_BEHAVIOR_PRESERVED, retrying without...
03-15 21:11:46.144  2321  2472 D EGL_emulation: eglCreateContext: 0x737be9de3100: maj 2 min 0 rcv 2
03-15 21:11:46.196  1817  1817 D incidentd: WorkDirectory::getReports
03-15 21:11:46.234  2172  2508 I OMXClient: IOmx service obtained
03-15 21:11:46.234  1831  1903 I OMXMaster: makeComponentInstance(OMX.google.vorbis.decoder) in android.hardwar process
03-15 21:11:46.236  1831  1903 E OMXNodeInstance: getConfig(0xf22193e0:google.vorbis.decoder, ConfigAndroidVendorExtension(0x6f100004)) ERROR: Undefined(0x80001001)
03-15 21:11:46.249  2321  2472 D EGL_emulation: eglMakeCurrent: 0x737be9de3100: ver 2 0 (tinfo 0x737c7b5a41e0)
03-15 21:11:46.300  2032  2045 I system_server: NativeAlloc concurrent copying GC freed 53071(3642KB) AllocSpace objects, 19(764KB) LOS objects, 42% free, 5847KB/10233KB, paused 1.092ms total 240.825ms
03-15 21:11:46.301  2032  2046 W JHwRemoteBinder: BinderProxy is being destroyed but the application did not call unlinkToDeath to unlink all of its death recipients beforehand.  Releasing leaked death recipient: com.android.server.wifi.-$$Lambda$HalDeviceManager$jNAzj5YlVhwJm5NjZ6HiKskQStI
03-15 21:11:46.302  2172  2172 V WifiManager: registerTrafficStateCallback: callback=com.android.systemui.statusbar.policy.WifiSignalController$WifiTrafficStateCallback@524bbd, handler=null
03-15 21:11:46.116  2032  2055 I chatty  : uid=1000(system) android.io identical 3 lines
03-15 21:11:46.122  2032  2055 I DropBoxManagerService: add tag=system_app_strictmode isTagEnabled=true flags=0x2
03-15 21:11:46.316  2032  2502 D ConnectivityService: requestNetwork for uid/pid:10102/2172 NetworkRequest [ TRACK_DEFAULT id=13, [ Capabilities: INTERNET&NOT_RESTRICTED&TRUSTED Uid: 10102] ]
03-15 21:11:46.326  1659  1665 D vold    : /dev/block/vold/public:253,80: LABEL="SDCARD" UUID="0000-0000" TYPE="vfat" 
03-15 21:11:46.326  1659  1665 D vold    : 
03-15 21:11:46.328  1659  1665 D vold    : /system/bin/fsck_msdos
03-15 21:11:46.328  1659  1665 D vold    :     -p
03-15 21:11:46.328  1659  1665 D vold    :     -f
03-15 21:11:46.328  1659  1665 D vold    :     -y
03-15 21:11:46.328  1659  1665 D vold    :     /dev/block/vold/public:253,80
03-15 21:11:46.382  1768  1768 D gralloc_ranchu: gralloc_alloc: Creating ashmem region of size 9850880
03-15 21:11:46.410  2032  2515 I OMXClient: IOmx service obtained
03-15 21:11:46.410  1831  2406 I OMXMaster: makeComponentInstance(OMX.google.vorbis.decoder) in android.hardwar process
03-15 21:11:46.414  1831  2406 E OMXNodeInstance: getConfig(0xf2218c00:google.vorbis.decoder, ConfigAndroidVendorExtension(0x6f100004)) ERROR: Undefined(0x80001001)
03-15 21:11:46.414  1651  1651 I hwservicemanager: getTransport: Cannot find entry android.hardware.graphics.mapper@3.0::IMapper/default in either framework or device manifest.
03-15 21:11:46.415  2321  2472 W Gralloc3: mapper 3.x is not supported
03-15 21:11:46.418  2321  2472 D HostConnection: createUnique: call
03-15 21:11:46.431  2293  2293 W SystemConfig: No directory /product/etc/sysconfig, skipping
03-15 21:11:46.432  2293  2293 W SystemConfig: No directory /product_services/etc/sysconfig, skipping
03-15 21:11:46.432  2293  2293 W SystemConfig: No directory /product_services/etc/permissions, skipping
03-15 21:11:46.446  2321  2472 D HostConnection: HostConnection::get() New Host Connection established 0x737be9de3240, tid 2472
03-15 21:11:46.456  2321  2472 D HostConnection: HostComposition ext ANDROID_EMU_CHECKSUM_HELPER_v1 ANDROID_EMU_native_sync_v2 ANDROID_EMU_native_sync_v3 ANDROID_EMU_native_sync_v4 ANDROID_EMU_dma_v1 ANDROID_EMU_direct_mem ANDROID_EMU_host_composition_v1 ANDROID_EMU_host_composition_v2 ANDROID_EMU_vulkan ANDROID_EMU_deferred_vulkan_commands ANDROID_EMU_vulkan_create_resources_with_requirements ANDROID_EMU_vulkan_free_memory_sync ANDROID_EMU_vulkan_shader_float16_int8 ANDROID_EMU_vulkan_async_queue_submit ANDROID_EMU_sync_buffer_data ANDROID_EMU_vulkan_async_qsri ANDROID_EMU_hwc_color_transform GL_OES_vertex_array_object GL_KHR_texture_compression_astc_ldr ANDROID_EMU_host_side_tracing ANDROID_EMU_gles_max_version_2 
03-15 21:11:46.462  2321  2472 D eglCodecCommon: allocate: Ask for block of size 0x1000
03-15 21:11:46.463  2321  2472 D eglCodecCommon: allocate: ioctl allocate returned offset 0x3ffff6000 size 0x2000
03-15 21:11:46.465  2293  2293 D PhoneSwitcherNetworkRequstListener: Registering NetworkFactory
03-15 21:11:46.470  2032  2139 D ConnectivityService: Got NetworkFactory Messenger for PhoneSwitcherNetworkRequstListener
03-15 21:11:46.480  1768  1768 D gralloc_ranchu: gralloc_alloc: Creating ashmem region of size 9850880
03-15 21:11:46.507  2321  2472 D EGL_emulation: eglMakeCurrent: 0x737be9de3100: ver 2 0 (tinfo 0x737c7b5a41e0)
03-15 21:11:46.516  1768  1768 D gralloc_ranchu: gralloc_alloc: Creating ashmem region of size 9850880
03-15 21:11:46.626  2032  2139 D ConnectivityService: Got NetworkFactory Messenger for TelephonyNetworkFactory[0]
