03-18 16:18:55.826  4621  4621 D nativeloader:   com_android_nfcservices: libnfc_nci_jni.so
03-18 16:18:55.826  4621  4621 D nativeloader:   com_android_ondevicepersonalization: libfcp_cpp_dep_jni.so:libfcp_hpke_jni.so
03-18 16:18:55.826  4621  4621 D nativeloader:   com_android_os_statsd: libstats_jni.so
03-18 16:18:55.826  4621  4621 D nativeloader:   com_android_tethering: libandroid_net_connectivity_com_android_net_module_util_jni.so:libandroid_net_connectivity_com_android_net_module_util_jni_CommonConnectivityJni.so:libframework-connectivity-jni.so:libframework-connectivity-tiramisu-jni.so:libmainlinecronet.141.0.7340.3.so:libservice-connectivity.so:libservice-thread-jni.so:stable_cronet_libcrypto.so:stable_cronet_libssl.so
03-18 16:18:55.826  4621  4621 D nativeloader:   com_android_uwb: libuwb_uci_jni_rust.so
03-18 16:18:55.826  4621  4621 D nativeloader:   com_android_virt: libvirtualizationservice_jni.so:libvirtualmachine_jni.so
03-18 16:18:55.826  4621  4621 D nativeloader:   com_android_wifi: lib
03-18 16:18:55.835   806  1504 E RoleControllerServiceImpl: Default/fallback role holder package doesn't qualify for the role, package: com.google.android.gms, role: android.app.role.WALLET, user: 0
03-18 16:18:55.838  4621  4621 V GraphicsEnvironment: Currently set values for:
03-18 16:18:55.838  4621  4621 V GraphicsEnvironment:   angle_gl_driver_selection_pkgs=[]
03-18 16:18:55.838  4621  4621 V GraphicsEnvironment:   angle_gl_driver_selection_values=[]
03-18 16:18:55.838  4621  4621 V GraphicsEnvironment: com.android.nfc is not listed in per-application setting
03-18 16:18:55.838  4621  4621 V GraphicsEnvironment: ANGLE allowlist from config: com.dreamgames.royalmatch com.dts.freefiremax com.dxx.firenow com.gramgames.mergedragons com.ludo.king com.mojang.minecraftpe com.my.defense com.nintendo.zaka com.os.airforce com.playrix.fishdomdd.gplay io.teslatech.callbreak jp.konami.prospia net.peakgames.toonblast
03-18 16:18:55.838  2272  4344 I PlayCore: UID: [10153]  PID: [2272] StandardIntegrity : Initiate binding to the service.
03-18 16:18:55.838  4621  4621 V GraphicsEnvironment: No special selections for ANGLE, returning default driver choice
03-18 16:18:55.839  4621  4621 V GraphicsEnvironment: Neither updatable production driver nor prerelease driver is supported.
03-18 16:18:55.848   806  1504 W SignedPackage: Cannot get ApplicationInfo for package: com.google.android.devicelockcontroller
03-18 16:18:55.849  4622  4622 D nativeloader: Configuring clns-shared-9 for other apk /system/priv-app/DynamicSystemInstallationService/DynamicSystemInstallationService.apk. target_sdk_version=36, uses_libraries=, library_path=/system/priv-app/DynamicSystemInstallationService/lib/x86_64:/system/priv-app/DynamicSystemInstallationService/DynamicSystemInstallationService.apk!/lib/x86_64:/system/lib64:/system_ext/lib64, permitted_path=/data:/mnt/expand:/data/user/0/com.android.dynsystem:/system/priv-app/DynamicSystemInstallationService:/system/lib64:/system_ext/lib64
03-18 16:18:55.851  3492  3601 I DialerLoggingConsentCheckerImpl: com.google.android.dialershared.logging.consent.impl.LoggingConsentCheckerImpl.getConsent:72 timer stop with success, timer present: false
03-18 16:18:55.853  2041  2063 W FuseDaemon: Suspending all threads took: 27.150ms
03-18 16:18:55.856  1654  1701 D AlphabeticIndexCompat: computeSectionName: cs: Play Store sectionName: P
03-18 16:18:55.858  1654  1654 D AllAppsStore: setApps: apps.length=19
03-18 16:18:55.858  1654  1654 D AllAppsStore: notifyUpdate: notifying listeners
03-18 16:18:55.858  1654  1654 D ActivityAllAppsContainerView: onAppsUpdated; number of apps: 19
03-18 16:18:55.858  1654  1654 D ActivityAllAppsContainerView: rebindAdapters: force: false
03-18 16:18:55.858  1654  1654 D ActivityAllAppsContainerView: rebindAdapters: Not needed.
03-18 16:18:55.858  1654  1654 D StatsLog: LAUNCHER_ALLAPPS_COUNT
03-18 16:18:55.874  3492  3586 D WM-GreedyScheduler: Cancelling work ID 54b303fb-1e7c-4695-a0be-15f3abca0e38
03-18 16:18:55.877  3492  3586 D WM-GreedyScheduler: Ignoring {WorkSpec: 8dfff938-bb62-470c-a481-afb67b92183e}. Requires device idle.
03-18 16:18:55.877  3492  3586 D WM-GreedyScheduler: Ignoring {WorkSpec: 789adfd4-e669-4b44-b4cf-6e81aef799ca}. Requires device idle.
03-18 16:18:55.877  3492  3586 D WM-GreedyScheduler: Ignoring {WorkSpec: 95e039d7-520a-44a2-a498-5da0fbf438fc}. Requires device idle.
03-18 16:18:55.877  3492  3586 D WM-GreedyScheduler: Ignoring {WorkSpec: 0476645f-d16c-41d8-97aa-1f16fbdabd57}. Requires device idle.
03-18 16:18:55.877  3492  3586 D WM-GreedyScheduler: Ignoring {WorkSpec: 97aafbca-580b-4703-8357-5435fd3692a5}. Requires device idle.
03-18 16:18:55.878  1561  1561 E SmsApplication: com.google.android.apps.messaging lost android:read_cell_broadcasts:  (fixing)
03-18 16:18:55.878   806  1960 W AppOpService: Ignored setUidMode call for runtime permission app op: uid = 10154, code = READ_CELL_BROADCASTS, mode = allow, callingUid = 1001, oldMode = allow
03-18 16:18:55.878  4621  4621 D NfcMigrationBootCompletedReceiver: onReceive: Intent { act=android.intent.action.BOOT_COMPLETED flg=0x89000010 cmp=com.android.nfc/.NfcMigrationBootCompleteReceiver (has extras) }
03-18 16:18:55.880  3492  3586 D WM-GreedyScheduler: Ignoring {WorkSpec: 8e7f640c-a571-4197-ac51-37c71a7f884d}. Requires device idle.
03-18 16:18:55.884  1654  1654 D AlphabeticalAppsList: Clearing FastScrollerSections.
03-18 16:18:55.884  1654  1654 D AlphabeticalAppsList: Adding apps with sections. HasPrivateApps: false
03-18 16:18:55.884  1654  1654 D AlphabeticalAppsList: addAppsWithSections: adding sectionName: C with appInfoTitle: Calendar
03-18 16:18:55.884  1654  1654 D AlphabeticalAppsList: addAppsWithSections: adding sectionName: D with appInfoTitle: Drive
03-18 16:18:55.884  1654  1654 D AlphabeticalAppsList: addAppsWithSections: adding sectionName: F with appInfoTitle: Files
03-18 16:18:55.884  1654  1654 D AlphabeticalAppsList: addAppsWithSections: adding sectionName: G with appInfoTitle: Gmail
03-18 16:18:55.884  1654  1654 D AlphabeticalAppsList: addAppsWithSections: adding sectionName: M with appInfoTitle: Maps
03-18 16:18:55.884  1654  1654 D AlphabeticalAppsList: addAppsWithSections: adding sectionName: P with appInfoTitle: Phone
03-18 16:18:55.884  1654  1654 D AlphabeticalAppsList: addAppsWithSections: adding sectionName: S with appInfoTitle: Safety
03-18 16:18:55.884  1654  1654 D AlphabeticalAppsList: addAppsWithSections: adding sectionName: T with appInfoTitle: TMoble
03-18 16:18:55.884  1654  1654 D AlphabeticalAppsList: addAppsWithSections: adding sectionName: Y with appInfoTitle: YouTube
03-18 16:18:55.884  1654  1654 D AlphabeticalAppsList: Adding FastScrollSection duplicate to scroll to the bottom.
03-18 16:18:55.884  1654  1654 D AlphabeticalAppsList: Clearing FastScrollerSections.
03-18 16:18:55.884  1654  1654 D AlphabeticalAppsList: Adding apps with sections. HasPrivateApps: false
03-18 16:18:55.884  1654  1654 D AlphabeticalAppsList: addAppsWithSections: adding sectionName: C with appInfoTitle: Calendar
03-18 16:18:55.884  1654  1654 D AlphabeticalAppsList: addAppsWithSections: adding sectionName: D with appInfoTitle: Drive
03-18 16:18:55.884  1654  1654 D AlphabeticalAppsList: addAppsWithSections: adding sectionName: F with appInfoTitle: Files
03-18 16:18:55.884  1654  1654 D AlphabeticalAppsList: addAppsWithSections: adding sectionName: G with appInfoTitle: Gmail
03-18 16:18:55.884  1654  1654 D AlphabeticalAppsList: addAppsWithSections: adding sectionName: M with appInfoTitle: Maps
03-18 16:18:55.884  1654  1654 D AlphabeticalAppsList: addAppsWithSections: adding sectionName: P with appInfoTitle: Phone
03-18 16:18:55.884  1654  1654 D AlphabeticalAppsList: addAppsWithSections: adding sectionName: S with appInfoTitle: Safety
03-18 16:18:55.884  1654  1654 D AlphabeticalAppsList: addAppsWithSections: adding sectionName: T with appInfoTitle: TMoble
03-18 16:18:55.884  1654  1654 D AlphabeticalAppsList: addAppsWithSections: adding sectionName: Y with appInfoTitle: YouTube
03-18 16:18:55.884  1654  1654 D AlphabeticalAppsList: Adding FastScrollSection duplicate to scroll to the bottom.
03-18 16:18:55.885  2057  2654 I AiAiEcho: Settings changed for uri: content://settings/secure/systemui.google.opa_enabled
03-18 16:18:55.887  4622  4622 V GraphicsEnvironment: Currently set values for:
03-18 16:18:55.888  4622  4622 V GraphicsEnvironment:   angle_gl_driver_selection_pkgs=[]
03-18 16:18:55.888  4622  4622 V GraphicsEnvironment:   angle_gl_driver_selection_values=[]
03-18 16:18:55.889  4622  4622 V GraphicsEnvironment: com.android.dynsystem is not listed in per-application setting
03-18 16:18:55.889  4622  4622 V GraphicsEnvironment: ANGLE allowlist from config: com.dreamgames.royalmatch com.dts.freefiremax com.dxx.firenow com.gramgames.mergedragons com.ludo.king com.mojang.minecraftpe com.my.defense com.nintendo.zaka com.os.airforce com.playrix.fishdomdd.gplay io.teslatech.callbreak jp.konami.prospia net.peakgames.toonblast
03-18 16:18:55.889  4622  4622 V GraphicsEnvironment: No special selections for ANGLE, returning default driver choice
03-18 16:18:55.889  4622  4622 V GraphicsEnvironment: Neither updatable production driver nor prerelease driver is supported.
03-18 16:18:55.891   806  1006 V AccessibilityUserState: updateShortcutTargets: type:accessibility_shortcut_target_service, current:{}, new:{}
03-18 16:18:55.892   806  1006 V AccessibilityUserState: updateShortcutTargets: type:accessibility_qs_targets, current:{}, new:{}
03-18 16:18:55.892   806  1006 V AccessibilityUserState: updateShortcutTargets: type:accessibility_button_targets, current:{}, new:{}
03-18 16:18:55.892   806  1006 V AccessibilityUserState: updateShortcutTargets: type:accessibility_gesture_targets, current:{}, new:{}
03-18 16:18:55.892   806  1006 V AccessibilityUserState: updateShortcutTargets: type:accessibility_key_gesture_targets, current:{}, new:{}
03-18 16:18:55.893   806  1006 V AccessibilityManagerService: onUserStateChangedLocked for userId: 0, forceUpdate: false
03-18 16:18:55.894  2057  2380 I AiAiEcho: Predicting[0]:  [CONTEXT sampling_count=5 ]
03-18 16:18:55.894  2057  2380 I AiAiEcho: EchoTargets: 
03-18 16:18:55.894  2057  2380 I AiAiEcho: Filtered by AiAi flag check: 
03-18 16:18:55.894  2057  2380 I AiAiEcho: [CONTEXT ratelimit_period="10 SECONDS" ]
03-18 16:18:55.894  2057  2380 I AiAiEcho: #remoteViewsTwiddler: feature disabled.
03-18 16:18:55.894  2057  2380 I AiAiEcho: Predicting[0]:  [CONTEXT sampling_count=5 ]
03-18 16:18:55.895  2057  2380 I AiAiEcho: EchoTargets: 
03-18 16:18:55.895  2057  2380 I AiAiEcho: Filtered by AiAi flag check: 
03-18 16:18:55.895  2057  2380 I AiAiEcho: [CONTEXT ratelimit_period="10 SECONDS" ]
03-18 16:18:55.896  2057  2380 I AiAiEcho: #remoteViewsTwiddler: feature disabled.
03-18 16:18:55.896  2057  2380 I AiAiEcho: Predicting[0]:  [CONTEXT sampling_count=5 ]
03-18 16:18:55.896  2057  2380 I AiAiEcho: EchoTargets: 
03-18 16:18:55.896  2057  2380 I AiAiEcho: Filtered by AiAi flag check: 
03-18 16:18:55.896  2057  2380 I AiAiEcho: [CONTEXT ratelimit_period="10 SECONDS" ]
03-18 16:18:55.896   806  1006 V AccessibilityUserState: updateShortcutTargets: type:accessibility_shortcut_target_service, current:{}, new:{}
03-18 16:18:55.896   806  1006 V AccessibilityUserState: updateShortcutTargets: type:accessibility_button_targets, current:{}, new:{}
03-18 16:18:55.896   806  1006 V AccessibilityUserState: updateShortcutTargets: type:accessibility_gesture_targets, current:{}, new:{}
03-18 16:18:55.896   806  1006 V AccessibilityUserState: updateShortcutTargets: type:accessibility_qs_targets, current:{}, new:{}
03-18 16:18:55.896   806  1006 V AccessibilityUserState: updateShortcutTargets: type:accessibility_key_gesture_targets, current:{}, new:{}
03-18 16:18:55.896  2272  2660 I Finsky  : [54] [Counters Flush] Creating SQLite Database
03-18 16:18:55.896   806  1006 W MagnificationConnectionManager: requestConnection duplicated request: connect=false, mConnectionState=DISCONNECTED
03-18 16:18:55.899  1654  1654 D ActivityAllAppsContainerView: rebindAdapters: force: false
03-18 16:18:55.901  2272  3257 I Phlogger: Unable to retrieve flag snapshot for com.google.android.gms.clearcut_client#com.android.vending, using defaults.
03-18 16:18:55.902  1654  1654 D ActivityAllAppsContainerView: rebindAdapters: Not needed.
03-18 16:18:55.902  2057  2380 I AiAiEcho: #remoteViewsTwiddler: feature disabled.
03-18 16:18:55.904  1771  3906 I NetworkScheduler.Stats: (REDACTED) Task %s/%s finished executing. cause:%s result: %s elapsed_millis: %s uptime_millis: %s exec_start_elapsed_seconds: %s
03-18 16:18:55.906  2057  2380 I AiAiEcho: #postPredictionTargets: Sending updates to UISurface ambientcue with targets# 0 (types=[])
03-18 16:18:55.907  2057  2380 I AiAiEcho: #postPredictionTargets: Sending updates to UISurface home with targets# 0 (types=[])
03-18 16:18:55.908   806  1006 V AccessibilityUserState: updateShortcutTargets: type:accessibility_shortcut_target_service, current:{}, new:{}
03-18 16:18:55.908   806  1006 V AccessibilityUserState: updateShortcutTargets: type:accessibility_qs_targets, current:{}, new:{}
03-18 16:18:55.908   806  1006 V AccessibilityUserState: updateShortcutTargets: type:accessibility_button_targets, current:{}, new:{}
03-18 16:18:55.908   806  1006 V AccessibilityUserState: updateShortcutTargets: type:accessibility_gesture_targets, current:{}, new:{}
03-18 16:18:55.909   806  1006 V AccessibilityUserState: updateShortcutTargets: type:accessibility_key_gesture_targets, current:{}, new:{}
03-18 16:18:55.911  2057  2380 I AiAiEcho: #postPredictionTargets: Sending updates to UISurface lockscreen with targets# 0 (types=[])
03-18 16:18:55.911   806  1006 V AccessibilityManagerService: onUserStateChangedLocked for userId: 0, forceUpdate: false
03-18 16:18:55.912  1372  1372 W SsPagerDots: Total number of pages invalid: 0. Assuming 1 page.
03-18 16:18:55.914   806  1006 V AccessibilityUserState: updateShortcutTargets: type:accessibility_shortcut_target_service, current:{}, new:{}
03-18 16:18:55.914   806  1006 V AccessibilityUserState: updateShortcutTargets: type:accessibility_button_targets, current:{}, new:{}
03-18 16:18:55.914   806  1006 V AccessibilityUserState: updateShortcutTargets: type:accessibility_gesture_targets, current:{}, new:{}
03-18 16:18:55.914   806  1006 V AccessibilityUserState: updateShortcutTargets: type:accessibility_qs_targets, current:{}, new:{}
03-18 16:18:55.914   806  1006 V AccessibilityUserState: updateShortcutTargets: type:accessibility_key_gesture_targets, current:{}, new:{}
03-18 16:18:55.914   806  1006 W MagnificationConnectionManager: requestConnection duplicated request: connect=false, mConnectionState=DISCONNECTED
03-18 16:18:55.928  2272  2272 I Finsky  : [2] SCH: Job 10-82 starting
03-18 16:18:55.928  2272  2272 I Finsky  : [2] WM::SCH: Logging work start for 10-82
03-18 16:18:55.932  2057  2057 I AiAiEcho: SearchContextManagerImpl::setSearchContext resultTypes=[139867] extras=[Bundle[{launcher.maxInlineIcons=3, dynamic_ranking_m3_enabled=true, qs_tiles_asi_enabled=true, allowlist_enabled=false, one_search_enabled=true, system_clock=true, version_code=12, gms_play_query_lower_bound=2, gms_play_query_upper_bound=20, recent_search_block_enabled=true, gms_play_feature_supported=true, launcher.gridSize=4, showhiddentargets_enabled=false, ose_info=1}]] sessionId=[com.google.android.apps.nexuslauncher:a251c265-d17f-4e09-80c8-77b62bcbf194,0]
03-18 16:18:55.935  1654  1699 D SearchTargetUtil: queryLength=0 size=1
03-18 16:18:55.935  1654  1699 D SearchTargetUtil: layoutType=icon_row resultType=4096 packageName=
03-18 16:18:55.935   806  1960 W AppOpService: Ignored setUidMode call for runtime permission app op: uid = 1001, code = READ_SMS, mode = allow, callingUid = 1001, oldMode = allow
03-18 16:18:55.941  2453  2453 I chld    : (REDACTED) #onReceive: %s
03-18 16:18:55.951   806  1960 W UriGrantsManagerService: For security reasons, the system cannot issue a Uri permission grant to content://settings/system/notification_sound [user 0]; use startActivityAsCaller() instead
03-18 16:18:55.953  1372  1372 I OpaEnabledReceiver: Dispatching OPA eligble = true; AGSA = true; OPA enabled = false
03-18 16:18:55.957   806  2428 W AppOpService: Ignored setUidMode call for runtime permission app op: uid = 1001, code = RECEIVE_SMS, mode = allow, callingUid = 1001, oldMode = allow
03-18 16:18:55.958  4622  4622 D DynamicSystemInstallationService: onStartCommand(): action=android.os.image.action.NOTIFY_IF_IN_USE
03-18 16:18:55.959   806  1961 I DynamicSystemService: isInstalled(): false
03-18 16:18:55.960   806  1891 W AppOpService: Ignored setUidMode call for runtime permission app op: uid = 1001, code = RECEIVE_WAP_PUSH, mode = allow, callingUid = 1001, oldMode = allow
03-18 16:18:55.964  1372  1549 I AmbientCueRepository: Receiving SmartSpace targets # 0
03-18 16:18:55.969   806  1890 W AppOpService: Ignored setUidMode call for runtime permission app op: uid = 1001, code = SEND_SMS, mode = allow, callingUid = 1001, oldMode = allow
03-18 16:18:55.974   806  1890 W AppOpService: Ignored setUidMode call for runtime permission app op: uid = 1001, code = READ_CELL_BROADCASTS, mode = allow, callingUid = 1001, oldMode = allow
03-18 16:18:55.976  2453  2568 I WM-WorkerWrapper: Worker result SUCCESS for Work [ id=83b47a9a-cd8a-4922-836d-61c6a5eda1d2, tags={ com.google.apps.tiktok.contrib.work.TikTokListenableWorker,TikTokWorker#com.google.android.libraries.search.assistant.launcher.OpaEnabledBroadcastWorker } ]
03-18 16:18:55.998  1372  1372 I OpaEnabledReceiver: Dispatching OPA eligble = true; AGSA = true; OPA enabled = true
03-18 16:18:56.002   806   872 W Looper  : Slow dispatch took 128ms android.ui app=system_server main=false group=TOP_APP h=com.android.server.am.ActivityManagerService$UiHandler c=null m=68
03-18 16:18:56.004   806   908 I ActivityManager: Killing 4621:com.android.nfc/1027 (adj 0): change com.android.nfc
03-18 16:18:56.012  2272  4428 I Finsky  : [161] Wrote 254 rows to frosting DB
03-18 16:18:56.022   806  1006 V AccessibilityUserState: updateShortcutTargets: type:accessibility_shortcut_target_service, current:{}, new:{}
03-18 16:18:56.022   806  1006 V AccessibilityUserState: updateShortcutTargets: type:accessibility_qs_targets, current:{}, new:{}
03-18 16:18:56.022   806  1006 V AccessibilityUserState: updateShortcutTargets: type:accessibility_button_targets, current:{}, new:{}
03-18 16:18:56.022   806  1006 V AccessibilityUserState: updateShortcutTargets: type:accessibility_gesture_targets, current:{}, new:{}
03-18 16:18:56.022   806  1006 V AccessibilityUserState: updateShortcutTargets: type:accessibility_key_gesture_targets, current:{}, new:{}
03-18 16:18:56.022   806  1006 V AccessibilityManagerService: onUserStateChangedLocked for userId: 0, forceUpdate: false
03-18 16:18:56.024   806  1006 V AccessibilityUserState: updateShortcutTargets: type:accessibility_shortcut_target_service, current:{}, new:{}
03-18 16:18:56.024   806  1006 V AccessibilityUserState: updateShortcutTargets: type:accessibility_button_targets, current:{}, new:{}
03-18 16:18:56.024   806  1006 V AccessibilityUserState: updateShortcutTargets: type:accessibility_gesture_targets, current:{}, new:{}
03-18 16:18:56.024   806  1006 V AccessibilityUserState: updateShortcutTargets: type:accessibility_qs_targets, current:{}, new:{}
03-18 16:18:56.024   806  1006 V AccessibilityUserState: updateShortcutTargets: type:accessibility_key_gesture_targets, current:{}, new:{}
03-18 16:18:56.025   806  1006 W MagnificationConnectionManager: requestConnection duplicated request: connect=false, mConnectionState=DISCONNECTED
03-18 16:18:56.028   574   574 I Zygote  : Process 4621 exited due to signal 9 (Killed)
03-18 16:18:56.030  2453  2453 D WM-Processor: mib 83b47a9a-cd8a-4922-836d-61c6a5eda1d2 executed; reschedule = false
03-18 16:18:56.031  2057  2996 I AiAiEcho: AppIndexer Package:[com.android.nfc] UserProfile:[0] Enabled:[false].
03-18 16:18:56.031  2453  2453 D WM-SystemJobService: 83b47a9a-cd8a-4922-836d-61c6a5eda1d2 executed on JobScheduler
03-18 16:18:56.034   806   861 W ActivityManager: finishReceiver: no app for android.os.BinderProxy@8c3d417
03-18 16:18:56.034   806   883 I libprocessgroup: Removed cgroup /sys/fs/cgroup/system/uid_1027/pid_4621
03-18 16:18:56.040  1654  1654 D b/387844520: getOutlineOffsetX: measured width = 173, mNormalizedIconSize = 159, last updated width = 173
03-18 16:18:56.043   806   955 V ActivityManager: Got obituary of 4621:com.android.nfc
03-18 16:18:56.045   806  1892 W ParceledListSlice: Element #26 is 18668 bytes.
03-18 16:18:56.046  1561  1833 D ImsResolver: maybeAddedImsService, packageName: com.google.android.ext.services
03-18 16:18:56.046  1561  1833 V ImsResolver: searchForImsServices: package=com.google.android.ext.services, users=[UserHandle{0}]
03-18 16:18:56.047  1561  1833 V ImsResolver: searchForImsServices: package=com.google.android.ext.services, users=[UserHandle{0}]
03-18 16:18:56.056   806  2257 W ParceledListSlice: Element #27 is 18548 bytes.
03-18 16:18:56.056   806  2257 W ParceledListSlice: Element #28 is 18808 bytes.
03-18 16:18:56.056   806  2257 W ParceledListSlice: Element #29 is 18572 bytes.
03-18 16:18:56.063  2272  2272 I PlayCore: UID: [10153]  PID: [2272] StandardIntegrity : ServiceConnectionImpl.onServiceConnected(ComponentInfo{com.android.vending/com.google.android.finsky.expressintegrityservice.ExpressIntegrityService})
03-18 16:18:56.074  1974  1974 I 43-CredManRegistrationM: (REDACTED) [%s][%s] Success to register credentials
03-18 16:18:56.080  1561  1561 D SatelliteController: packageStateChanged: package:com.google.android.ext.services defaultSmsPackageName: com.google.android.apps.messaging satelliteGatewayServicePackageName: 
03-18 16:18:56.096  2453  2574 D WM-GreedyScheduler: Cancelling work ID 83b47a9a-cd8a-4922-836d-61c6a5eda1d2
03-18 16:18:56.114  2272  4344 I PlayCore: UID: [10153]  PID: [2272] StandardIntegrity : linkToDeath
03-18 16:18:56.128  1561  1836 E SmsApplication: com.google.android.apps.messaging lost android:read_cell_broadcasts:  (fixing)
03-18 16:18:56.130   806  2428 W AppOpService: Ignored setUidMode call for runtime permission app op: uid = 10154, code = READ_CELL_BROADCASTS, mode = allow, callingUid = 1001, oldMode = allow
03-18 16:18:56.131  2453  2574 D WM-GreedyScheduler: Starting tracking for bf7dc9b6-bf6d-41e0-903e-bee5a8172409,0ad1a4c9-c783-4a1c-87a5-fdcc3c5fad51,e0cac2ac-058e-45e3-bdcf-1ea8c23c5f93,90299470-2dc4-4531-a18d-e87f28708cf2,0eb4be18-6587-42b4-a77b-09a4c9ab59cf,b0950400-7916-4855-837a-7d9d122e5e86,05984b0d-8f76-4d53-9112-904a2727a14a,3767dabe-69a1-4fca-9ad4-d3cce986b79a
03-18 16:18:56.155  2453  2573 W sgc     : processGenericClientEventInBackground is not supported in classic-less AGSA.
03-18 16:18:56.171   806  1325 D ShortcutService: received package broadcast intent: Intent { act=android.intent.action.PACKAGE_CHANGED dat=package: flg=0x5000010 (has extras) }
03-18 16:18:56.171   806  1325 D ShortcutService: changing package: com.android.nfc userId=0
03-18 16:18:56.174   806  1275 D WifiService: Remove settings for package:com.android.nfc
03-18 16:18:56.175   806  1275 D WifiConfigManager: Remove all networks for app ApplicationInfo{848e7e8 com.android.nfc}
03-18 16:18:56.175   806  1275 I PasspointManager: No app ops listener found for com.android.nfc
03-18 16:18:56.189   806   806 D AppSearchAppsIndexerManagerS: userid in package receiver: 1027
03-18 16:18:56.194  1374  3387 I PermissionControllerServiceImpl: Updating user sensitive for uid 1027
03-18 16:18:56.201  1561  1561 D CarrierSvcBindHelper: onPackageModified: com.android.nfc
03-18 16:18:56.202   806  1453 W AppOpService: Ignored setUidMode call for runtime permission app op: uid = 1001, code = READ_SMS, mode = allow, callingUid = 1001, oldMode = allow
03-18 16:18:56.208  1561  1561 D CarrierSvcBindHelper: No carrier app for: 0
03-18 16:18:56.224  1561  1712 I SatelliteAppTracker: onPackageModified : com.android.nfc
03-18 16:18:56.225  1561  1712 E SatelliteAppTracker: packageName: com.android.nfc, value: null
03-18 16:18:56.235   806  2232 W AppOpService: Ignored setUidMode call for runtime permission app op: uid = 1001, code = RECEIVE_SMS, mode = allow, callingUid = 1001, oldMode = allow
03-18 16:18:56.239   806  2232 W AppOpService: Ignored setUidMode call for runtime permission app op: uid = 1001, code = RECEIVE_WAP_PUSH, mode = allow, callingUid = 1001, oldMode = allow
03-18 16:18:56.243  1372  1372 D ControlsListingControllerImpl: ServiceConfig reloaded, count: 0
03-18 16:18:56.243  1372  1583 I PluginActionManager[com.android.systemui.action.FALSING_PLUGIN]: Found 0 plugins
03-18 16:18:56.243  1372  1583 I PluginActionManager[com.android.systemui.action.PLUGIN_SENSOR_MANAGER]: Found 0 plugins
03-18 16:18:56.244   806  1483 W AppOpService: Ignored setUidMode call for runtime permission app op: uid = 1001, code = SEND_SMS, mode = allow, callingUid = 1001, oldMode = allow
03-18 16:18:56.250   806  2232 W AppOpService: Ignored setUidMode call for runtime permission app op: uid = 1001, code = READ_CELL_BROADCASTS, mode = allow, callingUid = 1001, oldMode = allow
03-18 16:18:56.250  1372  1583 I PluginActionManager[com.android.systemui.action.PLUGIN_AUTH_CONTEXT]: Found 0 plugins
03-18 16:18:56.251  1372  1583 I PluginActionManager[com.android.systemui.action.PLUGIN_VOLUME]: Found 0 plugins
03-18 16:18:56.251  1372  1583 I PluginActionManager[com.android.systemui.action.PLUGIN_TOAST]: Found 0 plugins
03-18 16:18:56.252  1372  1583 I PluginActionManager[com.android.systemui.action.PLUGIN_GLOBAL_ACTIONS]: Found 0 plugins
03-18 16:18:56.253  1561  1836 D SatelliteAccessController: Current default SMS app:ComponentInfo{com.google.android.apps.messaging/com.google.android.apps.messaging.shared.receiver.SmsDeliverReceiver}
03-18 16:18:56.253  1561  1836 D SatelliteController: getSelectedSatelliteSubId: subId=-1
03-18 16:18:56.258  1372  1583 I PluginActionManager[com.android.systemui.action.PLUGIN_QS]: Found 0 plugins
03-18 16:18:56.259  2486  2646 W JobInfo : Requested important-while-foreground flag for job9 is ignored and takes no effect
03-18 16:18:56.261  1561  1561 E SmsApplication: com.google.android.apps.messaging lost android:read_cell_broadcasts:  (fixing)
03-18 16:18:56.261  1372  1583 I PluginActionManager[com.android.systemui.action.PLUGIN_NOTIFICATION_ASSISTANT]: Found 0 plugins
03-18 16:18:56.261   806  1891 W AppOpService: Ignored setUidMode call for runtime permission app op: uid = 10154, code = READ_CELL_BROADCASTS, mode = allow, callingUid = 1001, oldMode = allow
03-18 16:18:56.261  1561  1836 D SatelliteAccessController: supportedMsgApps:com.google.android.apps.messaging
03-18 16:18:56.261   574   574 D Zygote  : Forked child process 4647
03-18 16:18:56.261  1372  1583 I PluginActionManager[com.android.systemui.action.PLUGIN_OVERLAY]: Found 0 plugins
03-18 16:18:56.262  1372  1583 I PluginActionManager[com.android.systemui.action.PLUGIN_NOTIFICATION_MENU_ROW]: Found 0 plugins
03-18 16:18:56.264  1372  1583 I PluginActionManager[com.android.systemui.action.PLUGIN_NOTIFICATION_MENU_ROW]: Found 0 plugins
03-18 16:18:56.268  1372  1583 I PluginActionManager[com.android.systemui.action.PLUGIN_NOTIFICATION_MENU_ROW]: Found 0 plugins
03-18 16:18:56.274   806   882 I ActivityManager: Start proc 4647:com.android.shell/2000 for broadcast {com.android.shell/com.android.shell.HeapDumpReceiver}
03-18 16:18:56.275  1372  1583 I PluginActionManager[com.android.systemui.action.PLUGIN_NOTIFICATION_MENU_ROW]: Found 0 plugins
03-18 16:18:56.276   806  1483 W AppOpService: Ignored setUidMode call for runtime permission app op: uid = 1001, code = READ_SMS, mode = allow, callingUid = 1001, oldMode = allow
03-18 16:18:56.283  4647  4647 I Zygote  : Process 4647 created for com.android.shell
03-18 16:18:56.284  4647  4647 I m.android.shell: Using CollectorTypeCMC GC.
03-18 16:18:56.284  4647  4647 W m.android.shell: Unexpected CPU variant for x86: x86_64.
03-18 16:18:56.284  4647  4647 W m.android.shell: Known variants: atom, sandybridge, silvermont, goldmont, goldmont-plus, goldmont-without-sha-xsaves, tremont, kabylake, alderlake, default
03-18 16:18:56.288   806  1891 W AppOpService: Ignored setUidMode call for runtime permission app op: uid = 1001, code = RECEIVE_SMS, mode = allow, callingUid = 1001, oldMode = allow
03-18 16:18:56.288  4647  4647 D nativeloader: Load libframework-connectivity-tiramisu-jni.so using APEX ns com_android_tethering for caller /apex/com.android.tethering/javalib/framework-connectivity-t.jar: ok
03-18 16:18:56.290   806  2232 W AppOpService: Ignored setUidMode call for runtime permission app op: uid = 1001, code = RECEIVE_WAP_PUSH, mode = allow, callingUid = 1001, oldMode = allow
03-18 16:18:56.291   806   861 W AppOpService: Ignored setUidMode call for runtime permission app op: uid = 1001, code = SEND_SMS, mode = allow, callingUid = 1001, oldMode = allow
03-18 16:18:56.294  1771  2441 I NetworkScheduler.Stats: (REDACTED) Task %s/%s started execution. cause:%s exec_start_elapsed_seconds: %s
03-18 16:18:56.294   806  1483 W AppOpService: Ignored setUidMode call for runtime permission app op: uid = 1001, code = READ_CELL_BROADCASTS, mode = allow, callingUid = 1001, oldMode = allow
03-18 16:18:56.295   278   278 I lowmemorykiller: Kill 'com.google.android.settings.intelligence' (4149), uid 10157, oom_score_adj 975 to free 92332kB rss, 47068kB swap, 0kB dmabuf_pss, 0kB dmabuf_rss; reason: low watermark is breached
03-18 16:18:56.296   278   286 E lowmemorykiller: process_mrelease 4149 failed: No such process
03-18 16:18:56.311   574   574 I Zygote  : Process 4149 exited due to signal 9 (Killed)
03-18 16:18:56.316  2453  2453 I wjt     : processValidityUpdateForAllData
03-18 16:18:56.327  1974  1974 I 43-CredManRegistrationM: (REDACTED) [%s][%s] Success to register credentials
03-18 16:18:56.330  2272  2285 W android.vending: Suspending all threads took: 75.948ms
03-18 16:18:56.339  1561  1833 D ImsResolver: maybeAddedImsService, packageName: com.android.nfc
03-18 16:18:56.339  1561  1833 V ImsResolver: searchForImsServices: package=com.android.nfc, users=[UserHandle{0}]
03-18 16:18:56.340  1561  1833 V ImsResolver: searchForImsServices: package=com.android.nfc, users=[UserHandle{0}]
03-18 16:18:56.352   806  2802 I ActivityManager: Process com.google.android.settings.intelligence (pid 4149) has died: cch  +75 CEM 
03-18 16:18:56.352   806  1281 D InetDiagMessage: Destroyed 0 sockets, proto=IPPROTO_TCP, family=AF_INET, states=14
03-18 16:18:56.353   806  1281 D InetDiagMessage: Destroyed 0 sockets, proto=IPPROTO_TCP, family=AF_INET6, states=14
03-18 16:18:56.353   806  1281 D InetDiagMessage: Destroyed live tcp sockets for uids={10152} in 4ms
03-18 16:18:56.354   806  1281 D InetDiagMessage: Destroyed 0 sockets, proto=IPPROTO_TCP, family=AF_INET, states=14
03-18 16:18:56.355  1771  1771 D BoundBrokerSvc: onUnbind: Intent { act=com.google.android.gms.nearby.fastpair.START dat=chimera-action:/... xflg=0x4 cmp=com.google.android.gms/.chimera.PersistentApiServiceNoInstantApps }
03-18 16:18:56.355   806  1281 D InetDiagMessage: Destroyed 0 sockets, proto=IPPROTO_TCP, family=AF_INET6, states=14
03-18 16:18:56.355   806  1281 D InetDiagMessage: Destroyed live tcp sockets for uids={20152} in 3ms
03-18 16:18:56.363   806  1890 D SafetySourceDataValidat: No cert check requested for package com.android.settings
03-18 16:18:56.363   806   883 I libprocessgroup: Removed cgroup /sys/fs/cgroup/apps/uid_10157/pid_4149
03-18 16:18:56.367   806  2237 D SafetySourceDataValidat: No cert check requested for package com.android.settings
03-18 16:18:56.375   806   979 I RoleService: Granting default roles...
03-18 16:18:56.383  3936  3936 D PrivateSpaceSafetySrc: Setting safety source data
03-18 16:18:56.384  1561  1561 D SatelliteController: packageStateChanged: package:com.android.nfc defaultSmsPackageName: com.google.android.apps.messaging satelliteGatewayServicePackageName: 
03-18 16:18:56.390   806  1504 W SignedPackage: Package doesn't have required signing certificate: com.google.android.retaildemo
03-18 16:18:56.391   806  1504 E RoleControllerServiceImpl: Default/fallback role holder package doesn't qualify for the role, package: com.google.android.gms.supervision, role: android.app.role.SYSTEM_SUPERVISION, user: 0
03-18 16:18:56.391   806  2174 D SafetySourceDataValidat: No cert check requested for package com.android.settings
03-18 16:18:56.397   806  1504 W SignedPackage: Package doesn't have required signing certificate: com.google.android.apps.work.clouddpc
03-18 16:18:56.406  2486  2646 W JobInfo : Requested important-while-foreground flag for job10 is ignored and takes no effect
03-18 16:18:56.419  4647  4647 D nativeloader: Configuring clns-shared-9 for other apk /system/priv-app/Shell/Shell.apk. target_sdk_version=36, uses_libraries=, library_path=/system/priv-app/Shell/lib/x86_64:/system/lib64:/system_ext/lib64, permitted_path=/data:/mnt/expand:/data/user_de/0/com.android.shell:/system/priv-app/Shell:/system/lib64:/system_ext/lib64
03-18 16:18:56.423   806  2174 D SafetySourceDataValidat: No cert check requested for package com.android.settings
03-18 16:18:56.424  2453  2453 I aaje    : (REDACTED) #onReceive:%s %d
03-18 16:18:56.447  4647  4647 V GraphicsEnvironment: Currently set values for:
03-18 16:18:56.447  4647  4647 V GraphicsEnvironment:   angle_gl_driver_selection_pkgs=[]
03-18 16:18:56.447  4647  4647 V GraphicsEnvironment:   angle_gl_driver_selection_values=[]
03-18 16:18:56.447  4647  4647 V GraphicsEnvironment: com.android.shell is not listed in per-application setting
03-18 16:18:56.447  4647  4647 V GraphicsEnvironment: ANGLE allowlist from config: com.dreamgames.royalmatch com.dts.freefiremax com.dxx.firenow com.gramgames.mergedragons com.ludo.king com.mojang.minecraftpe com.my.defense com.nintendo.zaka com.os.airforce com.playrix.fishdomdd.gplay io.teslatech.callbreak jp.konami.prospia net.peakgames.toonblast
03-18 16:18:56.447  4647  4647 V GraphicsEnvironment: No special selections for ANGLE, returning default driver choice
03-18 16:18:56.447  4647  4647 V GraphicsEnvironment: Neither updatable production driver nor prerelease driver is supported.
03-18 16:18:56.469  1561  1836 E SmsApplication: com.google.android.apps.messaging lost android:read_cell_broadcasts:  (fixing)
03-18 16:18:56.476   806  2648 W AppOpService: Ignored setUidMode call for runtime permission app op: uid = 10154, code = READ_CELL_BROADCASTS, mode = allow, callingUid = 1001, oldMode = allow
03-18 16:18:56.478  1771  2261 I NetworkScheduler.Stats: (REDACTED) Task %s/%s finished executing. cause:%s result: %s elapsed_millis: %s uptime_millis: %s exec_start_elapsed_seconds: %s
03-18 16:18:56.502  2453  2453 I bfnj    : #onReceive GeofenceRecoveryReceiver
03-18 16:18:56.506  1974  1974 I 43-CredManRegistrationM: (REDACTED) [%s][%s] Success to register credentials
03-18 16:18:56.517   806  2237 W AppOpService: Ignored setUidMode call for runtime permission app op: uid = 1001, code = READ_SMS, mode = allow, callingUid = 1001, oldMode = allow
03-18 16:18:56.520   806  1504 E RoleControllerServiceImpl: Default/fallback role holder package doesn't qualify for the role, package: com.google.android.gms, role: android.app.role.WALLET, user: 0
03-18 16:18:56.522   806  2232 W AlarmManager: Unrecognized alarm listener com.android.server.UiModeManagerService$$ExternalSyntheticLambda3@ffa28dc
03-18 16:18:56.524  2453  2574 E ecya    : (REDACTED) Failed to recover geofences for LBT Routines using Geller data
03-18 16:18:56.524  2453  2574 E ecya    : com.google.android.libraries.geller.portable.GellerException: Code: INVALID_ARGUMENT, Message: Account name is null.
03-18 16:18:56.524  2453  2574 E ecya    : 	at doca.a(PG:21)
03-18 16:18:56.524  2453  2574 E ecya    : 	at dock.a(PG:26)
03-18 16:18:56.524  2453  2574 E ecya    : 	at eepj.a(PG:13)
03-18 16:18:56.524  2453  2574 E ecya    : 	at encc.a(PG:3)
03-18 16:18:56.524  2453  2574 E ecya    : 	at ends.run(PG:19)
03-18 16:18:56.524  2453  2574 E ecya    : 	at ckfm.run(PG:5)
03-18 16:18:56.524  2453  2574 E ecya    : 	at elzk.run(PG:44)
03-18 16:18:56.524  2453  2574 E ecya    : 	at ckey.run(PG:83)
03-18 16:18:56.524  2453  2574 E ecya    : 	at java.lang.Thread.run(Thread.java:1563)
03-18 16:18:56.524  2453  2574 E ecya    : 	at ckgq.run(PG:62)
03-18 16:18:56.533   806  1744 W AppOpService: Ignored setUidMode call for runtime permission app op: uid = 1001, code = RECEIVE_SMS, mode = allow, callingUid = 1001, oldMode = allow
03-18 16:18:56.534   806  1744 W AppOpService: Ignored setUidMode call for runtime permission app op: uid = 1001, code = RECEIVE_WAP_PUSH, mode = allow, callingUid = 1001, oldMode = allow
03-18 16:18:56.537  3936  3936 D BiometricsIssueCtr: Skip for {0}: no lockscreen set
03-18 16:18:56.539  2486  2728 W NotificationScheduler: <DWB> Cannot reschedule growth notification, not scheduled.
03-18 16:18:56.539  2453  2453 D WM-RescheduleReceiver: Received intent Intent { act=android.intent.action.BOOT_COMPLETED flg=0x89000010 cmp=com.google.android.googlequicksearchbox/androidx.work.impl.background.systemalarm.RescheduleReceiver (has extras) }
03-18 16:18:56.540   806  1891 W AppOpService: Ignored setUidMode call for runtime permission app op: uid = 1001, code = SEND_SMS, mode = allow, callingUid = 1001, oldMode = allow
03-18 16:18:56.540   806  1504 W SignedPackage: Cannot get ApplicationInfo for package: com.google.android.devicelockcontroller
03-18 16:18:56.540   806  1744 D SafetySourceDataValidat: No cert check requested for package com.android.settings
03-18 16:18:56.544   806  1891 W AppOpService: Ignored setUidMode call for runtime permission app op: uid = 1001, code = READ_CELL_BROADCASTS, mode = allow, callingUid = 1001, oldMode = allow
03-18 16:18:56.545  1561  1836 D SatelliteAccessController: Current default SMS app:ComponentInfo{com.google.android.apps.messaging/com.google.android.apps.messaging.shared.receiver.SmsDeliverReceiver}
03-18 16:18:56.546  1561  1836 D SatelliteController: getSelectedSatelliteSubId: subId=-1
03-18 16:18:56.547  4647  4647 D HeapDumpReceiver: onReceive(): Intent { act=android.intent.action.BOOT_COMPLETED flg=0x89000010 cmp=com.android.shell/.HeapDumpReceiver (has extras) }
03-18 16:18:56.550  1561  1836 D SatelliteAccessController: supportedMsgApps:com.google.android.apps.messaging
03-18 16:18:56.550  2453  4524 V ClearcutMetricXmitter: Transmission is done.
03-18 16:18:56.551  3936  3936 I ActiveUnlockStatusUtils: authority not set
03-18 16:18:56.552  4647  4661 D HeapDumpReceiver: Deleting from /data/user_de/0/com.android.shell/files/heapdumps
03-18 16:18:56.554   806  2230 D SafetySourceDataValidat: No cert check requested for package com.android.settings
03-18 16:18:56.577  2057  2077 I AiAiEcho: Settings changed for uri: content://settings/secure/ui_night_mode
03-18 16:18:56.578  2057  2380 I AiAiEcho: Predicting[0]:  [CONTEXT sampling_count=5 ]
03-18 16:18:56.579  2057  2380 I AiAiEcho: EchoTargets: 
03-18 16:18:56.579  2057  2380 I AiAiEcho: Filtered by AiAi flag check: 
03-18 16:18:56.579  2057  2380 I AiAiEcho: [CONTEXT ratelimit_period="10 SECONDS" ]
03-18 16:18:56.580  2057  2380 I AiAiEcho: #remoteViewsTwiddler: feature disabled.
03-18 16:18:56.581  2057  2380 I AiAiEcho: Predicting[0]:  [CONTEXT sampling_count=5 ]
03-18 16:18:56.581  2057  2380 I AiAiEcho: EchoTargets: 
03-18 16:18:56.581  2057  2380 I AiAiEcho: Filtered by AiAi flag check: 
03-18 16:18:56.581  2057  2380 I AiAiEcho: [CONTEXT ratelimit_period="10 SECONDS" ]
03-18 16:18:56.582  2057  2380 I AiAiEcho: #remoteViewsTwiddler: feature disabled.
03-18 16:18:56.582  2057  2380 I AiAiEcho: Predicting[0]:  [CONTEXT sampling_count=5 ]
03-18 16:18:56.582  2057  2380 I AiAiEcho: EchoTargets: 
03-18 16:18:56.582  2057  2380 I AiAiEcho: Filtered by AiAi flag check: 
03-18 16:18:56.582  2057  2380 I AiAiEcho: [CONTEXT ratelimit_period="10 SECONDS" ]
03-18 16:18:56.582  2057  2380 I AiAiEcho: #remoteViewsTwiddler: feature disabled.
03-18 16:18:56.583  2057  2380 I AiAiEcho: #postPredictionTargets: Sending updates to UISurface ambientcue with targets# 0 (types=[])
03-18 16:18:56.584  2057  2380 I AiAiEcho: #postPredictionTargets: Sending updates to UISurface home with targets# 0 (types=[])
03-18 16:18:56.584  2057  2380 I AiAiEcho: #postPredictionTargets: Sending updates to UISurface lockscreen with targets# 0 (types=[])
03-18 16:18:56.584  1372  1549 I AmbientCueRepository: Receiving SmartSpace targets # 0
03-18 16:18:56.586  1372  1372 W SsPagerDots: Total number of pages invalid: 0. Assuming 1 page.
03-18 16:18:56.594   806  2230 D BiometricService: canAuthenticate: User=0, Caller=0, Authenticators=15
03-18 16:18:56.594  2057  2077 I AiAiEcho: Settings changed for uri: content://settings/secure/ui_night_mode_custom_type
03-18 16:18:56.599   806  2230 D BiometricService/PreAuthInfo: Package: com.android.settings Sensor ID: 0 Modality: 2 User id: 0 Status: 7
03-18 16:18:56.600  2057  2380 I AiAiEcho: Predicting[0]:  [CONTEXT sampling_count=5 ]
03-18 16:18:56.600  2057  2380 I AiAiEcho: EchoTargets: 
03-18 16:18:56.600  2057  2380 I AiAiEcho: Filtered by AiAi flag check: 
03-18 16:18:56.600  2057  2380 I AiAiEcho: [CONTEXT ratelimit_period="10 SECONDS" ]
03-18 16:18:56.601  2057  2380 I AiAiEcho: #remoteViewsTwiddler: feature disabled.
03-18 16:18:56.602  2272  2439 I PlayCore: UID: [10153]  PID: [2272] OnRequestIntegrityTokenCallback : onRequestExpressIntegrityToken
03-18 16:18:56.608  2057  2380 I AiAiEcho: Predicting[0]:  [CONTEXT sampling_count=5 ]
03-18 16:18:56.608  2057  2380 I AiAiEcho: EchoTargets: 
03-18 16:18:56.608  2057  2380 I AiAiEcho: Filtered by AiAi flag check: 
03-18 16:18:56.608  2057  2380 I AiAiEcho: [CONTEXT ratelimit_period="10 SECONDS" ]
03-18 16:18:56.611   806  2230 D BiometricService/PreAuthInfo: getCanAuthenticateInternal Modality: 2 AuthenticatorStatus: 7
03-18 16:18:56.611   806  2230 D AuthService: canAuthenticate, userId: 0, callingUserId: 0, authenticators: 15, result: 11
03-18 16:18:56.614  2272  4344 I PlayCore: UID: [10153]  PID: [2272] StandardIntegrity : Unbind from service.
03-18 16:18:56.618  2057  2380 I AiAiEcho: #remoteViewsTwiddler: feature disabled.
03-18 16:18:56.618  2057  2380 I AiAiEcho: Predicting[0]:  [CONTEXT sampling_count=5 ]
03-18 16:18:56.619  2057  2380 I AiAiEcho: EchoTargets: 
03-18 16:18:56.619  2057  2380 I AiAiEcho: Filtered by AiAi flag check: 
03-18 16:18:56.619  2057  2380 I AiAiEcho: [CONTEXT ratelimit_period="10 SECONDS" ]
03-18 16:18:56.625   806  2230 D SafetySourceDataValidat: No cert check requested for package com.android.settings
03-18 16:18:56.625   806   881 V GrammaticalInflectionUtils: AttributionSource: android.content.AttributionSource@a2dcee1d does not have READ_SYSTEM_GRAMMATICAL_GENDER permission.
03-18 16:18:56.625  2057  2380 I AiAiEcho: #remoteViewsTwiddler: feature disabled.
03-18 16:18:56.626  2057  2380 I AiAiEcho: #postPredictionTargets: Sending updates to UISurface ambientcue with targets# 0 (types=[])
03-18 16:18:56.627  2057  2380 I AiAiEcho: #postPredictionTargets: Sending updates to UISurface home with targets# 0 (types=[])
03-18 16:18:56.628  2057  2380 I AiAiEcho: #postPredictionTargets: Sending updates to UISurface lockscreen with targets# 0 (types=[])
03-18 16:18:56.630  1372  1372 W SsPagerDots: Total number of pages invalid: 0. Assuming 1 page.
03-18 16:18:56.632  1372  1549 I AmbientCueRepository: Receiving SmartSpace targets # 0
03-18 16:18:56.646   806   881 D CompatChangeReporter: Compat change id reported: 135754954; UID 10143; state: ENABLED
03-18 16:18:56.651   806   882 D CompatChangeReporter: Compat change id reported: 143937733; UID 10143; state: ENABLED
03-18 16:18:56.661   574   574 D Zygote  : Forked child process 4662
03-18 16:18:56.688  4662  4662 I Zygote  : Process 4662 created for com.google.android.configupdater
03-18 16:18:56.688  4662  4662 I d.configupdater: Using CollectorTypeCMC GC.
03-18 16:18:56.688  2453  2862 V ClearcutMetricXmitter: Transmission is done.
03-18 16:18:56.689  4662  4662 W d.configupdater: Unexpected CPU variant for x86: x86_64.
03-18 16:18:56.689  4662  4662 W d.configupdater: Known variants: atom, sandybridge, silvermont, goldmont, goldmont-plus, goldmont-without-sha-xsaves, tremont, kabylake, alderlake, default
03-18 16:18:56.693  1654  1701 D AlphabeticIndexCompat: computeSectionName: cs: Settings sectionName: S
03-18 16:18:56.693  1654  1701 D AlphabeticIndexCompat: computeSectionName: cs: Photos sectionName: P
03-18 16:18:56.693  1654  1701 D AlphabeticIndexCompat: computeSectionName: cs: Battery sectionName: B
03-18 16:18:56.695   806   882 W ActivityManager: Slow operation: 66ms so far, now at startProcess: done updating battery stats
03-18 16:18:56.696   806   882 W ActivityManager: Slow operation: 66ms so far, now at startProcess: building log message
03-18 16:18:56.696   806   882 I ActivityManager: Start proc 4662:com.google.android.configupdater/u0a143 for broadcast {com.google.android.configupdater/com.google.android.configupdater.MainReceiver}
03-18 16:18:56.696   806   882 W ActivityManager: Slow operation: 66ms so far, now at startProcess: starting to update pids map
03-18 16:18:56.696   806   882 W ActivityManager: Slow operation: 66ms so far, now at startProcess: done updating pids map
03-18 16:18:56.696  1654  1701 D AlphabeticIndexCompat: computeSectionName: cs: Chrome sectionName: C
03-18 16:18:56.698  1654  1701 D AlphabeticIndexCompat: computeSectionName: cs: Gmail sectionName: G
03-18 16:18:56.698  1654  1701 D AlphabeticIndexCompat: computeSectionName: cs: Drive sectionName: D
03-18 16:18:56.698  1654  1701 D AlphabeticIndexCompat: computeSectionName: cs: Clock sectionName: C
03-18 16:18:56.698  1654  1701 D AlphabeticIndexCompat: computeSectionName: cs: Contacts sectionName: C
03-18 16:18:56.698  1654  1701 D AlphabeticIndexCompat: computeSectionName: cs: Calendar sectionName: C
03-18 16:18:56.699  1654  1701 D AlphabeticIndexCompat: computeSectionName: cs: Maps sectionName: M
03-18 16:18:56.699  1654  1701 D AlphabeticIndexCompat: computeSectionName: cs: YouTube Music sectionName: Y
03-18 16:18:56.699  1654  1701 D AlphabeticIndexCompat: computeSectionName: cs: YouTube sectionName: Y
03-18 16:18:56.699  4662  4662 D nativeloader: Load libframework-connectivity-tiramisu-jni.so using APEX ns com_android_tethering for caller /apex/com.android.tethering/javalib/framework-connectivity-t.jar: ok
03-18 16:18:56.699  1654  1701 D AlphabeticIndexCompat: computeSectionName: cs: Google sectionName: G
03-18 16:18:56.700  1654  1701 D AlphabeticIndexCompat: computeSectionName: cs: Digital Wellbeing sectionName: D
03-18 16:18:56.700  1654  1701 D AlphabeticIndexCompat: computeSectionName: cs: Conversations sectionName: C
03-18 16:18:56.704  1974  4093 I Icing   : IndexChimeraService.getServiceInterface callingPackage=com.google.android.googlequicksearchbox componentName=AMBIENT_ASSISTANT serviceId=32
03-18 16:18:56.714  1771  2425 I SQLiteConnection: Long db operation: /data/user/0/com.google.android.gms/databases/phenotype.db
03-18 16:18:56.717  3936  3936 D PrivateSpaceBroadcastReceiver: Received Intent: android.intent.action.BOOT_COMPLETED
03-18 16:18:56.718  3936  3936 D PrivateSpaceBroadcastReceiver: Setting component ComponentInfo{com.android.settings/com.android.settings.privatespace.PrivateSpaceAuthenticationActivity} state: 1
03-18 16:18:56.719  1974  1974 I 43-CredManRegistrationM: (REDACTED) [%s][%s] Success to register credentials
03-18 16:18:56.727   806  1497 D FileUtils: Rounded bytes from 2061062144 to 4000000000
03-18 16:18:56.728  3167  3359 E chromium: [ERROR:ssl_client_socket_impl.cc(877)] handshake failed; returned -1, SSL error code 1, net_error -101
03-18 16:18:56.740  2272  2451 I Finsky  : [47] SCH: jobFinished: 10-3. TimeElapsed: 7049ms.
03-18 16:18:56.747  2272  2451 I Finsky  : [47] WM::SCH: Logging work end for 10-3
03-18 16:18:56.769  4662  4662 D nativeloader: InitLlndkLibrariesProduct: libEGL.so:libGLESv1_CM.so:libGLESv2.so:libGLESv3.so:libRS.so:libandroid_net.so:libapexsupport.so:libavf.so:libbinder_ndk.so:libc.so:libcgrouprc.so:libclang_rt.asan-x86_64-android.so:libcom.android.tethering.connectivity_native.so:libdl.so:libft2.so:liblog.so:libm.so:libmediandk.so:libnativewindow.so:libneuralnetworks.so:libselinux.so:libsync.so:libvendorsupport.so:libvndksupport.so:libvulkan.so
03-18 16:18:56.769  4662  4662 D nativeloader: Configuring product-clns-9 for unbundled product apk /product/priv-app/ConfigUpdater/ConfigUpdater.apk. target_sdk_version=30, uses_libraries=, library_path=/product/priv-app/ConfigUpdater/lib/x86_64:/product/lib64:/system/product/lib64, permitted_path=/data:/mnt/expand:/data/user/0/com.google.android.configupdater:/product/lib64:/system/product/lib64
03-18 16:18:56.775  4662  4662 D nativeloader: InitVndkspLibrariesProduct: VNDK is deprecated with product
03-18 16:18:56.777  1771  2425 W AsyncOperation: operation=GetExperimentTokensOperationCall, opStatusCode=29505 [CONTEXT service_id=51 ]
03-18 16:18:56.777  1771  2425 W AsyncOperation: OperationException[Status{statusCode=No config packages for log source, or config package not registered, resolution=null}]
03-18 16:18:56.777  1771  2425 W AsyncOperation: 	at eimn.h(:com.google.android.gms@253434038@25.34.34 (260800-800653487):65)
03-18 16:18:56.777  1771  2425 W AsyncOperation: 	at eimn.f(:com.google.android.gms@253434038@25.34.34 (260800-800653487):17)
03-18 16:18:56.777  1771  2425 W AsyncOperation: 	at cjpi.fA(:com.google.android.gms@253434038@25.34.34 (260800-800653487):1)
03-18 16:18:56.777  1771  2425 W AsyncOperation: 	at cjpm.run(:com.google.android.gms@253434038@25.34.34 (260800-800653487):128)
