03-15 21:11:44.720  2032  2032 E UsbDeviceManager: failed to write to /sys/class/android_usb/android0/f_rndis/ethaddr
03-15 21:11:44.721  1651  1651 I hwservicemanager: getTransport: Cannot find entry android.hardware.usb.gadget@1.0::IUsbGadget/default in either framework or device manifest.
03-15 21:11:44.721  1752  1752 I Zygote  : Called ZygoteHooks.endPreload()
03-15 21:11:44.722  1752  1752 I Zygote  : Installed AndroidKeyStoreProvider in 0ms.
03-15 21:11:44.723  1752  1752 I Zygote  : Warmed up JCA providers in 2ms.
03-15 21:11:44.723  1752  1752 D Zygote  : end preload
03-15 21:11:44.723  2032  2119 D SystemServerTimingAsync: SecondaryZygotePreload took to complete: 897ms
03-15 21:11:44.723  2032  2119 D SystemServerInitThreadPool: Finished executing SecondaryZygotePreload
03-15 21:11:44.724  2032  2032 I UsbDeviceManager: USB GADGET HAL not present in the device
03-15 21:11:44.724  2032  2032 I UsbDeviceManager: java.util.NoSuchElementException
03-15 21:11:44.724  2032  2032 I UsbDeviceManager: 	at android.os.HwBinder.getService(Native Method)
03-15 21:11:44.724  2032  2032 I UsbDeviceManager: 	at android.hardware.usb.gadget.V1_0.IUsbGadget.getService(IUsbGadget.java:55)
03-15 21:11:44.724  2032  2032 I UsbDeviceManager: 	at android.hardware.usb.gadget.V1_0.IUsbGadget.getService(IUsbGadget.java:62)
03-15 21:11:44.724  2032  2032 I UsbDeviceManager: 	at com.android.server.usb.UsbDeviceManager.<init>(UsbDeviceManager.java:262)
03-15 21:11:44.724  2032  2032 I UsbDeviceManager: 	at com.android.server.usb.UsbService.<init>(UsbService.java:150)
03-15 21:11:44.724  2032  2032 I UsbDeviceManager: 	at com.android.server.usb.UsbService$Lifecycle.onStart(UsbService.java:84)
03-15 21:11:44.724  2032  2032 I UsbDeviceManager: 	at com.android.server.SystemServiceManager.startService(SystemServiceManager.java:129)
03-15 21:11:44.724  2032  2032 I UsbDeviceManager: 	at com.android.server.SystemServiceManager.startService(SystemServiceManager.java:116)
03-15 21:11:44.724  2032  2032 I UsbDeviceManager: 	at com.android.server.SystemServiceManager.startService(SystemServiceManager.java:75)
03-15 21:11:44.724  2032  2032 I UsbDeviceManager: 	at com.android.server.SystemServer.startOtherServices(SystemServer.java:1532)
03-15 21:11:44.724  2032  2032 I UsbDeviceManager: 	at com.android.server.SystemServer.run(SystemServer.java:512)
03-15 21:11:44.724  2032  2032 I UsbDeviceManager: 	at com.android.server.SystemServer.main(SystemServer.java:349)
03-15 21:11:44.724  2032  2032 I UsbDeviceManager: 	at java.lang.reflect.Method.invoke(Native Method)
03-15 21:11:44.724  2032  2032 I UsbDeviceManager: 	at com.android.internal.os.RuntimeInit$MethodAndArgsCaller.run(RuntimeInit.java:492)
03-15 21:11:44.724  2032  2032 I UsbDeviceManager: 	at com.android.internal.os.ZygoteInit.main(ZygoteInit.java:908)
03-15 21:11:44.724  2032  2032 E UsbDeviceManager: Failed to open control for mtp
03-15 21:11:44.724  2032  2032 E UsbDeviceManager: Failed to open control for ptp
03-15 21:11:44.732  2032  2032 W StorageManagerService: No primary storage defined yet; hacking together a stub
03-15 21:11:44.735  1651  1651 I hwservicemanager: getTransport: Cannot find entry android.hardware.usb@1.0::IUsb/default in either framework or device manifest.
03-15 21:11:44.737  2032  2032 E UsbPortManager: connectToProxy: usb hal service not found. Did the service fail to start?
03-15 21:11:44.737  2032  2032 E UsbPortManager: java.util.NoSuchElementException
03-15 21:11:44.737  2032  2032 E UsbPortManager: 	at android.os.HwBinder.getService(Native Method)
03-15 21:11:44.737  2032  2032 E UsbPortManager: 	at android.os.HwBinder.getService(HwBinder.java:83)
03-15 21:11:44.737  2032  2032 E UsbPortManager: 	at android.hardware.usb.V1_0.IUsb.getService(IUsb.java:70)
03-15 21:11:44.737  2032  2032 E UsbPortManager: 	at android.hardware.usb.V1_0.IUsb.getService(IUsb.java:77)
03-15 21:11:44.737  2032  2032 E UsbPortManager: 	at com.android.server.usb.UsbPortManager.connectToProxy(UsbPortManager.java:780)
03-15 21:11:44.737  2032  2032 E UsbPortManager: 	at com.android.server.usb.UsbPortManager.<init>(UsbPortManager.java:175)
03-15 21:11:44.737  2032  2032 E UsbPortManager: 	at com.android.server.usb.UsbService.<init>(UsbService.java:153)
03-15 21:11:44.737  2032  2032 E UsbPortManager: 	at com.android.server.usb.UsbService$Lifecycle.onStart(UsbService.java:84)
03-15 21:11:44.737  2032  2032 E UsbPortManager: 	at com.android.server.SystemServiceManager.startService(SystemServiceManager.java:129)
03-15 21:11:44.737  2032  2032 E UsbPortManager: 	at com.android.server.SystemServiceManager.startService(SystemServiceManager.java:116)
03-15 21:11:44.737  2032  2032 E UsbPortManager: 	at com.android.server.SystemServiceManager.startService(SystemServiceManager.java:75)
03-15 21:11:44.737  2032  2032 E UsbPortManager: 	at com.android.server.SystemServer.startOtherServices(SystemServer.java:1532)
03-15 21:11:44.737  2032  2032 E UsbPortManager: 	at com.android.server.SystemServer.run(SystemServer.java:512)
03-15 21:11:44.737  2032  2032 E UsbPortManager: 	at com.android.server.SystemServer.main(SystemServer.java:349)
03-15 21:11:44.737  2032  2032 E UsbPortManager: 	at java.lang.reflect.Method.invoke(Native Method)
03-15 21:11:44.737  2032  2032 E UsbPortManager: 	at com.android.internal.os.RuntimeInit$MethodAndArgsCaller.run(RuntimeInit.java:492)
03-15 21:11:44.737  2032  2032 E UsbPortManager: 	at com.android.internal.os.ZygoteInit.main(ZygoteInit.java:908)
03-15 21:11:44.740  2032  2032 D SystemServerTiming: StartUsbService took to complete: 23ms
03-15 21:11:44.740  2032  2032 I SystemServer: StartSerialService
03-15 21:11:44.740  2032  2032 D SystemServerTiming: StartSerialService took to complete: 0ms
03-15 21:11:44.740  2032  2032 I SystemServer: StartHardwarePropertiesManagerService
03-15 21:11:44.741  1651  1651 I hwservicemanager: getTransport: Cannot find entry android.hardware.thermal@1.0::IThermal/default in either framework or device manifest.
03-15 21:11:44.741  2032  2032 D SystemServerTiming: StartHardwarePropertiesManagerService took to complete: 1ms
03-15 21:11:44.741  2032  2032 I SystemServer: StartTwilightService
03-15 21:11:44.741  2032  2032 I SystemServiceManager: Starting com.android.server.twilight.TwilightService
03-15 21:11:44.741  2032  2032 D SystemServerTiming: StartTwilightService took to complete: 0ms
03-15 21:11:44.742  2032  2032 I SystemServer: StartColorDisplay
03-15 21:11:44.742  2032  2032 I SystemServiceManager: Starting com.android.server.display.color.ColorDisplayService
03-15 21:11:44.744  2032  2032 D SystemServerTiming: StartColorDisplay took to complete: 2ms
03-15 21:11:44.744  2032  2032 I SystemServer: StartJobScheduler
03-15 21:11:44.744  2032  2032 I SystemServiceManager: Starting com.android.server.job.JobSchedulerService
03-15 21:11:44.752  2032  2032 D JobStore: Start tag: job-info
03-15 21:11:44.755  2032  2032 I JobStore: Read 3 jobs
03-15 21:11:44.758  2032  2032 D SystemServerTiming: StartJobScheduler took to complete: 14ms
03-15 21:11:44.758  2032  2032 I SystemServer: StartSoundTrigger
03-15 21:11:44.759  2032  2032 I SystemServiceManager: Starting com.android.server.soundtrigger.SoundTriggerService
03-15 21:11:44.760  2032  2032 D SystemServerTiming: StartSoundTrigger took to complete: 1ms
03-15 21:11:44.760  2032  2032 I SystemServer: StartTrustManager
03-15 21:11:44.760  2032  2032 I SystemServiceManager: Starting com.android.server.trust.TrustManagerService
03-15 21:11:44.761  2032  2032 D SystemServerTiming: StartTrustManager took to complete: 2ms
03-15 21:11:44.761  2032  2032 I SystemServer: StartBackupManager
03-15 21:11:44.761  2032  2032 I SystemServiceManager: Starting com.android.server.backup.BackupManagerService$Lifecycle
03-15 21:11:44.763  2032  2032 D SystemServerTiming: StartBackupManager took to complete: 2ms
03-15 21:11:44.763  2032  2032 I SystemServer: StartAppWidgetService
03-15 21:11:44.763  2032  2032 I SystemServiceManager: Starting com.android.server.appwidget.AppWidgetService
03-15 21:11:44.767  2032  2032 D SystemServerTiming: StartAppWidgetService took to complete: 3ms
03-15 21:11:44.767  2032  2032 I SystemServer: StartRoleManagerService
03-15 21:11:44.771  2032  2032 D SystemServerTiming: StartRoleManagerService took to complete: 4ms
03-15 21:11:44.771  2032  2032 I SystemServer: StartVoiceRecognitionManager
03-15 21:11:44.771  2032  2032 I SystemServiceManager: Starting com.android.server.voiceinteraction.VoiceInteractionManagerService
03-15 21:11:44.773  2032  2032 I RoleUserState: Read roles.xml successfully
03-15 21:11:44.773  2032  2032 D SystemServerTiming: StartVoiceRecognitionManager took to complete: 2ms
03-15 21:11:44.773  2032  2032 I SystemServer: StartGestureLauncher
03-15 21:11:44.773  2032  2032 I SystemServiceManager: Starting com.android.server.GestureLauncherService
03-15 21:11:44.774  2032  2032 D SystemServerTiming: StartGestureLauncher took to complete: 0ms
03-15 21:11:44.774  2032  2032 I SystemServer: StartSensorNotification
03-15 21:11:44.774  2032  2032 I SystemServiceManager: Starting com.android.server.SensorNotificationService
03-15 21:11:44.774  2032  2032 D SystemServerTiming: StartSensorNotification took to complete: 0ms
03-15 21:11:44.774  2032  2032 I SystemServer: StartContextHubSystemService
03-15 21:11:44.774  2032  2032 I SystemServiceManager: Starting com.android.server.ContextHubSystemService
03-15 21:11:44.774  2032  2032 D SystemServerTiming: StartContextHubSystemService took to complete: 0ms
03-15 21:11:44.774  2032  2032 I SystemServer: StartDiskStatsService
03-15 21:11:44.774  2032  2060 D SystemServerInitThreadPool: Started executing Init ContextHubSystemService
03-15 21:11:44.775  1651  1651 I hwservicemanager: getTransport: Cannot find entry android.hardware.contexthub@1.0::IContexthub/default in either framework or device manifest.
03-15 21:11:44.775  2032  2060 D SystemServerInitThreadPool: Finished executing Init ContextHubSystemService
03-15 21:11:44.776  2032  2032 D SystemServerTiming: StartDiskStatsService took to complete: 1ms
03-15 21:11:44.776  2032  2032 I SystemServer: RuntimeService
03-15 21:11:44.776  2032  2032 D SystemServerTiming: RuntimeService took to complete: 1ms
03-15 21:11:44.776  2032  2032 I SystemServer: StartNetworkTimeUpdateService
03-15 21:11:44.776  2032  2032 D SystemServer: Using networkTimeUpdater class=class com.android.server.NewNetworkTimeUpdateService
03-15 21:11:44.776  2032  2032 D SystemServerTiming: StartNetworkTimeUpdateService took to complete: 0ms
03-15 21:11:44.777  2032  2032 I SystemServer: CertBlacklister
03-15 21:11:44.777  2032  2032 D SystemServerTiming: CertBlacklister took to complete: 1ms
03-15 21:11:44.777  2032  2032 I SystemServer: StartEmergencyAffordanceService
03-15 21:11:44.777  2032  2032 I SystemServiceManager: Starting com.android.server.emergency.EmergencyAffordanceService
03-15 21:11:44.777  2032  2032 D SystemServerTiming: StartEmergencyAffordanceService took to complete: 0ms
03-15 21:11:44.777  2032  2032 I SystemServer: StartDreamManager
03-15 21:11:44.777  2032  2032 I SystemServiceManager: Starting com.android.server.dreams.DreamManagerService
03-15 21:11:44.778  2032  2032 D SystemServerTiming: StartDreamManager took to complete: 1ms
03-15 21:11:44.778  2032  2032 I SystemServer: AddGraphicsStatsService
03-15 21:11:44.779  2032  2032 D SystemServerTiming: AddGraphicsStatsService took to complete: 1ms
03-15 21:11:44.779  2032  2032 I SystemServer: StartPrintManager
03-15 21:11:44.779  2032  2032 I SystemServiceManager: Starting com.android.server.print.PrintManagerService
03-15 21:11:44.780  2032  2032 D SystemServerTiming: StartPrintManager took to complete: 1ms
03-15 21:11:44.780  2032  2032 I SystemServer: StartRestrictionManager
03-15 21:11:44.780  2032  2032 I SystemServiceManager: Starting com.android.server.restrictions.RestrictionsManagerService
03-15 21:11:44.782  2032  2032 D SystemServerTiming: StartRestrictionManager took to complete: 2ms
03-15 21:11:44.782  2032  2032 I SystemServer: StartMediaSessionService
03-15 21:11:44.782  2032  2032 I SystemServiceManager: Starting com.android.server.media.MediaSessionService
03-15 21:11:44.791  2032  2032 D SystemServerTiming: StartMediaSessionService took to complete: 9ms
03-15 21:11:44.791  2032  2032 I SystemServer: StartMediaResourceMonitor
03-15 21:11:44.791  2032  2032 I SystemServiceManager: Starting com.android.server.media.MediaResourceMonitorService
03-15 21:11:44.792  2032  2032 D SystemServerTiming: StartMediaResourceMonitor took to complete: 1ms
03-15 21:11:44.792  2032  2032 I SystemServer: StartMediaRouterService
03-15 21:11:44.793  2032  2032 D SystemServerTiming: StartMediaRouterService took to complete: 0ms
03-15 21:11:44.793  2032  2032 I SystemServer: StartFingerprintSensor
03-15 21:11:44.793  2032  2032 I SystemServiceManager: Starting com.android.server.biometrics.fingerprint.FingerprintService
03-15 21:11:44.797  2032  2110 D SystemServerInitThreadPool: Started executing FingerprintService.onStart
03-15 21:11:44.797  2032  2110 V FingerprintService: mDaemon was null, reconnect to fingerprint
03-15 21:11:44.797  2032  2032 D SystemServerTiming: StartFingerprintSensor took to complete: 5ms
03-15 21:11:44.798  2032  2032 I SystemServer: StartBiometricService
03-15 21:11:44.798  2032  2032 I SystemServiceManager: Starting com.android.server.biometrics.BiometricService
03-15 21:11:44.798  2032  2110 V FingerprintService: Fingerprint HAL id: 132184405041152
03-15 21:11:44.798  1848  1848 D FingerprintHal: ----------------> fingerprint_set_active_group -----------------> path /data/vendor_de/0/fpdata
03-15 21:11:44.798  1848  1848 D FingerprintHal: ----------------> loadFingerprints ----------------->
03-15 21:11:44.799  1848  1848 E FingerprintHal: Could not load fingerprints from storage at /data/vendor_de/0/fpdata/emufp.bin; it has not yet been created.
03-15 21:11:44.799  1848  1848 D FingerprintHal: ----------------> loadAuthenticatorId ----------------->
03-15 21:11:44.800  1848  1848 D FingerprintHal: Read authenticator id (0x6b8b4567327b23c6)
03-15 21:11:44.801  2032  2110 V FingerprintService: Enumerating user(0)
03-15 21:11:44.801  2032  2110 D SystemServerInitThreadPool: Finished executing FingerprintService.onStart
03-15 21:11:44.802  2032  2032 D SystemServerTiming: StartBiometricService took to complete: 5ms
03-15 21:11:44.802  2032  2032 I SystemServer: StartBackgroundDexOptService
03-15 21:11:44.804  2032  2032 D SystemServerTiming: StartBackgroundDexOptService took to complete: 2ms
03-15 21:11:44.804  2032  2032 I SystemServer: StartDynamicCodeLoggingService
03-15 21:11:44.806  2032  2032 D SystemServerTiming: StartDynamicCodeLoggingService took to complete: 2ms
03-15 21:11:44.807  2032  2032 I SystemServer: StartPruneInstantAppsJobService
03-15 21:11:44.808  1941  1941 E hostapd : Using interface wlan1 with hwaddr 02:15:b2:00:01:00 and ssid "AndroidWifi"
03-15 21:11:44.808  2032  2032 D SystemServerTiming: StartPruneInstantAppsJobService took to complete: 0ms
03-15 21:11:44.808  2032  2032 I SystemServer: StartShortcutServiceLifecycle
03-15 21:11:44.808  2032  2032 I SystemServiceManager: Starting com.android.server.pm.ShortcutService$Lifecycle
03-15 21:11:44.808  1941  1941 I hostapd : wlan1: interface state HT_SCAN->ENABLED
03-15 21:11:44.808  1941  1941 I hostapd : wlan1: AP-ENABLED 
03-15 21:11:44.810  2032  2032 D SystemServerTiming: StartShortcutServiceLifecycle took to complete: 2ms
03-15 21:11:44.811  2032  2032 I SystemServer: StartLauncherAppsService
03-15 21:11:44.811  2032  2032 I SystemServiceManager: Starting com.android.server.pm.LauncherAppsService
03-15 21:11:44.813  2032  2032 D SystemServerTiming: StartLauncherAppsService took to complete: 3ms
03-15 21:11:44.813  2032  2032 I SystemServer: StartCrossProfileAppsService
03-15 21:11:44.814  2032  2032 I SystemServiceManager: Starting com.android.server.pm.CrossProfileAppsService
03-15 21:11:44.815  2032  2032 D SystemServerTiming: StartCrossProfileAppsService took to complete: 2ms
03-15 21:11:44.815  2032  2032 I SystemServer: StartMediaProjectionManager
03-15 21:11:44.815  2032  2032 I SystemServiceManager: Starting com.android.server.media.projection.MediaProjectionManagerService
03-15 21:11:44.820  2032  2032 D SystemServerTiming: StartMediaProjectionManager took to complete: 5ms
03-15 21:11:44.820  2032  2032 I SystemServer: StartSliceManagerService
03-15 21:11:44.820  2032  2032 I SystemServiceManager: Starting com.android.server.slice.SliceManagerService$Lifecycle
03-15 21:11:44.823  2032  2032 D SystemServerTiming: StartSliceManagerService took to complete: 3ms
03-15 21:11:44.823  2032  2032 I SystemServer: StartCameraServiceProxy
03-15 21:11:44.823  2032  2032 I SystemServiceManager: Starting com.android.server.camera.CameraServiceProxy
03-15 21:11:44.827  2032  2032 D SystemServerTiming: StartCameraServiceProxy took to complete: 4ms
03-15 21:11:44.827  2032  2032 I SystemServer: StartStatsCompanionService
03-15 21:11:44.827  2032  2032 I SystemServiceManager: Starting com.android.server.stats.StatsCompanionService$Lifecycle
03-15 21:11:44.830  2032  2032 I StatsCompanionService: register thermal listener successfully
03-15 21:11:44.840  2032  2032 E KernelCpuThreadReader: Failed to initialize KernelCpuThreadReader
03-15 21:11:44.840  2032  2032 E KernelCpuThreadReader: java.nio.file.NoSuchFileException: /proc/self/time_in_state
03-15 21:11:44.840  2032  2032 E KernelCpuThreadReader: 	at sun.nio.fs.UnixFileSystemProvider.newByteChannel(UnixFileSystemProvider.java:214)
03-15 21:11:44.840  2032  2032 E KernelCpuThreadReader: 	at java.nio.file.Files.newByteChannel(Files.java:361)
03-15 21:11:44.840  2032  2032 E KernelCpuThreadReader: 	at java.nio.file.Files.newByteChannel(Files.java:407)
03-15 21:11:44.840  2032  2032 E KernelCpuThreadReader: 	at java.nio.file.Files.readAllBytes(Files.java:3152)
03-15 21:11:44.840  2032  2032 E KernelCpuThreadReader: 	at com.android.internal.os.ProcTimeInStateReader.initializeTimeInStateFormat(ProcTimeInStateReader.java:163)
03-15 21:11:44.840  2032  2032 E KernelCpuThreadReader: 	at com.android.internal.os.ProcTimeInStateReader.<init>(ProcTimeInStateReader.java:110)
03-15 21:11:44.840  2032  2032 E KernelCpuThreadReader: 	at com.android.internal.os.KernelCpuThreadReader.<init>(KernelCpuThreadReader.java:137)
03-15 21:11:44.840  2032  2032 E KernelCpuThreadReader: 	at com.android.internal.os.KernelCpuThreadReader.create(KernelCpuThreadReader.java:150)
03-15 21:11:44.840  2032  2032 E KernelCpuThreadReader: 	at com.android.internal.os.KernelCpuThreadReaderSettingsObserver.<init>(KernelCpuThreadReaderSettingsObserver.java:94)
03-15 21:11:44.840  2032  2032 E KernelCpuThreadReader: 	at com.android.internal.os.KernelCpuThreadReaderSettingsObserver.getSettingsModifiedReader(KernelCpuThreadReaderSettingsObserver.java:79)
03-15 21:11:44.840  2032  2032 E KernelCpuThreadReader: 	at com.android.server.stats.StatsCompanionService.<init>(StatsCompanionService.java:377)
03-15 21:11:44.840  2032  2032 E KernelCpuThreadReader: 	at com.android.server.stats.StatsCompanionService$Lifecycle.onStart(StatsCompanionService.java:2539)
03-15 21:11:44.840  2032  2032 E KernelCpuThreadReader: 	at com.android.server.SystemServiceManager.startService(SystemServiceManager.java:129)
03-15 21:11:44.840  2032  2032 E KernelCpuThreadReader: 	at com.android.server.SystemServiceManager.startService(SystemServiceManager.java:116)
03-15 21:11:44.840  2032  2032 E KernelCpuThreadReader: 	at com.android.server.SystemServer.startOtherServices(SystemServer.java:1879)
03-15 21:11:44.840  2032  2032 E KernelCpuThreadReader: 	at com.android.server.SystemServer.run(SystemServer.java:512)
03-15 21:11:44.840  2032  2032 E KernelCpuThreadReader: 	at com.android.server.SystemServer.main(SystemServer.java:349)
03-15 21:11:44.840  2032  2032 E KernelCpuThreadReader: 	at java.lang.reflect.Method.invoke(Native Method)
03-15 21:11:44.840  2032  2032 E KernelCpuThreadReader: 	at com.android.internal.os.RuntimeInit$MethodAndArgsCaller.run(RuntimeInit.java:492)
03-15 21:11:44.840  2032  2032 E KernelCpuThreadReader: 	at com.android.internal.os.ZygoteInit.main(ZygoteInit.java:908)
03-15 21:11:44.841  2032  2032 D SystemServerTiming: StartStatsCompanionService took to complete: 14ms
03-15 21:11:44.842  2032  2032 I SystemServer: StartIncidentCompanionService
03-15 21:11:44.842  2032  2032 I SystemServiceManager: Starting com.android.server.incident.IncidentCompanionService
03-15 21:11:44.842  2032  2032 D SystemServerTiming: StartIncidentCompanionService took to complete: 1ms
03-15 21:11:44.842  2032  2032 I SystemServer: StartMmsService
03-15 21:11:44.843  2032  2032 I SystemServiceManager: Starting com.android.server.MmsServiceBroker
03-15 21:11:44.843  2032  2032 D SystemServerTiming: StartMmsService took to complete: 1ms
03-15 21:11:44.843  2032  2032 I SystemServer: StartAutoFillService
03-15 21:11:44.843  2032  2032 I SystemServiceManager: Starting com.android.server.autofill.AutofillManagerService
03-15 21:11:44.847  2032  2032 D AutofillManagerService: setLogLevelFromSettings(): level=2, debug=true, verbose=false
03-15 21:11:44.850  2032  2032 D AutofillManagerService: setMaxPartitionsFromSettings(): 10
03-15 21:11:44.850  2032  2032 D AutofillManagerService: setMaxVisibleDatasetsFromSettings(): 0
03-15 21:11:44.852  2032  2032 D AutofillManagerServiceImpl: Reset component for user 0:
03-15 21:11:44.853  2032  2054 D AutofillUI: destroySaveUiUiThread(): already destroyed
03-15 21:11:44.853  2032  2032 D SystemServerTiming: StartAutoFillService took to complete: 10ms
03-15 21:11:44.854  2032  2032 I SystemServer: StartClipboardService
03-15 21:11:44.854  2032  2032 I SystemServiceManager: Starting com.android.server.clipboard.ClipboardService
03-15 21:11:44.855  2032  2032 D SystemServerTiming: StartClipboardService took to complete: 2ms
03-15 21:11:44.855  2032  2032 I SystemServer: AppServiceManager
03-15 21:11:44.855  2032  2032 I SystemServiceManager: Starting com.android.server.appbinding.AppBindingService$Lifecycle
03-15 21:11:44.856  2032  2032 D SystemServerTiming: AppServiceManager took to complete: 1ms
03-15 21:11:44.856  2032  2032 I SystemServer: MakeVibratorServiceReady
03-15 21:11:44.857  2032  2032 D SystemServerTiming: MakeVibratorServiceReady took to complete: 1ms
03-15 21:11:44.857  2032  2032 I SystemServer: MakeLockSettingsServiceReady
03-15 21:11:44.869  1651  1651 I hwservicemanager: getTransport: Cannot find entry android.hardware.weaver@1.0::IWeaver/default in either framework or device manifest.
03-15 21:11:44.869  2032  2032 I SyntheticPasswordManager: Device does not support weaver
03-15 21:11:44.869  1651  1651 I hwservicemanager: getTransport: Cannot find entry android.hardware.authsecret@1.0::IAuthSecret/default in either framework or device manifest.
03-15 21:11:44.869  2032  2032 I LockSettingsService: Device doesn't implement AuthSecret HAL
03-15 21:11:44.870  2032  2032 E LockSettingsStorage: Cannot read file java.io.FileNotFoundException: /data/system/gatekeeper.password.key: open failed: ENOENT (No such file or directory)
03-15 21:11:44.870  2032  2032 E LockSettingsStorage: Cannot read file java.io.FileNotFoundException: /data/system/password.key: open failed: ENOENT (No such file or directory)
03-15 21:11:44.870  2032  2032 E LockSettingsStorage: Cannot read file java.io.FileNotFoundException: /data/system/gatekeeper.pattern.key: open failed: ENOENT (No such file or directory)
03-15 21:11:44.871  2032  2032 E LockSettingsStorage: Cannot read file java.io.FileNotFoundException: /data/system/gatekeeper.gesture.key: open failed: ENOENT (No such file or directory)
03-15 21:11:44.871  2032  2032 E LockSettingsStorage: Cannot read file java.io.FileNotFoundException: /data/system/gesture.key: open failed: ENOENT (No such file or directory)
03-15 21:11:44.871  2032  2032 D SystemServerTiming: MakeLockSettingsServiceReady took to complete: 13ms
03-15 21:11:44.871  2032  2032 I SystemServer: StartBootPhaseLockSettingsReady
03-15 21:11:44.871  2032  2032 I SystemServiceManager: Starting phase 480
03-15 21:11:44.875  2032  2032 I DevicePolicyManager: Set ro.device_owner property to false
03-15 21:11:44.876  2032  2105 D SystemServerInitThreadPool: Started executing DevicePolicyManager
03-15 21:11:44.876  2032  2105 D SystemServerInitThreadPool: Finished executing DevicePolicyManager
03-15 21:11:44.880  2032  2032 D SystemServerTiming: StartBootPhaseLockSettingsReady took to complete: 10ms
03-15 21:11:44.880  2032  2032 I SystemServer: StartBootPhaseSystemServicesReady
03-15 21:11:44.880  2032  2032 I SystemServiceManager: Starting phase 500
03-15 21:11:44.881  2032  2032 D AppStandbyController: Setting app idle enabled state
03-15 21:11:44.886  2032  2032 D TestHarnessModeService: Setting up test harness mode
03-15 21:11:44.886  2032  2032 D TestHarnessModeService: Getting PersistentDataBlockManagerInternal from LocalServices
03-15 21:11:44.886  2032  2032 E TestHarnessModeService: Failed to start Test Harness Mode; no implementation of PersistentDataBlockManagerInternal was bound!
03-15 21:11:44.888  2032  2032 I WifiService: WifiService starting up with Wi-Fi enabled
03-15 21:11:44.893  2032  2071 I chatty  : uid=1000(system) HwBinder:2032_1 expire 1 line
03-15 21:11:44.924  1793  1961 D PermissionCache: checking android.permission.CAPTURE_AUDIO_HOTWORD for uid=1000 => granted (362 us)
03-15 21:11:44.924  2032  2032 W SoundTriggerHelper: listModules status=0, # of modules=0
03-15 21:11:44.925  2032  2032 D SystemServerTiming: StartBootPhaseSystemServicesReady took to complete: 45ms
03-15 21:11:44.925  2032  2032 I SystemServer: MakeWindowManagerServiceReady
03-15 21:11:44.930  2032  2032 D SystemServerTiming: MakeWindowManagerServiceReady took to complete: 4ms
03-15 21:11:44.930  2032  2032 I SystemServer: MakePowerManagerServiceReady
03-15 21:11:44.932  2032  2032 E DisplayPowerController: failed to set up display white-balance: java.lang.IllegalStateException: cannot find sensor com.google.sensor.color
03-15 21:11:44.936  2032  2135 I chatty  : uid=1000(system) WifiService expire 3 lines
03-15 21:11:44.939  1777  1777 I android.hardware.wifi@1.0-service: Wifi HAL started
03-15 21:11:44.939  2032  2137 I chatty  : uid=1000(system) WifiP2pService expire 4 lines
03-15 21:11:44.940  2032  2032 D SystemServerTiming: MakePowerManagerServiceReady took to complete: 10ms
03-15 21:11:44.941  2032  2032 I SystemServer: MakePackageManagerServiceReady
03-15 21:11:44.941  2032  2032 I PackageManager: Un-granting permission android.permission.GLOBAL_SEARCH from package com.android.quicksearchbox (protectionLevel=18 flags=0x3088be45)
03-15 21:11:44.942  2032  2032 I PackageManager: Un-granting permission android.permission.BIND_WALLPAPER from package com.android.camera2 (protectionLevel=18 flags=0x20d8bc45)
03-15 21:11:44.944  2032  2032 I PackageManager: Un-granting permission android.permission.CONNECTIVITY_USE_RESTRICTED_NETWORKS from package com.android.captiveportallogin (protectionLevel=18 flags=0x38c8be45)
03-15 21:11:44.944  2032  2032 I PackageManager: Un-granting permission android.permission.NETWORK_BYPASS_PRIVATE_DNS from package com.android.captiveportallogin (protectionLevel=2 flags=0x38c8be45)
03-15 21:11:44.944  2032  2070 W KeyguardServiceDelegate: onScreenTurningOn(): no keyguard service!
03-15 21:11:44.945  2032  2070 V DisplayPowerController: Brightness [102] reason changing to: 'override', previous reason: '0'.
03-15 21:11:44.946  1777  1777 I android.hardware.wifi@1.0-service: Adding interface handle for wlan0
03-15 21:11:44.946  1777  1777 W android.hardware.wifi@1.0-service: No active wlan interfaces in use! Using default
03-15 21:11:44.946  1777  1777 E android.hardware.wifi@1.0-service: Failed to register radio mode change callback
03-15 21:11:44.946  1777  1777 W android.hardware.wifi@1.0-service: No active wlan interfaces in use! Using default
03-15 21:11:44.948  2032  2032 V UserDataPreparer: Found /data/user_de/0 with serial number 0
03-15 21:11:44.948  2032  2032 V UserDataPreparer: Found /data/user/0 with serial number 0
03-15 21:11:44.948  2032  2032 V UserDataPreparer: Found /data/system_de/0 with serial number 0
03-15 21:11:44.949  2032  2032 V UserDataPreparer: Found /data/system_ce/0 with serial number 0
03-15 21:11:44.949  2032  2032 V UserDataPreparer: Found /data/misc_ce/0 with serial number -1
03-15 21:11:44.949  2032  2032 D UserDataPreparer: Serial number missing on /data/misc_ce/0; assuming current is valid
03-15 21:11:44.952  2032  2032 D SystemServerTiming: MakePackageManagerServiceReady took to complete: 12ms
03-15 21:11:44.952  2032  2032 I SystemServer: MakeDisplayManagerServiceReady
03-15 21:11:44.952  2032  2032 D SystemServerTiming: MakeDisplayManagerServiceReady took to complete: 0ms
03-15 21:11:44.953  2032  2032 I SystemServer: StartDeviceSpecificServices
03-15 21:11:44.953  2032  2032 D SystemServerTiming: StartDeviceSpecificServices took to complete: 0ms
03-15 21:11:44.953  2032  2032 I SystemServer: StartBootPhaseDeviceSpecificServicesReady
03-15 21:11:44.953  2032  2032 I SystemServiceManager: Starting phase 520
03-15 21:11:44.953  1777  1777 W libc    : Unable to set property "vendor.wlan.firmware.version" to "1.0": error code: 0x18
03-15 21:11:44.954  2032  2032 D SystemServerTiming: StartBootPhaseDeviceSpecificServicesReady took to complete: 2ms
03-15 21:11:44.954  2032  2032 I SystemServer: StartPermissionPolicyService
03-15 21:11:44.954  2032  2032 I SystemServiceManager: Starting com.android.server.policy.PermissionPolicyService
03-15 21:11:44.958  2032  2032 D SystemServerTiming: StartPermissionPolicyService took to complete: 4ms
03-15 21:11:44.958  2032  2032 W UsageStatsService: Event reported without a package name, eventType:15
03-15 21:11:44.959  2032  2032 I AppOps  : Pruning old package system/com.android.server.appop.AppOpsService$UidState@bbe6e20: new uid=-1
03-15 21:11:44.959  2032  2032 I ActivityManager: System now ready
03-15 21:11:44.960  1777  1777 W libc    : Unable to set property "vendor.wlan.driver.version" to "1.0": error code: 0x18
03-15 21:11:44.960  1777  1777 I android.hardware.wifi@1.0-service: Configured chip in mode 0
03-15 21:11:44.960  1777  1777 W android.hardware.wifi@1.0-service: No active wlan interfaces in use! Using default
03-15 21:11:44.963  1777  1777 E android.hardware.wifi@1.0-service: Failed to set DFS flag; DFS channels may be unavailable.
03-15 21:11:44.969  1829  1829 I wificond: create scanner for interface with index: 3
03-15 21:11:44.969  1829  1829 I wificond: subscribe scan result for interface with index: 3
03-15 21:11:44.969  1651  1651 I hwservicemanager: getTransport: Cannot find entry android.hardware.wifi.offload@1.0::IOffload/default in either framework or device manifest.
03-15 21:11:44.969  1829  1829 E wificond: No Offload Service available
03-15 21:11:44.969  1829  1829 I wificond: Offload HAL not supported 
03-15 21:11:44.971  1750  1750 I netd    : interfaceGetCfg("wlan0") <0.10ms>
03-15 21:11:44.972  1750  1750 I netd    : interfaceGetCfg("wlan0") <0.07ms>
03-15 21:11:44.976  2032  2067 E KernelCpuUidFreqTimeReader: Failed to read /proc/uid_time_in_state: java.nio.file.NoSuchFileException: /proc/uid_time_in_state
03-15 21:11:44.978  2032  2067 W KernelCpuProcStringReader: File not found. It's normal if not implemented: /proc/uid_time_in_state
03-15 21:11:44.978  2032  2067 W KernelCpuProcStringReader: File not found. It's normal if not implemented: /proc/uid_concurrent_active_time
03-15 21:11:44.978  2032  2067 W KernelCpuProcStringReader: File not found. It's normal if not implemented: /proc/uid_concurrent_policy_time
03-15 21:11:44.978  2032  2138 I chatty  : uid=1000(system) WifiScanningSer expire 3 lines
03-15 21:11:44.997  2032  2032 I SystemServer: Making services ready
03-15 21:11:44.997  2032  2032 I SystemServer: StartActivityManagerReadyPhase
03-15 21:11:44.997  2032  2032 I SystemServiceManager: Starting phase 550
03-15 21:11:45.000  1776  1776 I android.hardware.thermal@2.0-service-mock: A callback has been registered to ThermalHAL, isFilter: 0 Type: CPU
03-15 21:11:45.002  2032  2032 W ActivityManager: Too early to start/bind service in system_server: Phase=550 ComponentInfo{com.android.server.telecom/com.android.server.telecom.components.TelecomService}
03-15 21:11:45.002  2032  2032 W ActivityManager: Too early to start/bind service in system_server: Phase=550 ComponentInfo{com.android.server.telecom/com.android.server.telecom.components.TelecomService}
03-15 21:11:45.005  2032  2032 I SyncManager: No initial accounts
03-15 21:11:45.006  2032  2032 I SyncManager: No initial status
03-15 21:11:45.006  2032  2032 I SyncManager: No initial statistics
03-15 21:11:45.041  2032  2128 D StorageManagerService: Isolated storage local flag 0 and remote flag 0 resolved to true
03-15 21:11:45.041  2032  2032 I WallpaperManagerService: No static wallpaper imagery; defaults will be shown
03-15 21:11:45.041  2032  2032 V WallpaperManagerService: bindWallpaperComponentLocked: componentName=ComponentInfo{com.android.systemui/com.android.systemui.ImageWallpaper}
03-15 21:11:45.047  2032  2032 W WallpaperManagerService: Invalid wallpaper data
03-15 21:11:45.047  2032  2032 E WallpaperManagerService: Unable to apply new wallpaper
03-15 21:11:45.050  2032  2032 I AppBindingService: Updating constants with: null
03-15 21:11:45.051  2032  2150 I chatty  : uid=1000(system) AudioService expire 2 lines
03-15 21:11:45.053  2032  2032 D SystemServerTiming: StartActivityManagerReadyPhase took to complete: 56ms
03-15 21:11:45.053  2032  2032 I SystemServer: StartObservingNativeCrashes
03-15 21:11:45.054  2032  2032 D SystemServerTiming: StartObservingNativeCrashes took to complete: 1ms
03-15 21:11:45.054  1793  2107 I AudioFlinger: systemReady
03-15 21:11:45.054  2032  2032 I SystemServer: StartSystemUI
03-15 21:11:45.054  2032  2119 D SystemServerInitThreadPool: Started executing WebViewFactoryPreparation
03-15 21:11:45.054  2032  2119 I SystemServer: WebViewFactoryPreparation
03-15 21:11:45.055  2032  2032 D SystemServerTiming: StartSystemUI took to complete: 1ms
03-15 21:11:45.055  2032  2032 I SystemServer: MakeNetworkManagementServiceReady
03-15 21:11:45.057  1750  1750 I netd    : firewallSetFirewallType(1) <0.01ms>
03-15 21:11:45.058  2032  2067 E BatteryExternalStatsWorker: no controller energy info supplied for telephony
03-15 21:11:45.058  2032  2032 D SystemServerTiming: MakeNetworkManagementServiceReady took to complete: 3ms
03-15 21:11:45.058  2032  2032 I SystemServer: MakeIpSecServiceReady
03-15 21:11:45.059  1750  1750 I netd    : isAlive() -> {"true"} <0.01ms>
03-15 21:11:45.059  2032  2032 D IpSecService: IpSecService is ready
03-15 21:11:45.059  2032  2032 D SystemServerTiming: MakeIpSecServiceReady took to complete: 1ms
03-15 21:11:45.059  2032  2032 I SystemServer: MakeNetworkStatsServiceReady
03-15 21:11:45.081  2172  2172 W ndroid.systemu: Unexpected CPU variant for X86 using defaults: x86_64
03-15 21:11:45.091  2032  2119 D SystemServerTimingAsync: WebViewFactoryPreparation took to complete: 36ms
03-15 21:11:45.091  2032  2119 D SystemServerInitThreadPool: Finished executing WebViewFactoryPreparation
03-15 21:11:45.095  1751  1751 D Zygote  : Forked child process 2172
03-15 21:11:45.100  2032  2133 W NetworkPolicy: setRestrictBackgroundUL: already false
03-15 21:11:45.107  1750  1750 I netd    : trafficSwapActiveStatsMap() <44.61ms>
03-15 21:11:45.107  1750  1939 I netd    : firewallReplaceUidChain("fw_standby", "false", []) -> {"true"} <6.90ms>
03-15 21:11:45.108  2032  2045 I chatty  : uid=1000(system) HeapTaskDaemon expire 2 lines
03-15 21:11:45.110  2032  2133 I chatty  : uid=1000(system) NetworkPolicy expire 1 line
03-15 21:11:45.111  1750  1939 I netd    : tetherGetStats() <0.99ms>
03-15 21:11:45.113  2032  2063 W ActivityManager: Slow operation: 71ms so far, now at startProcess: returned from zygote!
03-15 21:11:45.114  2032  2063 W ActivityManager: Slow operation: 71ms so far, now at startProcess: done updating battery stats
03-15 21:11:45.114  2032  2063 W ActivityManager: Slow operation: 71ms so far, now at startProcess: building log message
03-15 21:11:45.114  2032  2063 I ActivityManager: Start proc 2172:com.android.systemui/u0a102 for service {com.android.systemui/com.android.systemui.ImageWallpaper}
03-15 21:11:45.114  2032  2063 W ActivityManager: Slow operation: 71ms so far, now at startProcess: starting to update pids map
03-15 21:11:45.114  2032  2063 W ActivityManager: Slow operation: 72ms so far, now at startProcess: done updating pids map
03-15 21:11:45.114  2032  2063 W ActivityManager: Slow operation: 53ms so far, now at startProcess: asking zygote to start proc
03-15 21:11:45.116  1750  1939 I netd    : bandwidthSetGlobalAlert(2097152) <2.12ms>
03-15 21:11:45.116  2032  2032 D SystemServerTiming: MakeNetworkStatsServiceReady took to complete: 57ms
03-15 21:11:45.117  2032  2032 I SystemServer: MakeConnectivityServiceReady
03-15 21:11:45.117  2032  2032 D ConnectivityService: requestNetwork for uid/pid:1000/2032 NetworkRequest [ REQUEST id=7, [ Capabilities: INTERNET&NOT_RESTRICTED&TRUSTED&NOT_VPN] ]
03-15 21:11:45.121  1750  1939 I netd    : networkSetPermissionForUser(1, [10083]) <0.01ms>
03-15 21:11:45.121  1750  1939 I netd    : networkSetPermissionForUser(2, [10112,10113,10114,1027,10115,10052,10059,2000,10067,10081,1000,1001,1002,10091,10096,1073,10101,10102,10103,10104,10105,10107,10108,10109,10110,10111]) <0.01ms>
03-15 21:11:45.121  1750  1939 I netd    : trafficSetNetPermForUids(12, [1001,1002,1013,10052]) <0.01ms>
03-15 21:11:45.121  1750  1939 I netd    : trafficSetNetPermForUids(4, [1000,1027,1073,2000,10055,10059,10063,10065,10071,10073,10077,10081,10083,10087,10091,10096,10101,10103,10105,10106,10107,10108,10111,10114]) <0.03ms>
03-15 21:11:45.122  1750  1939 I netd    : trafficSetNetPermForUids(8, [1041,1047]) <0.01ms>
03-15 21:11:45.122  1750  1939 I netd    : trafficSetNetPermForUids(0, [1003,1063,1066,1067,1068,10000,10001,10002,10003,10004,10005,10006,10007,10008,10009,10010,10011,10012,10013,10014,10015,10016,10017,10018,10019,10020,10021,10022,10023,10024,10025,10026,10027,10028,10029,10030,10031,10032,10033,10034,10035,10036,10037,10038,10039,10040,10041,10042,10043,10044,10045,10046,10047,10048,10049,10050,10051,10053,10054,10056,10057,10058,10060,10061,10062,10064,10066,10067,10068,10069,10070,10072,10074,10075,10076,10078,10079,10080,10082,10084,10085,10086,10088,10089,10090,10092,10093,10094,10095,10097,10098,10099,10100,10102,10104,10109,10110,10112,10113,10115]) <0.05ms>
03-15 21:11:45.122  2032  2032 D SystemServerTiming: MakeConnectivityServiceReady took to complete: 6ms
03-15 21:11:45.122  2032  2032 I SystemServer: MakeNetworkPolicyServiceReady
03-15 21:11:45.122  2032  2032 D SystemServerTiming: MakeNetworkPolicyServiceReady took to complete: 0ms
03-15 21:11:45.122  2032  2032 I SystemServer: PhaseThirdPartyAppsCanStart
03-15 21:11:45.122  2032  2032 I SystemServiceManager: Starting phase 600
03-15 21:11:45.131  1826  1950 D StagefrightPluginLoader: CCodec is disabled.
03-15 21:11:45.131  1826  1950 D StagefrightPluginLoader: Handle or CreateInputSurface symbol is null
03-15 21:11:45.131  1826  1950 D MediaCodecList: Allowing all OMX codecs
03-15 21:11:45.131  1826  1950 D StagefrightPluginLoader: Handle or CreateBuilder symbol is null
03-15 21:11:45.137  2032  2032 I ExplicitHealthCheckController: Explicit health checks enabled.
03-15 21:11:45.137  2032  2032 I PackageWatchdog: Syncing state, reason: health check state enabled
03-15 21:11:45.137  2032  2032 I PackageWatchdog: Not pruning observers, elapsed time: 0ms
03-15 21:11:45.140  2032  2032 I PackageWatchdog: Cancelling state sync, nothing to sync
03-15 21:11:45.140  2032  2061 I PackageWatchdog: Saving observer state to file
03-15 21:11:45.141  1826  1950 I OMXClient: IOmx service obtained
03-15 21:11:45.142  1831  1831 I OMXMaster: makeComponentInstance(OMX.google.aac.decoder) in android.hardwar process
03-15 21:11:45.143  2032  2032 V WallpaperManagerService: bindWallpaperComponentLocked: componentName=ComponentInfo{com.android.systemui/com.android.systemui.ImageWallpaper}
03-15 21:11:45.151  2172  2172 I ndroid.systemu: The ClassLoaderContext is a special shared library.
03-15 21:11:45.162  2032  2032 I StatsCompanionService: Told statsd that StatsCompanionService is alive.
03-15 21:11:45.162  2032  2032 D SystemServerTiming: PhaseThirdPartyAppsCanStart took to complete: 40ms
03-15 21:11:45.162  2032  2032 I SystemServer: StartNetworkStack
03-15 21:11:45.163  1826  1950 I OMXClient: IOmx service obtained
03-15 21:11:45.163  1831  1831 I OMXMaster: makeComponentInstance(OMX.google.amrnb.decoder) in android.hardwar process
03-15 21:11:45.164  2032  2032 D SystemServerTiming: StartNetworkStack took to complete: 1ms
03-15 21:11:45.164  2032  2032 I SystemServer: MakeLocationServiceReady
03-15 21:11:45.165  1651  1651 I hwservicemanager: getTransport: Cannot find entry android.hardware.gnss@2.0::IGnss/default in either framework or device manifest.
03-15 21:11:45.165  1651  1651 I hwservicemanager: getTransport: Cannot find entry android.hardware.gnss@1.1::IGnss/default in either framework or device manifest.
03-15 21:11:45.170  1752  1752 D Zygote  : Forked child process 2209
03-15 21:11:45.173  1826  1950 I OMXClient: IOmx service obtained
03-15 21:11:45.174  1831  1831 I OMXMaster: makeComponentInstance(OMX.google.amrwb.decoder) in android.hardwar process
03-15 21:11:45.174  2032  2063 W ActivityManager: Slow operation: 113ms so far, now at startProcess: returned from zygote!
03-15 21:11:45.174  2032  2063 W ActivityManager: Slow operation: 113ms so far, now at startProcess: done updating battery stats
03-15 21:11:45.174  2032  2063 W ActivityManager: Slow operation: 113ms so far, now at startProcess: building log message
03-15 21:11:45.174  2032  2063 I ActivityManager: Start proc 2209:WebViewLoader-x86/1037 [android.webkit.WebViewLibraryLoader$RelroFileCreator] for null
03-15 21:11:45.174  2032  2063 W ActivityManager: Slow operation: 113ms so far, now at startProcess: starting to update pids map
03-15 21:11:45.174  2032  2063 W ActivityManager: Slow operation: 113ms so far, now at startProcess: done updating pids map
03-15 21:11:45.174  2032  2063 W ActivityManager: Slow operation: 113ms so far, now at startProcess: asking zygote to start proc
03-15 21:11:45.176  2032  2032 W LocationManagerService: no network location provider found
03-15 21:11:45.176  2032  2032 E LocationManagerService: no geocoder provider found
03-15 21:11:45.176  2032  2032 D LocationManagerService: Unable to bind FLP Geofence proxy.
03-15 21:11:45.176  2032  2032 D LocationManagerService: Hardware Activity-Recognition not supported.
03-15 21:11:45.176  2032  2032 D LocationManagerService: Unable to bind ActivityRecognitionProxy.
03-15 21:11:45.177  2032  2032 D SystemServerTiming: MakeLocationServiceReady took to complete: 14ms
03-15 21:11:45.177  2032  2032 I SystemServer: MakeCountryDetectionServiceReady
03-15 21:11:45.177  2032  2032 D SystemServerTiming: MakeCountryDetectionServiceReady took to complete: 0ms
03-15 21:11:45.177  2032  2032 I SystemServer: MakeNetworkTimeUpdateReady
03-15 21:11:45.177  2032  2053 I chatty  : uid=1000(system) android.fg expire 23 lines
03-15 21:11:45.178  1767  1767 I GnssHAL_GnssInterface: getExtensionXtra: GnssXtra interface not implemented by HAL
03-15 21:11:45.178  1767  1767 I GnssHAL_GnssInterface: getExtensionAGnssRil: GnssRil interface not implemented by HAL
03-15 21:11:45.179  1767  1767 E GnssHAL_GnssInterface: getExtensionAGnss: AGnss interface not implemented by HAL
03-15 21:11:45.179  1767  1767 I GnssHAL_GnssInterface: getExtensionGnssNavigationMessage: GnssNavigationMessage interface not implemented by HAL
03-15 21:11:45.179  1767  1767 E GnssHAL_GnssInterface: getExtensionGnssMeasurement: GnssMeasurement interface not implemented by HAL
03-15 21:11:45.180  2032  2032 D ConnectivityService: requestNetwork for uid/pid:1000/2032 NetworkRequest [ TRACK_DEFAULT id=9, [ Capabilities: INTERNET&NOT_RESTRICTED&TRUSTED Uid: 1000] ]
03-15 21:11:45.180  2032  2032 D SystemServerTiming: MakeNetworkTimeUpdateReady took to complete: 3ms
03-15 21:11:45.180  2032  2032 I SystemServer: MakeInputManagerServiceReady
03-15 21:11:45.180  2032  2032 D SystemServerTiming: MakeInputManagerServiceReady took to complete: 0ms
03-15 21:11:45.180  2032  2032 I SystemServer: MakeTelephonyRegistryReady
03-15 21:11:45.180  1767  1767 I GnssHAL_GnssInterface: getExtensionGnssDebug: GnssDebug interface not implemented by HAL
03-15 21:11:45.181  2032  2032 D SystemServerTiming: MakeTelephonyRegistryReady took to complete: 0ms
03-15 21:11:45.181  1826  1950 I OMXClient: IOmx service obtained
03-15 21:11:45.181  1831  1831 I OMXMaster: makeComponentInstance(OMX.google.flac.decoder) in android.hardwar process
03-15 21:11:45.181  1767  1767 I GnssHAL_GnssInterface: getExtensionGnssNi: GnssNi interface not implemented by HAL
03-15 21:11:45.181  1767  1767 E GnssHAL_GnssInterface: getExtensionGnssConfiguration: GnssConfiguration interface not implemented by HAL
03-15 21:11:45.182  1767  1767 E GnssHAL_GnssInterface: getExtensionGnssGeofencing: GnssGeofencing interface not implemented by HAL
03-15 21:11:45.182  2032  2032 I SystemServer: MakeMediaRouterServiceReady
03-15 21:11:45.182  2032  2032 D SystemServerTiming: MakeMediaRouterServiceReady took to complete: 0ms
03-15 21:11:45.182  2032  2032 I SystemServer: MakeMmsServiceReady
03-15 21:11:45.182  2032  2032 I MmsServiceBroker: Delay connecting to MmsService until an API is called
03-15 21:11:45.182  2032  2032 D SystemServerTiming: MakeMmsServiceReady took to complete: 0ms
03-15 21:11:45.182  2032  2032 I SystemServer: IncidentDaemonReady
03-15 21:11:45.182  1767  1767 E GnssHAL_GnssInterface: gnss flp hw_get_module failed: -2
03-15 21:11:45.182  1767  1767 E GnssHAL_GnssInterface: getExtensionGnssBatching: GnssBatching interface is not implemented by HAL
03-15 21:11:45.182  1767  1767 E GnssHAL_GnssInterface: calling setCallback
03-15 21:11:45.185  2209  2209 W WebViewLoader-: Unexpected CPU variant for X86 using defaults: x86_64
03-15 21:11:45.189  2032  2032 D SystemServerTiming: IncidentDaemonReady took to complete: 7ms
03-15 21:11:45.189  2032  2032 I ActivityManager: Current user:0
03-15 21:11:45.189  2032  2032 I SystemServiceManager: Calling onStartUser u0
03-15 21:11:45.197  1751  1751 D Zygote  : Forked child process 2227
03-15 21:11:45.197  2032  2032 W VoiceInteractionManagerService: no available voice interaction services found for user 0
03-15 21:11:45.197  2032  2032 W VoiceInteractionManagerService: no available voice recognition services found for user 0
03-15 21:11:45.198  2032  2063 W ActivityManager: Slow operation: 137ms so far, now at startProcess: returned from zygote!
03-15 21:11:45.198  2032  2063 W ActivityManager: Slow operation: 137ms so far, now at startProcess: done updating battery stats
03-15 21:11:45.199  2032  2063 W ActivityManager: Slow operation: 137ms so far, now at startProcess: building log message
03-15 21:11:45.199  2032  2063 I ActivityManager: Start proc 2227:WebViewLoader-x86_64/1037 [android.webkit.WebViewLibraryLoader$RelroFileCreator] for null
03-15 21:11:45.199  2032  2063 W ActivityManager: Slow operation: 137ms so far, now at startProcess: starting to update pids map
03-15 21:11:45.199  2032  2063 W ActivityManager: Slow operation: 138ms so far, now at startProcess: done updating pids map
03-15 21:11:45.201  1826  1950 I OMXClient: IOmx service obtained
03-15 21:11:45.201  1831  1831 I OMXMaster: makeComponentInstance(OMX.google.g711.alaw.decoder) in android.hardwar process
03-15 21:11:45.201  2032  2032 I ActivityTaskManager: START u0 {act=android.intent.action.MAIN cat=[android.intent.category.HOME] flg=0x10000100 cmp=com.android.settings/.FallbackHome} from uid 0
03-15 21:11:45.206  2032  2032 I ActivityTaskManager: Loaded persisted task ids for user 0
03-15 21:11:45.209  1826  1950 I OMXClient: IOmx service obtained
03-15 21:11:45.209  1831  1831 I OMXMaster: makeComponentInstance(OMX.google.g711.mlaw.decoder) in android.hardwar process
03-15 21:11:45.212  1826  1950 I OMXClient: IOmx service obtained
03-15 21:11:45.212  1831  1831 I OMXMaster: makeComponentInstance(OMX.google.gsm.decoder) in android.hardwar process
03-15 21:11:45.219  1826  1950 I OMXClient: IOmx service obtained
03-15 21:11:45.219  1831  1906 I OMXMaster: makeComponentInstance(OMX.google.mp3.decoder) in android.hardwar process
03-15 21:11:45.222  2227  2227 W WebViewLoader-: Unexpected CPU variant for X86 using defaults: x86_64
03-15 21:11:45.235  2032  2049 W StorageManagerService: No primary storage defined yet; hacking together a stub
03-15 21:11:45.245  1826  1950 I OMXClient: IOmx service obtained
03-15 21:11:45.246  1831  1906 I OMXMaster: makeComponentInstance(OMX.google.opus.decoder) in android.hardwar process
03-15 21:11:45.259  2032  2032 D SystemServerTiming: ActivityManagerStartApps took to complete: 70ms
03-15 21:11:45.259  2032  2032 D SystemServerTiming: PhaseActivityManagerReady took to complete: 301ms
03-15 21:11:45.263  2032  2032 D SystemServerInitThreadPool: Shutdown successful
03-15 21:11:45.264  2032  2032 D SystemServerTiming: StartServices took to complete: 3261ms
03-15 21:11:45.265  1767  1767 E GnssHAL_GnssInterface: calling setCallback
03-15 21:11:45.265  1767  1767 W GnssHAL_GnssInterface: setCallback called more than once. Unexpected unless test.
03-15 21:11:45.265  2209  2209 V WebViewLibraryLoader: RelroFileCreator (64bit = false), package: com.android.webview library: libwebviewchromium.so
03-15 21:11:45.270  2172  2172 W AlarmManager: Unrecognized alarm listener com.android.systemui.keyguard.-$$Lambda$KeyguardSliceProvider$IhzByd8TsqFuOrSyuGurVskyPLo@73af35f
