03-15 21:11:49.952  2293  2346 D IccSmsInterfaceManager: [IccSmsInterfaceManager] Failed to remove GSM cell broadcast channels range 4395 to 4395
03-15 21:11:49.963  2293  2346 D IccSmsInterfaceManager: [IccSmsInterfaceManager] Calling setGsmBroadcastConfig with 1 configurations
03-15 21:11:49.967  2293  2346 D IccSmsInterfaceManager: [IccSmsInterfaceManager] Failed to add GSM cell broadcast channels range 4352 to 4354
03-15 21:11:49.968  2293  2346 D IccSmsInterfaceManager: [IccSmsInterfaceManager] Calling setGsmBroadcastConfig with 1 configurations
03-15 21:11:49.972  2293  2346 D IccSmsInterfaceManager: [IccSmsInterfaceManager] Failed to add GSM cell broadcast channels range 4356 to 4356
03-15 21:11:49.990  2293  2346 D IccSmsInterfaceManager: [IccSmsInterfaceManager] Failed to remove GSM cell broadcast channels range 4355 to 4355
03-15 21:11:49.999  2293  2346 D IccSmsInterfaceManager: [IccSmsInterfaceManager] Calling setGsmBroadcastConfig with 1 configurations
03-15 21:11:50.006  2293  2346 D IccSmsInterfaceManager: [IccSmsInterfaceManager] Failed to add GSM cell broadcast channels range 4396 to 4396
03-15 21:11:50.009  2293  2346 D IccSmsInterfaceManager: [IccSmsInterfaceManager] Calling setGsmBroadcastConfig with 1 configurations
03-15 21:11:50.013  2293  2346 D IccSmsInterfaceManager: [IccSmsInterfaceManager] Failed to add GSM cell broadcast channels range 4397 to 4397
03-15 21:11:50.022  1659  1665 D vold    : /dev/block/vold/public:253,80: 2 files, 1044468 free (522234 clusters)
03-15 21:11:50.022  1659  1665 D vold    : 
03-15 21:11:50.023  1659  1665 I vold    : Filesystem check completed OK
03-15 21:11:50.028  1659  1665 D vold    : Waiting for FUSE to spin up...
03-15 21:11:50.031  2293  2346 D IccSmsInterfaceManager: [IccSmsInterfaceManager] Failed to remove GSM cell broadcast channels range 4398 to 4398
03-15 21:11:50.031  2742  2742 W sdcard  : Device explicitly enabled sdcardfs
03-15 21:11:50.032  2293  2346 D IccSmsInterfaceManager: [IccSmsInterfaceManager] Failed to remove GSM cell broadcast channels range 4399 to 4399
03-15 21:11:50.039  2253  2719 D NetworkMonitor/100: PROBE_HTTPS https://www.google.com/generate_204 time=208ms ret=204 request={Connection=[close], User-Agent=[Mozilla/5.0 (X11; Linux x86_64) AppleWebKit/537.36 (KHTML, like Gecko) Chrome/60.0.3112.32 Safari/537.36]} headers={null=[HTTP/1.1 204 No Content], Alt-Svc=[h3=":443"; ma=2592000,h3-29=":443"; ma=2592000], Connection=[close], Content-Length=[0], Cross-Origin-Resource-Policy=[cross-origin], Date=[Sun, 15 Mar 2026 21:11:51 GMT], X-Android-Received-Millis=[1773609110037], X-Android-Response-Source=[NETWORK 204], X-Android-Selected-Protocol=[http/1.1], X-Android-Sent-Millis=[1773609110028]}
03-15 21:11:50.040  2567  2624 D CellBroadcastConfigService: Enable CellBroadcast on sub 1
03-15 21:11:50.055  2253  2718 D NetworkMonitor/100: isCaptivePortal: isSuccessful()=true isPortal()=false RedirectUrl=null isPartialConnectivity()=false Time=326ms
03-15 21:11:50.056  2032  2139 D ConnectivityService: NetworkAgentInfo [MOBILE (LTE) - 100] validation passed
03-15 21:11:50.058  2032  2139 D ConnectivityService: Setting DNS servers for network 100 to [/10.0.2.3]
03-15 21:11:50.058  2032  2139 D DnsManager: setDnsConfigurationForNetwork(100, [10.0.2.3], [], 1800, 25, 8, 64, 0, 0, , [10.0.2.3])
03-15 21:11:50.059  2293  2335 D IccSmsInterfaceManager: [IccSmsInterfaceManager] Calling setGsmBroadcastConfig with 1 configurations
03-15 21:11:50.059  1750  1939 I netd    : DnsResolverService::setResolverConfiguration(100, [10.0.2.3], [], 1800, 25, 8, 64, 0, 0, [10.0.2.3], []) -> (0) (0.05ms)
03-15 21:11:50.059  1750  1939 I netd    : setResolverConfiguration() <0.12ms>
03-15 21:11:50.060  2032  2053 I GnssNetworkConnectivityHandler: updateNetworkState, state=CLOSED, connected=true, network=100, capabilities=[ Transports: CELLULAR Capabilities: MMS&SUPL&DUN&FOTA&IMS&CBS&INTERNET&NOT_RESTRICTED&TRUSTED&NOT_VPN&VALIDATED&NOT_ROAMING&FOREGROUND&NOT_CONGESTED&NOT_SUSPENDED LinkUpBandwidth>=51200Kbps LinkDnBandwidth>=102400Kbps Specifier: <1>], apn: epc.tmobile.com, availableNetworkCount: 1
03-15 21:11:50.064  2293  2335 D IccSmsInterfaceManager: [IccSmsInterfaceManager] Failed to add GSM cell broadcast channels range 4370 to 4370
03-15 21:11:50.066  2293  2335 D IccSmsInterfaceManager: [IccSmsInterfaceManager] Calling setCdmaBroadcastConfig with 1 configurations
03-15 21:11:50.070  2293  2335 D IccSmsInterfaceManager: [IccSmsInterfaceManager] Failed to add cdma broadcast channels range 4096 to 4096
03-15 21:11:50.072  2293  2335 D IccSmsInterfaceManager: [IccSmsInterfaceManager] Calling setGsmBroadcastConfig with 1 configurations
03-15 21:11:50.081  1659  2477 D vold    : Linking /storage/emulated/0 to /mnt/user/0/primary
03-15 21:11:50.085  1818  1849 D installd: Found quota mount /dev/block/vdc at /data
03-15 21:11:50.085  1818  1849 D installd: Found storage mount /data/media at /mnt/runtime/default/emulated
03-15 21:11:50.085  1818  1849 D installd: Found storage mount /mnt/media_rw/0000-0000 at /mnt/runtime/default/0000-0000
03-15 21:11:50.087  2293  2335 D IccSmsInterfaceManager: [IccSmsInterfaceManager] Failed to add GSM cell broadcast channels range 4383 to 4383
03-15 21:11:50.091  2032  2062 W SystemServiceManager: Service com.android.server.StorageManagerService$Lifecycle took 317 ms in onUnlockUser 
03-15 21:11:50.093  2032  2062 D WifiService: Handle user unlock 0
03-15 21:11:50.096  2032  2156 I BackupManagerService: Starting service for user: 0
03-15 21:11:50.096  2172  2172 D StorageNotification: Notifying about public volume: VolumeInfo{public:253,80}:
03-15 21:11:50.096  2172  2172 D StorageNotification:     type=PUBLIC diskId=disk:253,80 partGuid= mountFlags=VISIBLE mountUserId=0 
03-15 21:11:50.096  2172  2172 D StorageNotification:     state=MOUNTED 
03-15 21:11:50.096  2172  2172 D StorageNotification:     fsType=vfat fsUuid=0000-0000 fsLabel=SDCARD 
03-15 21:11:50.096  2172  2172 D StorageNotification:     path=/storage/0000-0000 internalPath=/mnt/media_rw/0000-0000 
03-15 21:11:50.098  2032  2062 W VoiceInteractionManagerService: no available voice interaction services found for user 0
03-15 21:11:50.098  2032  2062 W VoiceInteractionManagerService: no available voice recognition services found for user 0
03-15 21:11:50.101  2032  2062 D AutofillManagerServiceImpl: Reset component for user 0:
03-15 21:11:50.101  2032  2054 D AutofillUI: destroySaveUiUiThread(): already destroyed
03-15 21:11:50.101  2032  2062 D FieldClassificationStrategy: reset(): service is not bound. Do nothing.
03-15 21:11:50.102  2032  2062 I ActivityManager: User 0 state changed from RUNNING_UNLOCKING to RUNNING_UNLOCKED
03-15 21:11:50.102  2032  2062 D SystemServerTiming: SystemUserUnlock took to complete: 1144ms
03-15 21:11:50.103  2032  2062 V ActivityManager: Installing ContentProviderInfo{name=com.android.launcher3 className=com.android.quickstep.LauncherSearchIndexablesProvider}
03-15 21:11:50.103  2032  2062 V ActivityManager: Installing ContentProviderInfo{name=com.android.launcher3.settings className=com.android.launcher3.LauncherProvider}
03-15 21:11:50.104  2032  2053 I ActivityTaskManager: Loading recents for user 0 into memory.
03-15 21:11:50.111  2032  2062 I ActivityManager: Posting BOOT_COMPLETED user #0
03-15 21:11:50.111  2032  2156 V BackupManagerService: Starting with transport com.android.localtransport/.LocalTransport
03-15 21:11:50.116  2032  2061 I SELinux : SELinux: Loaded file_contexts
03-15 21:11:50.116  1751  1751 D Zygote  : Forked child process 2752
03-15 21:11:50.117  2032  2063 I ActivityManager: Start proc 2752:com.android.se/1068 for added application com.android.se
03-15 21:11:50.121  2752  2752 W com.android.se: Unexpected CPU variant for X86 using defaults: x86_64
03-15 21:11:50.127  2032  2055 I DropBoxManagerService: add tag=system_server_strictmode isTagEnabled=true flags=0x2
03-15 21:11:50.133  2293  2335 D IccSmsInterfaceManager: [IccSmsInterfaceManager] Calling setGsmBroadcastConfig with 1 configurations
03-15 21:11:50.134  2032  2055 I chatty  : uid=1000(system) android.io identical 2 lines
03-15 21:11:50.136  2032  2055 I DropBoxManagerService: add tag=system_server_strictmode isTagEnabled=true flags=0x2
03-15 21:11:50.137  2032  2032 I SyncManager: Loaded persisted syncs: 0 periodic syncs, 0 oneshot syncs, 11 total system server jobs, JobStats: FirstLoad: 3/2/0 LastSave: -1/-1/-1
03-15 21:11:50.137  2032  2136 D WakeupConfigStoreData: WifiWake user data has been read
03-15 21:11:50.137  2032  2136 D WifiConfigStore: Reading from user stores completed in 44 ms.
03-15 21:11:50.138  2293  2335 D IccSmsInterfaceManager: [IccSmsInterfaceManager] Failed to add GSM cell broadcast channels range 4371 to 4372
03-15 21:11:50.139  2032  2055 I DropBoxManagerService: add tag=system_server_strictmode isTagEnabled=true flags=0x2
03-15 21:11:50.153  2293  2521 D IccSmsInterfaceManager: [IccSmsInterfaceManager] Calling setCdmaBroadcastConfig with 1 configurations
03-15 21:11:50.148  2032  2055 I chatty  : uid=1000(system) android.io identical 4 lines
03-15 21:11:50.150  2032  2055 I DropBoxManagerService: add tag=system_server_strictmode isTagEnabled=true flags=0x2
03-15 21:11:50.154  2032  2032 V NotificationAssistants: disabling notification assistant for user 0: ComponentInfo{android.ext.services/android.ext.services.notification.Assistant}
03-15 21:11:50.154  2032  2032 D NotificationListeners: Removing active service ComponentInfo{android.ext.services/android.ext.services.notification.Assistant}
03-15 21:11:50.155  2293  2293 D CarrierSvcBindHelper: Received android.intent.action.USER_UNLOCKED
03-15 21:11:50.156  2321  2321 D FallbackHome: User unlocked and real home found; let's go!
03-15 21:11:50.158  2032  2032 V NotificationAssistants: enabling notification assistant for 0: ComponentInfo{android.ext.services/android.ext.services.notification.Assistant}
03-15 21:11:50.158  2032  2032 V NotificationAssistants: binding: Intent { act=android.service.notification.NotificationAssistantService cmp=android.ext.services/.notification.Assistant (has extras) }
03-15 21:11:50.159  2293  2293 D CarrierSvcBindHelper: No carrier app for: 0
03-15 21:11:50.159  2293  2293 D IntentBroadcaster: Rebroadcasting intent android.intent.action.SIM_STATE_CHANGED LOADED for slotId 0
03-15 21:11:50.168  2032  2407 I ActivityTaskManager: START u0 {act=android.intent.action.MAIN cat=[android.intent.category.HOME] flg=0x10000100 cmp=com.android.launcher3/.Launcher} from uid 0
03-15 21:11:50.172  2032  2407 W InputReader: Device has associated, but no associated display id.
03-15 21:11:50.179  2032  2032 V NotificationListeners: enabling notification listener for 0: ComponentInfo{com.android.launcher3/com.android.launcher3.notification.NotificationListener}
03-15 21:11:50.179  2032  2032 V NotificationListeners: binding: Intent { act=android.service.notification.NotificationListenerService cmp=com.android.launcher3/.notification.NotificationListener (has extras) }
03-15 21:11:50.180  2032  2156 D BackupManagerService: Started thread backup-0 for user 0
03-15 21:11:50.175  2032  2407 I chatty  : uid=1000(system) Binder:2032_7 identical 38 lines
03-15 21:11:50.175  2032  2407 W InputReader: Device has associated, but no associated display id.
03-15 21:11:50.185  1750  1939 I netd    : bandwidthRemoveInterfaceQuota("radio0") <1.48ms>
03-15 21:11:50.188  1750  1939 I netd    : bandwidthSetInterfaceQuota("radio0", 9223372036854775807) <2.43ms>
03-15 21:11:50.192  1750  1939 I netd    : bandwidthSetGlobalAlert(2097152) <0.25ms>
03-15 21:11:50.216  2032  2032 I AccountManagerService: User 0 is unlocked - opening CE database
03-15 21:11:50.219  2293  2521 D IccSmsInterfaceManager: [IccSmsInterfaceManager] Failed to add cdma broadcast channels range 4097 to 4097
03-15 21:11:50.221  2293  2595 D IccSmsInterfaceManager: [IccSmsInterfaceManager] Calling setGsmBroadcastConfig with 1 configurations
03-15 21:11:50.226  2752  2752 I com.android.se: The ClassLoaderContext is a special shared library.
03-15 21:11:50.226  2293  2595 D IccSmsInterfaceManager: [IccSmsInterfaceManager] Failed to add GSM cell broadcast channels range 4384 to 4385
03-15 21:11:50.250  2752  2752 I SecureElementService: main onCreate
03-15 21:11:50.253  1651  1651 I hwservicemanager: getTransport: Cannot find entry android.hardware.secure_element@1.1::ISecureElement/eSE1 in either framework or device manifest.
03-15 21:11:50.253  2752  2752 D SecureElement-Terminal-eSE1: SE Hal V1.1 is not supported
03-15 21:11:50.253  1651  1651 I hwservicemanager: getTransport: Cannot find entry android.hardware.secure_element@1.0::ISecureElement/eSE1 in either framework or device manifest.
03-15 21:11:50.254  2752  2752 I SecureElementService: No HAL implementation for eSE1
03-15 21:11:50.254  2425  2425 W ActivityThread: handleWindowVisibility: no activity for token android.os.BinderProxy@4288b2a
03-15 21:11:50.255  1651  1651 I hwservicemanager: getTransport: Cannot find entry android.hardware.secure_element@1.1::ISecureElement/SIM1 in either framework or device manifest.
03-15 21:11:50.256  2752  2752 D SecureElement-Terminal-SIM1: SE Hal V1.1 is not supported
03-15 21:11:50.256  1651  1651 I hwservicemanager: getTransport: Cannot find entry android.hardware.secure_element@1.0::ISecureElement/SIM1 in either framework or device manifest.
03-15 21:11:50.256  2752  2752 I SecureElementService: No HAL implementation for SIM1
03-15 21:11:50.258  2032  2053 I AppWidgetServiceImpl: Processing of handleUserUnlocked u0 took 144 ms
03-15 21:11:50.258  2032  2053 W Looper  : Slow dispatch took 147ms android.fg h=android.os.Handler c=com.android.server.am.-$$Lambda$UserController$Injector$MYTLl7MOQKjyMJknWdxPeBLoPCc@36d9a71 m=0
03-15 21:11:50.266  1797  1891 E SurfaceFlinger: ro.sf.lcd_density must be defined as a build property
03-15 21:11:50.268  1797  2522 E SurfaceFlinger: ro.sf.lcd_density must be defined as a build property
03-15 21:11:50.269  2293  2595 D IccSmsInterfaceManager: [IccSmsInterfaceManager] Calling setGsmBroadcastConfig with 1 configurations
03-15 21:11:50.272  2791  2791 W .ims.rcsservic: Unexpected CPU variant for X86 using defaults: x86_64
03-15 21:11:50.273  2293  2595 D IccSmsInterfaceManager: [IccSmsInterfaceManager] Failed to add GSM cell broadcast channels range 4373 to 4378
03-15 21:11:50.281  1751  1751 D Zygote  : Forked child process 2791
03-15 21:11:50.285  2032  2063 W ActivityManager: Slow operation: 183ms so far, now at startProcess: returned from zygote!
03-15 21:11:50.288  2032  2156 E BackupPasswordManager: Unable to read backup pw version
03-15 21:11:50.288  2032  2156 E BackupPasswordManager: Unable to read saved backup pw hash
03-15 21:11:50.289  2425  2822 D libEGL  : Emulator has host GPU support, qemu.gles is set to 1.
03-15 21:11:50.289  2032  2063 W ActivityManager: Slow operation: 186ms so far, now at startProcess: done updating battery stats
03-15 21:11:50.289  2032  2063 W ActivityManager: Slow operation: 186ms so far, now at startProcess: building log message
03-15 21:11:50.289  2032  2063 I ActivityManager: Start proc 2791:com.android.ims.rcsservice/1001 for added application com.android.ims.rcsservice
03-15 21:11:50.289  2032  2063 W ActivityManager: Slow operation: 187ms so far, now at startProcess: starting to update pids map
03-15 21:11:50.289  2425  2822 W libc    : Unable to set property "qemu.gles" to "1": connection failed; errno=13 (Permission denied)
03-15 21:11:50.289  2032  2136 D WifiConfigStore: Writing to stores completed in 151 ms.
03-15 21:11:50.289  2032  2063 W ActivityManager: Slow operation: 187ms so far, now at startProcess: done updating pids map
03-15 21:11:50.290  2032  2063 W ActivityManager: Slow operation: 158ms so far, now at startProcess: asking zygote to start proc
03-15 21:11:50.290  2032  2032 D WifiService: resetting networks because SIM was loaded
03-15 21:11:50.291  2032  2032 V NotificationAssistants: 0 notification assistant service connected: ComponentInfo{android.ext.services/android.ext.services.notification.Assistant}
03-15 21:11:50.292  2032  2136 D WifiClientModeImpl: resetting EAP-SIM/AKA/AKA' networks since SIM was changed
03-15 21:11:50.292  2293  2595 D IccSmsInterfaceManager: [IccSmsInterfaceManager] Calling setCdmaBroadcastConfig with 1 configurations
03-15 21:11:50.295  2370  2486 D ExtAssistant: File doesn't exist or isn't readable yet
03-15 21:11:50.297  2293  2595 D IccSmsInterfaceManager: [IccSmsInterfaceManager] Failed to add cdma broadcast channels range 4098 to 4098
03-15 21:11:50.297  2425  2425 D Tonal   : Tonal Palette - index: 10. Main color: ffe590b7
03-15 21:11:50.297  2425  2425 D Tonal   : Colors: ff060104, ff1b0613, ff2f0b23, ff481135, ff671850, ff861f5d, ffa42773, ffbe4d91, ffd85a9e, ffde73aa, ffe590b7, ffefb9d1, fff5d6e5
03-15 21:11:50.297  2425  2425 D Tonal   : Gradients: 
03-15 21:11:50.297  2425  2425 D Tonal   : 	Normal GradientColors(ffe590b7, ffe590b7)
03-15 21:11:50.297  2425  2425 D Tonal   : 	Dark GradientColors(ff481135, ff481135)
03-15 21:11:50.297  2425  2425 D Tonal   : 	Extra dark: GradientColors(ff2f0b23, ff2f0b23)
03-15 21:11:50.297  2425  2425 V Launcher: LauncherAppState initiated
03-15 21:11:50.299  2293  2595 D IccSmsInterfaceManager: [IccSmsInterfaceManager] Calling setGsmBroadcastConfig with 1 configurations
03-15 21:11:50.300  2032  2045 I system_server: Background young concurrent copying GC freed 47402(3820KB) AllocSpace objects, 26(708KB) LOS objects, 33% free, 7334KB/10MB, paused 521us total 131.067ms
03-15 21:11:50.300  2425  2822 D libEGL  : loaded /vendor/lib64/egl/libEGL_emulation.so
03-15 21:11:50.301  2425  2822 D libEGL  : loaded /vendor/lib64/egl/libGLESv1_CM_emulation.so
03-15 21:11:50.301  2425  2822 D libEGL  : loaded /vendor/lib64/egl/libGLESv2_emulation.so
03-15 21:11:50.303  2293  2595 D IccSmsInterfaceManager: [IccSmsInterfaceManager] Failed to add GSM cell broadcast channels range 4386 to 4391
03-15 21:11:50.305  1768  1768 D gralloc_ranchu: gralloc_alloc: Creating ashmem region of size 28672
03-15 21:11:50.280  2425  2425 W RenderThread: type=1400 audit(0.0:8): avc: denied { write } for name="property_service" dev="tmpfs" ino=267 scontext=u:r:priv_app:s0:c512,c768 tcontext=u:object_r:property_socket:s0 tclass=sock_file permissive=0 app=com.android.launcher3
03-15 21:11:50.312  1768  1768 D gralloc_ranchu: gralloc_alloc: Creating ashmem region of size 28672
03-15 21:11:50.318  2032  2727 E TaskPersister: File error accessing recents directory (directory doesn't exist?).
03-15 21:11:50.317  1768  1768 I chatty  : uid=1000(system) allocator@2.0-s identical 1 line
03-15 21:11:50.321  1768  1768 D gralloc_ranchu: gralloc_alloc: Creating ashmem region of size 28672
03-15 21:11:50.328  2827  2827 I migrate_legacy_obb_data: No legacy obb data to migrate.
03-15 21:11:50.329  2032  2128 D StorageManagerService: Volume public:253,80 broadcasting mounted to UserHandle{0}
03-15 21:11:50.331  2032  2128 D StorageManagerService: Volume emulated broadcasting mounted to UserHandle{0}
03-15 21:11:50.332  1768  1768 D gralloc_ranchu: gralloc_alloc: Creating ashmem region of size 28672
03-15 21:11:50.333  2825  2825 W externalstorag: Unexpected CPU variant for X86 using defaults: x86_64
03-15 21:11:50.336  1751  1751 D Zygote  : Forked child process 2825
03-15 21:11:50.337  2032  2063 W ActivityManager: Slow operation: 206ms so far, now at startProcess: returned from zygote!
03-15 21:11:50.337  2032  2063 W ActivityManager: Slow operation: 206ms so far, now at startProcess: done updating battery stats
03-15 21:11:50.337  2032  2063 W ActivityManager: Slow operation: 206ms so far, now at startProcess: building log message
03-15 21:11:50.337  2032  2063 I ActivityManager: Start proc 2825:com.android.externalstorage/u0a54 for broadcast {com.android.externalstorage/com.android.externalstorage.MountReceiver}
03-15 21:11:50.337  2032  2063 W ActivityManager: Slow operation: 206ms so far, now at startProcess: starting to update pids map
03-15 21:11:50.338  2032  2063 W ActivityManager: Slow operation: 207ms so far, now at startProcess: done updating pids map
03-15 21:11:50.338  2032  2063 W ActivityManager: Slow operation: 196ms so far, now at startProcess: asking zygote to start proc
03-15 21:11:50.342  2791  2791 I .ims.rcsservic: The ClassLoaderContext is a special shared library.
03-15 21:11:50.343  1768  1768 D gralloc_ranchu: gralloc_alloc: Creating ashmem region of size 28672
03-15 21:11:50.346  2293  2595 D IccSmsInterfaceManager: [IccSmsInterfaceManager] Calling setGsmBroadcastConfig with 1 configurations
03-15 21:11:50.348  2293  2595 D IccSmsInterfaceManager: [IccSmsInterfaceManager] Failed to add GSM cell broadcast channels range 4379 to 4379
03-15 21:11:50.351  2032  2156 V BackupManagerService: No ancestral data
03-15 21:11:50.352  2032  2787 V BackupManagerConstants: getKeyValueBackupIntervalMilliseconds(...) returns 14400000
03-15 21:11:50.352  2032  2787 V BackupManagerConstants: getKeyValueBackupFuzzMilliseconds(...) returns 600000
03-15 21:11:50.352  2032  2787 V BackupManagerConstants: getKeyValueBackupRequiredNetworkType(...) returns 1
03-15 21:11:50.352  2032  2787 V BackupManagerConstants: getKeyValueBackupRequireCharging(...) returns true
03-15 21:11:50.352  2032  2787 V KeyValueBackupJob: Scheduling k/v pass in 244 minutes
03-15 21:11:50.357  2293  2595 D IccSmsInterfaceManager: [IccSmsInterfaceManager] Calling setCdmaBroadcastConfig with 1 configurations
03-15 21:11:50.358  2172  2485 D EGL_emulation: eglMakeCurrent: 0x737b9fa0cfc0: ver 2 0 (tinfo 0x737be9f9d920)
03-15 21:11:50.362  2293  2595 D IccSmsInterfaceManager: [IccSmsInterfaceManager] Failed to add cdma broadcast channels range 4099 to 4099
03-15 21:11:50.364  2293  2595 D IccSmsInterfaceManager: [IccSmsInterfaceManager] Calling setGsmBroadcastConfig with 1 configurations
03-15 21:11:50.366  2293  2595 D IccSmsInterfaceManager: [IccSmsInterfaceManager] Failed to add GSM cell broadcast channels range 4392 to 4392
03-15 21:11:50.369  2032  2156 I BackupManagerService: Backup enabled => false
03-15 21:11:50.381  2293  2595 D IccSmsInterfaceManager: [IccSmsInterfaceManager] Failed to remove GSM cell broadcast channels range 4380 to 4380
03-15 21:11:50.382  2293  2595 D IccSmsInterfaceManager: [IccSmsInterfaceManager] Failed to remove cdma broadcast channels range 4100 to 4100
03-15 21:11:50.384  2825  2825 I externalstorag: The ClassLoaderContext is a special shared library.
03-15 21:11:50.385  2293  2595 D IccSmsInterfaceManager: [IccSmsInterfaceManager] Failed to remove GSM cell broadcast channels range 4393 to 4393
03-15 21:11:50.394  2293  2595 D IccSmsInterfaceManager: [IccSmsInterfaceManager] Failed to remove GSM cell broadcast channels range 4381 to 4381
03-15 21:11:50.394  2791  2791 I .ims.rcsservic: The ClassLoaderContext is a special shared library.
03-15 21:11:50.395  2293  2595 D IccSmsInterfaceManager: [IccSmsInterfaceManager] Failed to remove GSM cell broadcast channels range 4394 to 4394
03-15 21:11:50.401  2172  2485 D EGL_emulation: eglMakeCurrent: 0x737b9fa0cfc0: ver 2 0 (tinfo 0x737be9f9d920)
03-15 21:11:50.414  2293  2563 D IccSmsInterfaceManager: [IccSmsInterfaceManager] Failed to remove GSM cell broadcast channels range 4382 to 4382
03-15 21:11:50.416  2293  2595 D IccSmsInterfaceManager: [IccSmsInterfaceManager] Failed to remove GSM cell broadcast channels range 4395 to 4395
03-15 21:11:50.427  2791  2791 I rcs     : [RcsStackAdaptor] mPublishingState=1 publishState=1
03-15 21:11:50.430  2293  2595 D IccSmsInterfaceManager: [IccSmsInterfaceManager] Calling setGsmBroadcastConfig with 1 configurations
03-15 21:11:50.432  2825  2825 D ExternalStorage: After updating volumes, found 3 active roots
03-15 21:11:50.432  2293  2595 D IccSmsInterfaceManager: [IccSmsInterfaceManager] Failed to add GSM cell broadcast channels range 4352 to 4354
03-15 21:11:50.433  2293  2595 D IccSmsInterfaceManager: [IccSmsInterfaceManager] Calling setGsmBroadcastConfig with 1 configurations
03-15 21:11:50.435  2293  2595 D IccSmsInterfaceManager: [IccSmsInterfaceManager] Failed to add GSM cell broadcast channels range 4356 to 4356
03-15 21:11:50.436  2825  2825 D ExternalStorage: After updating volumes, found 3 active roots
03-15 21:11:50.444  2825  2825 D ExternalStorage: After updating volumes, found 3 active roots
03-15 21:11:50.447  2293  2595 D IccSmsInterfaceManager: [IccSmsInterfaceManager] Failed to remove GSM cell broadcast channels range 4355 to 4355
03-15 21:11:50.447  2791  2858 I rcs     : [PresencePublication] onMobileDataChanged, mDataEnabled=true value=true
03-15 21:11:50.450  2825  2825 D ExternalStorage: After updating volumes, found 3 active roots
03-15 21:11:50.450  2425  2425 W System  : ClassLoader referenced unknown path: 
03-15 21:11:50.456  2293  2595 D IccSmsInterfaceManager: [IccSmsInterfaceManager] Calling setGsmBroadcastConfig with 1 configurations
03-15 21:11:50.456  2293  2293 I VvmSimStateTracker: android.intent.action.SIM_STATE_CHANGED
03-15 21:11:50.458  2293  2595 D IccSmsInterfaceManager: [IccSmsInterfaceManager] Failed to add GSM cell broadcast channels range 4396 to 4396
03-15 21:11:50.461  2852  2852 W id.printspoole: Unexpected CPU variant for X86 using defaults: x86_64
03-15 21:11:50.463  2293  2595 D IccSmsInterfaceManager: [IccSmsInterfaceManager] Calling setGsmBroadcastConfig with 1 configurations
03-15 21:11:50.464  1751  1751 D Zygote  : Forked child process 2852
03-15 21:11:50.466  2293  2595 D IccSmsInterfaceManager: [IccSmsInterfaceManager] Failed to add GSM cell broadcast channels range 4397 to 4397
03-15 21:11:50.467  2791  2791 I rcs     : [PresencePublication] onReceive intent=Intent { act=android.intent.action.SIM_STATE_CHANGED flg=0x5000010 (has extras) }
03-15 21:11:50.467  2791  2791 I rcs     : [PresencePublication] ACTION_SIM_STATE_CHANGED INTENT_KEY_ICC_STATE=LOADED
03-15 21:11:50.467  2791  2791 I rcs     : [RcsService] onReceive intent=Intent { act=android.intent.action.SIM_STATE_CHANGED flg=0x5000010 (has extras) }
03-15 21:11:50.470  2032  2050 W InputReader: Device has associated, but no associated display id.
03-15 21:11:50.470  2032  2050 I chatty  : uid=1000(system) Binder:2032_2 identical 8 lines
03-15 21:11:50.470  2032  2050 W InputReader: Device has associated, but no associated display id.
03-15 21:11:50.472  2791  2791 E MmTelFeatureConnection: ImsRegistrationCallbackAdapter: ImsRegistration is null
03-15 21:11:50.475  2425  2829 D LoaderTask: loadWorkspace: loading default favorites
03-15 21:11:50.477  2032  2063 W ActivityManager: Slow operation: 335ms so far, now at startProcess: returned from zygote!
03-15 21:11:50.477  2032  2063 W ActivityManager: Slow operation: 335ms so far, now at startProcess: done updating battery stats
03-15 21:11:50.477  2032  2063 W ActivityManager: Slow operation: 335ms so far, now at startProcess: building log message
03-15 21:11:50.477  2032  2063 I ActivityManager: Start proc 2852:com.android.printspooler/u0a82 for service {com.android.printspooler/com.android.printspooler.model.PrintSpoolerService}
03-15 21:11:50.477  2032  2063 W ActivityManager: Slow operation: 335ms so far, now at startProcess: starting to update pids map
03-15 21:11:50.478  2172  2172 W View    : requestLayout() improperly called by com.android.internal.widget.NotificationExpandButton{5082748 VFED..C.. ......ID 975,48-1014,90 #1020262 android:id/expand_button} during layout: running second layout pass
03-15 21:11:50.478  2172  2172 W View    : requestLayout() improperly called by com.android.internal.widget.NotificationExpandButton{70254df VFED..C.. ......ID 975,48-1014,90 #1020262 android:id/expand_button} during layout: running second layout pass
03-15 21:11:50.481  2032  2063 W ActivityManager: Slow operation: 339ms so far, now at startProcess: done updating pids map
03-15 21:11:50.481  2032  2063 W ActivityManager: Slow operation: 302ms so far, now at startProcess: asking zygote to start proc
03-15 21:11:50.485  2293  2563 D IccSmsInterfaceManager: [IccSmsInterfaceManager] Failed to remove GSM cell broadcast channels range 4398 to 4398
03-15 21:11:50.486  2032  2032 V NotificationListeners: 0 notification listener service connected: ComponentInfo{com.android.launcher3/com.android.launcher3.notification.NotificationListener}
03-15 21:11:50.488  2293  2563 D IccSmsInterfaceManager: [IccSmsInterfaceManager] Failed to remove GSM cell broadcast channels range 4399 to 4399
03-15 21:11:50.493  2425  2425 D TouchInteractionService: Touch service connected
03-15 21:11:50.495  2567  2624 D CellBroadcastConfigService: Enable CellBroadcast on sub 1
03-15 21:11:50.504  2293  2563 D IccSmsInterfaceManager: [IccSmsInterfaceManager] Calling setGsmBroadcastConfig with 1 configurations
03-15 21:11:50.506  2293  2563 D IccSmsInterfaceManager: [IccSmsInterfaceManager] Failed to add GSM cell broadcast channels range 4370 to 4370
03-15 21:11:50.509  2293  2563 D IccSmsInterfaceManager: [IccSmsInterfaceManager] Calling setCdmaBroadcastConfig with 1 configurations
03-15 21:11:50.510  2293  2563 D IccSmsInterfaceManager: [IccSmsInterfaceManager] Failed to add cdma broadcast channels range 4096 to 4096
03-15 21:11:50.512  2293  2563 D IccSmsInterfaceManager: [IccSmsInterfaceManager] Calling setGsmBroadcastConfig with 1 configurations
03-15 21:11:50.513  2293  2563 D IccSmsInterfaceManager: [IccSmsInterfaceManager] Failed to add GSM cell broadcast channels range 4383 to 4383
03-15 21:11:50.516  1751  1751 D Zygote  : Forked child process 2873
03-15 21:11:50.518  2032  2063 W ActivityManager: Slow operation: 339ms so far, now at startProcess: returned from zygote!
03-15 21:11:50.519  2032  2063 W ActivityManager: Slow operation: 339ms so far, now at startProcess: done updating battery stats
03-15 21:11:50.519  2032  2063 W ActivityManager: Slow operation: 339ms so far, now at startProcess: building log message
03-15 21:11:50.519  2032  2063 I ActivityManager: Start proc 2873:com.android.smspush/u0a78 for service {com.android.smspush/com.android.smspush.WapPushManager}
03-15 21:11:50.519  2032  2063 W ActivityManager: Slow operation: 340ms so far, now at startProcess: starting to update pids map
03-15 21:11:50.519  2032  2063 W ActivityManager: Slow operation: 340ms so far, now at startProcess: done updating pids map
03-15 21:11:50.519  2032  2063 W ActivityManager: Slow operation: 60ms so far, now at startProcess: asking zygote to start proc
03-15 21:11:50.520  2873  2873 W android.smspus: Unexpected CPU variant for X86 using defaults: x86_64
03-15 21:11:50.520  2293  2563 D IccSmsInterfaceManager: [IccSmsInterfaceManager] Calling setGsmBroadcastConfig with 1 configurations
03-15 21:11:50.522  2293  2563 D IccSmsInterfaceManager: [IccSmsInterfaceManager] Failed to add GSM cell broadcast channels range 4371 to 4372
03-15 21:11:50.523  2293  2563 D IccSmsInterfaceManager: [IccSmsInterfaceManager] Calling setCdmaBroadcastConfig with 1 configurations
03-15 21:11:50.525  1768  1768 D gralloc_ranchu: gralloc_alloc: Creating ashmem region of size 28672
03-15 21:11:50.525  2293  2563 D IccSmsInterfaceManager: [IccSmsInterfaceManager] Failed to add cdma broadcast channels range 4097 to 4097
03-15 21:11:50.530  2293  2563 D IccSmsInterfaceManager: [IccSmsInterfaceManager] Calling setGsmBroadcastConfig with 1 configurations
03-15 21:11:50.532  2293  2563 D IccSmsInterfaceManager: [IccSmsInterfaceManager] Failed to add GSM cell broadcast channels range 4384 to 4385
03-15 21:11:50.533  1768  1768 D gralloc_ranchu: gralloc_alloc: Creating ashmem region of size 28672
03-15 21:11:50.539  2293  2563 D IccSmsInterfaceManager: [IccSmsInterfaceManager] Calling setGsmBroadcastConfig with 1 configurations
03-15 21:11:50.540  1768  1768 D gralloc_ranchu: gralloc_alloc: Creating ashmem region of size 28672
03-15 21:11:50.540  2293  2563 D IccSmsInterfaceManager: [IccSmsInterfaceManager] Failed to add GSM cell broadcast channels range 4373 to 4378
03-15 21:11:50.541  2293  2563 D IccSmsInterfaceManager: [IccSmsInterfaceManager] Calling setCdmaBroadcastConfig with 1 configurations
03-15 21:11:50.543  2293  2563 D IccSmsInterfaceManager: [IccSmsInterfaceManager] Failed to add cdma broadcast channels range 4098 to 4098
03-15 21:11:50.544  2293  2563 D IccSmsInterfaceManager: [IccSmsInterfaceManager] Calling setGsmBroadcastConfig with 1 configurations
03-15 21:11:50.545  2293  2563 D IccSmsInterfaceManager: [IccSmsInterfaceManager] Failed to add GSM cell broadcast channels range 4386 to 4391
03-15 21:11:50.548  1768  1768 D gralloc_ranchu: gralloc_alloc: Creating ashmem region of size 28672
03-15 21:11:50.554  1768  1768 D gralloc_ranchu: gralloc_alloc: Creating ashmem region of size 28672
03-15 21:11:50.560  2293  2563 D IccSmsInterfaceManager: [IccSmsInterfaceManager] Calling setGsmBroadcastConfig with 1 configurations
03-15 21:11:50.561  1768  1768 D gralloc_ranchu: gralloc_alloc: Creating ashmem region of size 28672
03-15 21:11:50.566  2293  2563 D IccSmsInterfaceManager: [IccSmsInterfaceManager] Failed to add GSM cell broadcast channels range 4379 to 4379
03-15 21:11:50.566  2172  2485 D EGL_emulation: eglMakeCurrent: 0x737b9fa0cfc0: ver 2 0 (tinfo 0x737be9f9d920)
03-15 21:11:50.569  2293  2563 D IccSmsInterfaceManager: [IccSmsInterfaceManager] Calling setCdmaBroadcastConfig with 1 configurations
03-15 21:11:50.573  2172  2485 D EGL_emulation: eglMakeCurrent: 0x737b9fa0cfc0: ver 2 0 (tinfo 0x737be9f9d920)
03-15 21:11:50.575  2425  2799 D HostConnection: HostConnection::get() New Host Connection established 0x737be9ed4080, tid 2799
03-15 21:11:50.579  2172  2485 D EGL_emulation: eglMakeCurrent: 0x737b9fa0cfc0: ver 2 0 (tinfo 0x737be9f9d920)
03-15 21:11:50.594  2293  2563 D IccSmsInterfaceManager: [IccSmsInterfaceManager] Failed to add cdma broadcast channels range 4099 to 4099
03-15 21:11:50.597  2293  2563 D IccSmsInterfaceManager: [IccSmsInterfaceManager] Calling setGsmBroadcastConfig with 1 configurations
03-15 21:11:50.601  2293  2563 D IccSmsInterfaceManager: [IccSmsInterfaceManager] Failed to add GSM cell broadcast channels range 4392 to 4392
03-15 21:11:50.627  2425  2799 D HostConnection: HostComposition ext ANDROID_EMU_CHECKSUM_HELPER_v1 ANDROID_EMU_native_sync_v2 ANDROID_EMU_native_sync_v3 ANDROID_EMU_native_sync_v4 ANDROID_EMU_dma_v1 ANDROID_EMU_direct_mem ANDROID_EMU_host_composition_v1 ANDROID_EMU_host_composition_v2 ANDROID_EMU_vulkan ANDROID_EMU_deferred_vulkan_commands ANDROID_EMU_vulkan_create_resources_with_requirements ANDROID_EMU_vulkan_free_memory_sync ANDROID_EMU_vulkan_shader_float16_int8 ANDROID_EMU_vulkan_async_queue_submit ANDROID_EMU_sync_buffer_data ANDROID_EMU_vulkan_async_qsri ANDROID_EMU_hwc_color_transform GL_OES_vertex_array_object GL_KHR_texture_compression_astc_ldr ANDROID_EMU_host_side_tracing ANDROID_EMU_gles_max_version_2 
03-15 21:11:50.627  2293  2595 D IccSmsInterfaceManager: [IccSmsInterfaceManager] Failed to remove GSM cell broadcast channels range 4380 to 4380
03-15 21:11:50.629  2293  2595 D IccSmsInterfaceManager: [IccSmsInterfaceManager] Failed to remove cdma broadcast channels range 4100 to 4100
03-15 21:11:50.631  2425  2799 W OpenGLRenderer: Failed to choose config with EGL_SWAP_BEHAVIOR_PRESERVED, retrying without...
03-15 21:11:50.634  2293  2595 D IccSmsInterfaceManager: [IccSmsInterfaceManager] Failed to remove GSM cell broadcast channels range 4393 to 4393
03-15 21:11:50.635  2425  2799 D EGL_emulation: eglCreateContext: 0x737ba00d5920: maj 2 min 0 rcv 2
03-15 21:11:50.637  1651  1651 I hwservicemanager: getTransport: Cannot find entry android.hardware.graphics.mapper@3.0::IMapper/default in either framework or device manifest.
03-15 21:11:50.637  2425  2829 W Gralloc3: mapper 3.x is not supported
03-15 21:11:50.650  1751  1751 D Zygote  : Forked child process 2902
03-15 21:11:50.651  2032  2063 W ActivityManager: Slow operation: 191ms so far, now at startProcess: returned from zygote!
03-15 21:11:50.651  2032  2063 W ActivityManager: Slow operation: 192ms so far, now at startProcess: done updating battery stats
03-15 21:11:50.651  1651  1651 I hwservicemanager: getTransport: Cannot find entry android.hardware.graphics.allocator@3.0::IAllocator/default in either framework or device manifest.
03-15 21:11:50.651  2425  2829 W Gralloc3: allocator 3.x is not supported
03-15 21:11:50.656  2873  2873 I android.smspus: The ClassLoaderContext is a special shared library.
03-15 21:11:50.660  2902  2902 W .quicksearchbo: Unexpected CPU variant for X86 using defaults: x86_64
03-15 21:11:50.663  2425  2799 D EGL_emulation: eglMakeCurrent: 0x737ba00d5920: ver 2 0 (tinfo 0x737be9dd4340)
03-15 21:11:50.665  2032  2063 W ActivityManager: Slow operation: 206ms so far, now at startProcess: building log message
03-15 21:11:50.665  2032  2063 I ActivityManager: Start proc 2902:com.android.quicksearchbox/u0a111 for broadcast {com.android.quicksearchbox/com.android.quicksearchbox.SearchWidgetProvider}
03-15 21:11:50.665  2032  2063 W ActivityManager: Slow operation: 206ms so far, now at startProcess: starting to update pids map
03-15 21:11:50.665  2032  2063 W ActivityManager: Slow operation: 206ms so far, now at startProcess: done updating pids map
03-15 21:11:50.665  1768  1768 D gralloc_ranchu: gralloc_alloc: Creating ashmem region of size 98304
03-15 21:11:50.668  1768  1833 D gralloc_ranchu: gralloc_alloc: Creating ashmem region of size 9850880
03-15 21:11:50.670  2852  2852 I id.printspoole: The ClassLoaderContext is a special shared library.
03-15 21:11:50.678  2293  2521 D IccSmsInterfaceManager: [IccSmsInterfaceManager] Failed to remove GSM cell broadcast channels range 4381 to 4381
03-15 21:11:50.679  2293  2521 D IccSmsInterfaceManager: [IccSmsInterfaceManager] Failed to remove GSM cell broadcast channels range 4394 to 4394
03-15 21:11:50.689  2293  2521 D IccSmsInterfaceManager: [IccSmsInterfaceManager] Failed to remove GSM cell broadcast channels range 4382 to 4382
03-15 21:11:50.691  2293  2521 D IccSmsInterfaceManager: [IccSmsInterfaceManager] Failed to remove GSM cell broadcast channels range 4395 to 4395
03-15 21:11:50.708  2425  2829 D HostConnection: createUnique: call
03-15 21:11:50.709  2425  2829 D HostConnection: HostConnection::get() New Host Connection established 0x737beba4a0e0, tid 2829
03-15 21:11:50.731  2293  2521 D IccSmsInterfaceManager: [IccSmsInterfaceManager] Calling setGsmBroadcastConfig with 1 configurations
03-15 21:11:50.732  2293  2521 D IccSmsInterfaceManager: [IccSmsInterfaceManager] Failed to add GSM cell broadcast channels range 4352 to 4354
03-15 21:11:50.735  2293  2521 D IccSmsInterfaceManager: [IccSmsInterfaceManager] Calling setGsmBroadcastConfig with 1 configurations
03-15 21:11:50.740  2293  2521 D IccSmsInterfaceManager: [IccSmsInterfaceManager] Failed to add GSM cell broadcast channels range 4356 to 4356
03-15 21:11:50.748  2902  2902 D ApplicationLoaders: Returning zygote-cached class loader: /system/framework/android.hidl.base-V1.0-java.jar
03-15 21:11:50.748  2902  2902 D ApplicationLoaders: Returning zygote-cached class loader: /system/framework/android.hidl.manager-V1.0-java.jar
03-15 21:11:50.748  2902  2902 D ApplicationLoaders: Returning zygote-cached class loader: /system/framework/android.hidl.base-V1.0-java.jar
03-15 21:11:50.752  2902  2902 I .quicksearchbo: The ClassLoaderContext is a special shared library.
03-15 21:11:50.762  2902  2902 I .quicksearchbo: The ClassLoaderContext is a special shared library.
03-15 21:11:50.774  2293  2521 D IccSmsInterfaceManager: [IccSmsInterfaceManager] Failed to remove GSM cell broadcast channels range 4355 to 4355
03-15 21:11:50.778  2425  2829 D HostConnection: HostComposition ext ANDROID_EMU_CHECKSUM_HELPER_v1 ANDROID_EMU_native_sync_v2 ANDROID_EMU_native_sync_v3 ANDROID_EMU_native_sync_v4 ANDROID_EMU_dma_v1 ANDROID_EMU_direct_mem ANDROID_EMU_host_composition_v1 ANDROID_EMU_host_composition_v2 ANDROID_EMU_vulkan ANDROID_EMU_deferred_vulkan_commands ANDROID_EMU_vulkan_create_resources_with_requirements ANDROID_EMU_vulkan_free_memory_sync ANDROID_EMU_vulkan_shader_float16_int8 ANDROID_EMU_vulkan_async_queue_submit ANDROID_EMU_sync_buffer_data ANDROID_EMU_vulkan_async_qsri ANDROID_EMU_hwc_color_transform GL_OES_vertex_array_object GL_KHR_texture_compression_astc_ldr ANDROID_EMU_host_side_tracing ANDROID_EMU_gles_max_version_2 
03-15 21:11:50.786  2293  2521 D IccSmsInterfaceManager: [IccSmsInterfaceManager] Calling setGsmBroadcastConfig with 1 configurations
03-15 21:11:50.798  2293  2521 D IccSmsInterfaceManager: [IccSmsInterfaceManager] Failed to add GSM cell broadcast channels range 4396 to 4396
03-15 21:11:50.806  2293  2521 D IccSmsInterfaceManager: [IccSmsInterfaceManager] Calling setGsmBroadcastConfig with 1 configurations
03-15 21:11:50.810  2293  2521 D IccSmsInterfaceManager: [IccSmsInterfaceManager] Failed to add GSM cell broadcast channels range 4397 to 4397
03-15 21:11:50.812  2425  2799 D eglCodecCommon: allocate: Ask for block of size 0x1000
03-15 21:11:50.812  2425  2799 D eglCodecCommon: allocate: ioctl allocate returned offset 0x3ffff0000 size 0x2000
03-15 21:11:50.815  1768  1833 D gralloc_ranchu: gralloc_alloc: Creating ashmem region of size 9850880
03-15 21:11:50.820  2425  2425 I droid.launcher: Starting a blocking GC NativeAlloc
03-15 21:11:50.837  1768  1833 D gralloc_ranchu: gralloc_alloc: Creating ashmem region of size 9850880
03-15 21:11:50.838  2425  2799 D EGL_emulation: eglMakeCurrent: 0x737ba00d5920: ver 2 0 (tinfo 0x737be9dd4340)
03-15 21:11:50.850  2032  2927 I RecoverySystem: No recovery log file
03-15 21:11:50.854  2032  2927 I DropBoxManagerService: add tag=SYSTEM_BOOT isTagEnabled=true flags=0x2
03-15 21:11:50.855  2293  2521 D IccSmsInterfaceManager: [IccSmsInterfaceManager] Failed to remove GSM cell broadcast channels range 4398 to 4398
03-15 21:11:50.856  2032  2927 I BootReceiver: Copying audit failures to DropBox
03-15 21:11:50.857  2293  2521 D IccSmsInterfaceManager: [IccSmsInterfaceManager] Failed to remove GSM cell broadcast channels range 4399 to 4399
03-15 21:11:50.858  2032  2927 I BootReceiver: Checking for fsck errors
03-15 21:11:50.858  2032  2927 I BootReceiver: fs_stat, partition:vdc stat:0xb
03-15 21:11:50.858  2032  2927 I BootReceiver: Copying /dev/fscklogs/log to DropBox (SYSTEM_FSCK)
03-15 21:11:50.858  2032  2927 I DropBoxManagerService: add tag=SYSTEM_FSCK isTagEnabled=true flags=0x2
03-15 21:11:50.861  2652  2652 I Dialer  : DialerExecutorModule.newThread - creating low priority thread
03-15 21:11:50.865  2652  2929 I Dialer  : VisualVoicemailUpdateTask.updateNotification - enter
03-15 21:11:50.885  2928  2928 W ndroid.keychai: Unexpected CPU variant for X86 using defaults: x86_64
03-15 21:11:50.895  1751  1751 D Zygote  : Forked child process 2928
03-15 21:11:50.899  2032  2063 W ActivityManager: Slow operation: 188ms so far, now at startProcess: returned from zygote!
03-15 21:11:50.899  2032  2063 W ActivityManager: Slow operation: 188ms so far, now at startProcess: done updating battery stats
03-15 21:11:50.899  2032  2063 W ActivityManager: Slow operation: 188ms so far, now at startProcess: building log message
03-15 21:11:50.899  2032  2063 I ActivityManager: Start proc 2928:com.android.keychain/1000 for service {com.android.keychain/com.android.keychain.KeyChainService}
03-15 21:11:50.899  2032  2063 W ActivityManager: Slow operation: 188ms so far, now at startProcess: starting to update pids map
03-15 21:11:50.899  2032  2063 W ActivityManager: Slow operation: 189ms so far, now at startProcess: done updating pids map
03-15 21:11:50.925  2425  2454 I droid.launcher: NativeAlloc concurrent copying GC freed 24723(2058KB) AllocSpace objects, 9(244KB) LOS objects, 49% free, 2255KB/4511KB, paused 4.867ms total 104.313ms
03-15 21:11:50.927  2425  2456 W InputChannel-JNI: Input channel object 'recents_animation_input_consumer (client)' was finalized without being disposed!
03-15 21:11:50.928  2652  2929 I Dialer  : VisualVoicemailUpdateTask.updateNotification - no voicemails to notify about
03-15 21:11:50.928  2652  2929 I Dialer  : VisualVoicemailNotifier.cancelAllVoicemailNotifications - enter
03-15 21:11:50.930  2652  2929 I Dialer  : VoicemailNotificationJobService.scheduleJob - job canceled
03-15 21:11:50.931  2652  2652 I Dialer  : VisualVoicemailUpdateTask.scheduleTask - update successful
03-15 21:11:50.934  1725  1729 V apexd   : Found bundled key in package /system/apex/com.android.apex.cts.shim.apex
03-15 21:11:50.934  1725  1729 E apexd   : Can't open /product/apex for reading : No such file or directory
03-15 21:11:50.942  2032  2032 I Telecom : DefaultDialerCache: Refreshing default dialer for user 0: now com.android.dialer: CM.CCCR->CM.UECNT@ADk
03-15 21:11:50.943  2032  2032 I Telecom : MissedCallNotifierImpl: reloadAfterBootComplete: user=0: CM.CCCR->CM.UECNT@ADk
03-15 21:11:50.943  2928  2928 I ndroid.keychai: The ClassLoaderContext is a special shared library.
03-15 21:11:50.947  1751  1751 D Zygote  : Forked child process 2948
03-15 21:11:50.947  2293  2293 D CarrierConfigLoader: mHandler: 13 phoneId: 0
03-15 21:11:50.947  2293  2293 D CarrierConfigLoader: mHandler: 7 phoneId: 0
03-15 21:11:50.949  2293  2293 D CarrierConfigLoader: Loaded config from XML. package=com.android.carrierconfig phoneId=0
03-15 21:11:50.950  2293  2293 D CarrierConfigLoader: mHandler: 5 phoneId: 0
03-15 21:11:50.958  2293  2293 D CarrierConfigLoader: mHandler: 16 phoneId: 0
03-15 21:11:50.960  2293  2293 D CarrierConfigLoader: Broadcast CARRIER_CONFIG_CHANGED for phone 0
03-15 21:11:50.961  2293  2293 D CarrierKeyDownloadManager: Carrier Config changed: android.telephony.action.CARRIER_CONFIG_CHANGED
03-15 21:11:50.965  2567  2567 D CellBroadcastReceiver: onReceive Intent { act=android.telephony.action.CARRIER_CONFIG_CHANGED flg=0x15000010 cmp=com.android.cellbroadcastreceiver/.CellBroadcastReceiver (has extras) }
03-15 21:11:50.965  2567  2567 D CellBroadcastReceiver: initializeSharedPreference
03-15 21:11:50.965  2293  2513 I CarrierInfoManager: using values for mnc, mcc: 260,310
03-15 21:11:50.966  2293  2513 D CarrierInfoManager: No rows found for keyType: 2
03-15 21:11:50.968  2293  2293 D CarrierKeyDownloadManager: Carrier not enabled or invalid values
03-15 21:11:50.968  2293  2293 D CarrierKeyDownloadManager: Cleaning up existing renewal alarms
03-15 21:11:50.969  2567  2567 D CellBroadcastReceiver: Default interval 0 did not change.
03-15 21:11:50.969  2567  2567 D CellBroadcastReceiver: Start Cell Broadcast configuration.
03-15 21:11:50.971  2032  2053 E GnssLocationProvider: android_location_GnssLocationProvider_set_agps_server: AGPS interface not supported
03-15 21:11:50.975  1750  1939 I netd    : bandwidthRemoveInterfaceQuota("radio0") <1.21ms>
03-15 21:11:50.976  1750  1939 I netd    : bandwidthSetInterfaceQuota("radio0", 9223372036854775807) <0.95ms>
03-15 21:11:50.977  2293  2293 I TelecomFramework: : Carrier-config changed, checking for phone account updates.
03-15 21:11:50.978  2032  2032 I Telecom : PhoneAccountRegistrar: getSimCallManager: SimCallManager for subId 1 queried, returning: null: CM.CCCR->CM.UECNT@ADk
03-15 21:11:50.979  1750  1939 I netd    : bandwidthSetGlobalAlert(2097152) <0.11ms>
03-15 21:11:50.980  2567  2953 D CellBroadcastConfigService: Enable CellBroadcast on sub 1
03-15 21:11:50.982  2032  2063 W ActivityManager: Slow operation: 116ms so far, now at startProcess: returned from zygote!
03-15 21:11:50.982  2032  2063 W ActivityManager: Slow operation: 116ms so far, now at startProcess: done updating battery stats
03-15 21:11:50.982  2032  2063 W ActivityManager: Slow operation: 116ms so far, now at startProcess: building log message
03-15 21:11:50.982  2032  2063 I ActivityManager: Start proc 2948:android.process.media/u0a52 for content provider {com.android.providers.downloads/com.android.providers.downloads.DownloadProvider}
03-15 21:11:50.982  2032  2063 W ActivityManager: Slow operation: 116ms so far, now at startProcess: starting to update pids map
03-15 21:11:50.982  2032  2063 W ActivityManager: Slow operation: 116ms so far, now at startProcess: done updating pids map
03-15 21:11:50.988  2293  2595 D IccSmsInterfaceManager: [IccSmsInterfaceManager] Calling setGsmBroadcastConfig with 1 configurations
03-15 21:11:50.993  2293  2293 I TelecomFramework: AccountEntry: reRegisterPstnPhoneAccount: subId: 1 - no change
03-15 21:11:50.998  2948  2948 W d.process.medi: Unexpected CPU variant for X86 using defaults: x86_64
03-15 21:11:51.007  2293  2293 D OtaspSimStateReceiver: Received intent: android.telephony.action.CARRIER_CONFIG_CHANGED
03-15 21:11:51.009  2293  2293 D OtaspSimStateReceiver: otasp activation not needed: no supported carrier
03-15 21:11:51.011  2293  2595 D IccSmsInterfaceManager: [IccSmsInterfaceManager] Failed to add GSM cell broadcast channels range 4370 to 4370
03-15 21:11:51.016  2293  2595 D IccSmsInterfaceManager: [IccSmsInterfaceManager] Calling setCdmaBroadcastConfig with 1 configurations
03-15 21:11:51.023  2293  2293 I VvmSimStateTracker: android.telephony.action.CARRIER_CONFIG_CHANGED
03-15 21:11:51.029  2293  2293 I VvmSimStateTracker: Service connected on ComponentInfo{com.android.phone/com.android.services.telephony.TelephonyConnectionService}, ***, UserHandle{0}
03-15 21:11:51.030  2293  2595 D IccSmsInterfaceManager: [IccSmsInterfaceManager] Failed to add cdma broadcast channels range 4096 to 4096
03-15 21:11:51.036  2293  2595 D IccSmsInterfaceManager: [IccSmsInterfaceManager] Calling setGsmBroadcastConfig with 1 configurations
03-15 21:11:51.036  1750  1939 I netd    : bandwidthAddNiceApp(10052) <0.02ms>
03-15 21:11:51.038  2293  2293 I RemoteVvmTaskManager: Binding to ComponentInfo{com.android.dialer/com.android.voicemail.impl.OmtpService}
03-15 21:11:51.039  1751  1751 D Zygote  : Forked child process 2967
