03-18 16:18:54.585  4451  4451 D WM-GreedyScheduler: Stopping tracking for WorkGenerationalId(workSpecId=eabcb911-501c-41a5-826c-2351a4efeebf, generation=0)
03-18 16:18:54.586  4451  4525 D WM-GreedyScheduler: Cancelling work ID eabcb911-501c-41a5-826c-2351a4efeebf
03-18 16:18:54.586   806   806 W Looper  : Slow dispatch took 123ms main app=system_server main=true group=FOREGROUND h=android.app.ActivityThread$H c=android.app.LoadedApk$ReceiverDispatcher$Args$$ExternalSyntheticLambda0@404477c m=0
03-18 16:18:54.586  2876  2912 W libc    : Access denied finding property "service.adb.tls.port"
03-18 16:18:54.589  4451  4451 D WM-SystemJobService: eabcb911-501c-41a5-826c-2351a4efeebf executed on JobScheduler
03-18 16:18:54.589  1372  1583 I PluginActionManager[com.android.systemui.action.PLUGIN_AUTH_CONTEXT]: Found 0 plugins
03-18 16:18:54.596  1372  1583 I PluginActionManager[com.android.systemui.action.PLUGIN_VOLUME]: Found 0 plugins
03-18 16:18:54.600  4451  4525 D WM-NetworkStateTracker: Unregistering network callback
03-18 16:18:54.600  1654  1701 D AlphabeticIndexCompat: computeSectionName: cs: Google sectionName: G
03-18 16:18:54.602  1654  1654 D AllAppsStore: setApps: apps.length=19
03-18 16:18:54.602  1654  1654 D AllAppsStore: notifyUpdate: notifying listeners
03-18 16:18:54.602  1654  1654 D ActivityAllAppsContainerView: onAppsUpdated; number of apps: 19
03-18 16:18:54.602  1974  2851 V Configuration: Updating configuration, locales updated from [] to [en_US]
03-18 16:18:54.602  1654  1654 D ActivityAllAppsContainerView: rebindAdapters: force: false
03-18 16:18:54.606  4546  4546 I CAM_Profiler: [ 17.346ms][ui] GUARD: FirstRunDetector getTimeOfFirstRun - STOP
03-18 16:18:54.606  4546  4546 I CAM_Profiler: [ 29.995ms][ui] GUARD: CameraApp onCreate() - [29.995ms] initializeTimeOfFirstRun
03-18 16:18:54.606  1974  2851 V Configuration: Updating configuration, locales updated from [] to [en_US]
03-18 16:18:54.607  1974  2851 V Configuration: Updating configuration, locales updated from [] to [en_US]
03-18 16:18:54.608  1654  1654 D ActivityAllAppsContainerView: rebindAdapters: Not needed.
03-18 16:18:54.611  3492  3601 I DialerLoggingConsentCheckerImpl: com.google.android.dialershared.logging.consent.impl.LoggingConsentCheckerImpl.getConsent:72 timer stop with success, timer present: false
03-18 16:18:54.614   806  1308 D AppWidgetServiceImpl: Trying to notify widget providers changed
03-18 16:18:54.622  1372  1583 I PluginActionManager[com.android.systemui.action.PLUGIN_TOAST]: Found 0 plugins
03-18 16:18:54.623   806  1325 D ShortcutService: received package broadcast intent: Intent { act=android.intent.action.PACKAGE_CHANGED dat=package: flg=0x45000010 (has extras) }
03-18 16:18:54.623   806  1325 D ShortcutService: changing package: com.google.android.gms userId=0
03-18 16:18:54.627  1561  1836 E SmsApplication: com.google.android.apps.messaging lost android:read_cell_broadcasts:  (fixing)
03-18 16:18:54.628  1654  1654 D StatsLog: LAUNCHER_ALLAPPS_COUNT
03-18 16:18:54.628  1654  1654 D AlphabeticalAppsList: Clearing FastScrollerSections.
03-18 16:18:54.628   806   908 I ActivityManager: Killing 4451:com.android.devicelockcontroller/u0a202 (adj 100): change com.android.devicelockcontroller
03-18 16:18:54.628  1654  1654 D AlphabeticalAppsList: Adding apps with sections. HasPrivateApps: false
03-18 16:18:54.628  1654  1654 D AlphabeticalAppsList: addAppsWithSections: adding sectionName: C with appInfoTitle: Calendar
03-18 16:18:54.628  1654  1654 D AlphabeticalAppsList: addAppsWithSections: adding sectionName: D with appInfoTitle: Drive
03-18 16:18:54.628  1654  1654 D AlphabeticalAppsList: addAppsWithSections: adding sectionName: F with appInfoTitle: Files
03-18 16:18:54.629  1654  1654 D AlphabeticalAppsList: addAppsWithSections: adding sectionName: G with appInfoTitle: Gmail
03-18 16:18:54.629  1654  1654 D AlphabeticalAppsList: addAppsWithSections: adding sectionName: M with appInfoTitle: Maps
03-18 16:18:54.630  1654  1654 D AlphabeticalAppsList: addAppsWithSections: adding sectionName: P with appInfoTitle: Phone
03-18 16:18:54.630  1654  1654 D AlphabeticalAppsList: addAppsWithSections: adding sectionName: S with appInfoTitle: Safety
03-18 16:18:54.630  1654  1654 D AlphabeticalAppsList: addAppsWithSections: adding sectionName: T with appInfoTitle: TMoble
03-18 16:18:54.630  1654  1654 D AlphabeticalAppsList: addAppsWithSections: adding sectionName: Y with appInfoTitle: YouTube
03-18 16:18:54.630  1654  1654 D AlphabeticalAppsList: Adding FastScrollSection duplicate to scroll to the bottom.
03-18 16:18:54.631  1974  1981 W gle.android.gms: Suspending all threads took: 10.061ms
03-18 16:18:54.632   806   908 W ActivityManager: Scheduling restart of crashed service com.android.devicelockcontroller/.DeviceLockControllerService in 1000ms for connection
03-18 16:18:54.636  1372  1583 I PluginActionManager[com.android.systemui.action.PLUGIN_GLOBAL_ACTIONS]: Found 0 plugins
03-18 16:18:54.637   806  2230 W AppOpService: Ignored setUidMode call for runtime permission app op: uid = 10154, code = READ_CELL_BROADCASTS, mode = allow, callingUid = 1001, oldMode = allow
03-18 16:18:54.644  1372  1583 I PluginActionManager[com.android.systemui.action.PLUGIN_QS]: Found 0 plugins
03-18 16:18:54.644  1654  1654 D AlphabeticalAppsList: Clearing FastScrollerSections.
03-18 16:18:54.644  1654  1654 D AlphabeticalAppsList: Adding apps with sections. HasPrivateApps: false
03-18 16:18:54.644  1654  1654 D AlphabeticalAppsList: addAppsWithSections: adding sectionName: C with appInfoTitle: Calendar
03-18 16:18:54.644  1654  1654 D AlphabeticalAppsList: addAppsWithSections: adding sectionName: D with appInfoTitle: Drive
03-18 16:18:54.644  1654  1654 D AlphabeticalAppsList: addAppsWithSections: adding sectionName: F with appInfoTitle: Files
03-18 16:18:54.644  1654  1654 D AlphabeticalAppsList: addAppsWithSections: adding sectionName: G with appInfoTitle: Gmail
03-18 16:18:54.644  1654  1654 D AlphabeticalAppsList: addAppsWithSections: adding sectionName: M with appInfoTitle: Maps
03-18 16:18:54.644  1654  1654 D AlphabeticalAppsList: addAppsWithSections: adding sectionName: P with appInfoTitle: Phone
03-18 16:18:54.644  1654  1654 D AlphabeticalAppsList: addAppsWithSections: adding sectionName: S with appInfoTitle: Safety
03-18 16:18:54.644  1654  1654 D AlphabeticalAppsList: addAppsWithSections: adding sectionName: T with appInfoTitle: TMoble
03-18 16:18:54.645  1654  1654 D AlphabeticalAppsList: addAppsWithSections: adding sectionName: Y with appInfoTitle: YouTube
03-18 16:18:54.645  1654  1654 D AlphabeticalAppsList: Adding FastScrollSection duplicate to scroll to the bottom.
03-18 16:18:54.646  1372  1583 I PluginActionManager[com.android.systemui.action.PLUGIN_NOTIFICATION_ASSISTANT]: Found 0 plugins
03-18 16:18:54.648   806  2231 D FileUtils: Rounded bytes from 2061062144 to 4000000000
03-18 16:18:54.649  2057  2774 I AiAiEcho: AppIndexer Package:[com.google.android.gms] UserProfile:[0] Enabled:[true].
03-18 16:18:54.649  2057  2774 I AiAiEcho: AppFetcherImplV2 updateApps package:[com.google.android.gms], userId:[0], reason:[package is updated.].
03-18 16:18:54.651  2272  2272 I Finsky  : [2] [PLUS] Received response
03-18 16:18:54.652  1372  1583 I PluginActionManager[com.android.systemui.action.PLUGIN_OVERLAY]: Found 0 plugins
03-18 16:18:54.654  1372  1583 I PluginActionManager[com.android.systemui.action.PLUGIN_NOTIFICATION_MENU_ROW]: Found 0 plugins
03-18 16:18:54.655   574   574 I Zygote  : Process 4451 exited due to signal 9 (Killed)
03-18 16:18:54.658  1372  1583 I PluginActionManager[com.android.systemui.action.PLUGIN_NOTIFICATION_MENU_ROW]: Found 0 plugins
03-18 16:18:54.660  4546  4546 I CAM_Profiler: [ 83.450ms][ui] GUARD: CameraApp onCreate() - [53.364ms] clearNotifications
03-18 16:18:54.660  4546  4546 I CAM_Profiler: [ 83.450ms][ui] GUARD: CameraApp onCreate() - STOP
03-18 16:18:54.663  1372  1583 I PluginActionManager[com.android.systemui.action.PLUGIN_NOTIFICATION_MENU_ROW]: Found 0 plugins
03-18 16:18:54.664  1372  1583 I PluginActionManager[com.android.systemui.action.PLUGIN_NOTIFICATION_MENU_ROW]: Found 0 plugins
03-18 16:18:54.666   806   908 I ActivityManager:   Force stopping service ServiceRecord{f4c2aa2 u0 com.android.devicelockcontroller/.DeviceLockControllerService c:android}
03-18 16:18:54.669  1561  1561 E SmsApplication: com.google.android.apps.messaging lost android:read_cell_broadcasts:  (fixing)
03-18 16:18:54.669   806  2428 W AppOpService: Ignored setUidMode call for runtime permission app op: uid = 10154, code = READ_CELL_BROADCASTS, mode = allow, callingUid = 1001, oldMode = allow
03-18 16:18:54.678   806  1961 W AppOpService: Ignored setUidMode call for runtime permission app op: uid = 1001, code = READ_SMS, mode = allow, callingUid = 1001, oldMode = allow
03-18 16:18:54.679   806   883 I libprocessgroup: Removed cgroup /sys/fs/cgroup/apps/uid_10202/pid_4451
03-18 16:18:54.682   806  1891 W AppOpService: Ignored setUidMode call for runtime permission app op: uid = 1001, code = RECEIVE_SMS, mode = allow, callingUid = 1001, oldMode = allow
03-18 16:18:54.682   806  1961 W AppOpService: Ignored setUidMode call for runtime permission app op: uid = 1001, code = READ_SMS, mode = allow, callingUid = 1001, oldMode = allow
03-18 16:18:54.684  3492  3600 D WM-GreedyScheduler: Ignoring {WorkSpec: 8dfff938-bb62-470c-a481-afb67b92183e}. Requires device idle.
03-18 16:18:54.686  1974  2851 V Configuration: Updating configuration, locales updated from [] to [en_US]
03-18 16:18:54.687   806   806 W Looper  : Slow dispatch took 100ms main app=system_server main=true group=FOREGROUND h=android.app.ActivityThread$H c=android.app.LoadedApk$ReceiverDispatcher$Args$$ExternalSyntheticLambda0@b993fb3 m=0
03-18 16:18:54.688  1974  2851 V Configuration: Updating configuration, locales updated from [] to [en_US]
03-18 16:18:54.688   806  1891 W AppOpService: Ignored setUidMode call for runtime permission app op: uid = 1001, code = RECEIVE_WAP_PUSH, mode = allow, callingUid = 1001, oldMode = allow
03-18 16:18:54.688  1561  1712 I SatelliteAppTracker: onPackageModified : com.google.android.settings.intelligence
03-18 16:18:54.689  1974  2851 V Configuration: Updating configuration, locales updated from [] to [en_US]
03-18 16:18:54.689  1561  1712 E SatelliteAppTracker: packageName: com.google.android.settings.intelligence, value: null
03-18 16:18:54.689   806  2797 W AppOpService: Ignored setUidMode call for runtime permission app op: uid = 1001, code = SEND_SMS, mode = allow, callingUid = 1001, oldMode = allow
03-18 16:18:54.689  3492  3600 D WM-GreedyScheduler: Ignoring {WorkSpec: 789adfd4-e669-4b44-b4cf-6e81aef799ca}. Requires device idle.
03-18 16:18:54.690  3492  3600 D WM-GreedyScheduler: Ignoring {WorkSpec: 95e039d7-520a-44a2-a498-5da0fbf438fc}. Requires device idle.
03-18 16:18:54.690  3492  3600 D WM-GreedyScheduler: Ignoring {WorkSpec: 0476645f-d16c-41d8-97aa-1f16fbdabd57}. Requires device idle.
03-18 16:18:54.690  3492  3600 D WM-GreedyScheduler: Ignoring {WorkSpec: 97aafbca-580b-4703-8357-5435fd3692a5}. Requires device idle.
03-18 16:18:54.690  3492  3600 D WM-GreedyScheduler: Ignoring {WorkSpec: 8e7f640c-a571-4197-ac51-37c71a7f884d}. Requires device idle.
03-18 16:18:54.690  3492  3600 D WM-GreedyScheduler: Starting work for a16423c8-8379-4bcb-bd76-98709e2f452a
03-18 16:18:54.690   806  1961 W AppOpService: Ignored setUidMode call for runtime permission app op: uid = 1001, code = READ_CELL_BROADCASTS, mode = allow, callingUid = 1001, oldMode = allow
03-18 16:18:54.692   806  2797 W AppOpService: Ignored setUidMode call for runtime permission app op: uid = 1001, code = RECEIVE_SMS, mode = allow, callingUid = 1001, oldMode = allow
03-18 16:18:54.693  3492  3601 I DialerSingletonScopedExternalsLogging: com.google.android.dialershared.externals.logging.SingletonScopedExternalsLogging.recordCallMethodInvocation:75 event: TIKTOK_WORK_MANAGER_ENQUEUE, function parameters: [com.android.dialer.voicemail.service.metrics.VvmNotificationWorker], return value: a16423c8-8379-4bcb-bd76-98709e2f452a
03-18 16:18:54.694  1561  1712 I SatelliteAppTracker: onPackageModified : com.android.devicelockcontroller
03-18 16:18:54.694   806   806 W Looper  : Slow delivery took 225ms main app=system_server main=true group=FOREGROUND h=android.app.ActivityThread$H c=android.app.LoadedApk$ReceiverDispatcher$Args$$ExternalSyntheticLambda0@2ac6688 m=0
03-18 16:18:54.694  3492  3600 D WM-Processor: fzi: processing WorkGenerationalId(workSpecId=54b303fb-1e7c-4695-a0be-15f3abca0e38, generation=0)
03-18 16:18:54.695  1561  1836 D SatelliteAccessController: Current default SMS app:ComponentInfo{com.google.android.apps.messaging/com.google.android.apps.messaging.shared.receiver.SmsDeliverReceiver}
03-18 16:18:54.695  1561  1836 D SatelliteController: getSelectedSatelliteSubId: subId=-1
03-18 16:18:54.695  1561  1836 D SatelliteAccessController: supportedMsgApps:com.google.android.apps.messaging
03-18 16:18:54.697  1561  1712 I SatelliteAppTracker: onPackageModified : com.android.devicelockcontroller
03-18 16:18:54.701  1372  1583 I PluginActionManager[com.android.systemui.action.FALSING_PLUGIN]: Found 0 plugins
03-18 16:18:54.701   806   861 V ActivityManager: Got obituary of 4451:com.android.devicelockcontroller
03-18 16:18:54.706  4546  4546 W CAM_Log : Tag SetActivitiesCameraReceiver is 8 chars longer than limit.
03-18 16:18:54.706  4546  4546 I CAM_SetActivitiesCamera: component state is 1
03-18 16:18:54.706   806  1275 D WifiService: Remove settings for package:com.android.devicelockcontroller
03-18 16:18:54.706   806  1275 D WifiConfigManager: Remove all networks for app ApplicationInfo{ed718df com.android.devicelockcontroller}
03-18 16:18:54.709   806  1483 W AppOpService: Ignored setUidMode call for runtime permission app op: uid = 1001, code = RECEIVE_WAP_PUSH, mode = allow, callingUid = 1001, oldMode = allow
03-18 16:18:54.709   806  1483 W AppOpService: Ignored setUidMode call for runtime permission app op: uid = 1001, code = SEND_SMS, mode = allow, callingUid = 1001, oldMode = allow
03-18 16:18:54.710   806  1483 W AppOpService: Ignored setUidMode call for runtime permission app op: uid = 1001, code = READ_CELL_BROADCASTS, mode = allow, callingUid = 1001, oldMode = allow
03-18 16:18:54.710  1372  1372 D ControlsListingControllerImpl: ServiceConfig reloaded, count: 0
03-18 16:18:54.710  1374  1395 I PermissionControllerServiceImpl: Updating user sensitive for uid 10155
03-18 16:18:54.713  1372  1583 I PluginActionManager[com.android.systemui.action.PLUGIN_SENSOR_MANAGER]: Found 0 plugins
03-18 16:18:54.713  3492  3599 I WM-WorkerWrapper: Worker result SUCCESS for Work [ id=e560e1cb-a197-4fa6-a85a-8446feb96ad5, tags={ com.google.apps.tiktok.contrib.work.TikTokListenableWorker,TikTokWorker#com.android.dialer.voicemail.notification.receivers.VoicemailNotificationWorker } ]
03-18 16:18:54.714  2272  2641 I Finsky  : [53] [PLUS] Successfully updated PayloadValueStore
03-18 16:18:54.715  2057  3190 I AiAiEcho: AppIndexer Package:[com.android.settings] UserProfile:[0] Enabled:[true].
03-18 16:18:54.715  2057  3190 I AiAiEcho: AppFetcherImplV2 updateApps package:[com.android.settings], userId:[0], reason:[package is updated.].
03-18 16:18:54.715  3492  3673 I DialerLogcatLoggingBindings: com.android.dialer.logging.logcat.LogcatLoggingBindings.logImpression:47 Impression: VVM_UNBUNDLED_EVENT_RECEIVED
03-18 16:18:54.716   806  1308 D AppWidgetServiceImpl: Trying to notify widget providers changed
03-18 16:18:54.719   806  1281 D ConnectivityService: releasing NetworkRequest [ REQUEST id=151, [ Capabilities: INTERNET&NOT_RESTRICTED&TRUSTED&NOT_VCN_MANAGED&NOT_BANDWIDTH_CONSTRAINED Uid: 10202 RequestorUid: 10202 RequestorPkg: com.android.devicelockcontroller UnderlyingNetworks: Null] ] (release request)
03-18 16:18:54.719  1372  1372 D ControlsListingControllerImpl: ServiceConfig reloaded, count: 0
03-18 16:18:54.720  2272  2660 I Finsky  : [54] [PLUS] Sync complete, number synced: 1, number failed: 0
03-18 16:18:54.721   806  1275 I PasspointManager: No app ops listener found for com.android.devicelockcontroller
03-18 16:18:54.721   806  1275 D WifiService: Remove settings for package:com.android.devicelockcontroller
03-18 16:18:54.721   806  1275 D WifiConfigManager: Remove all networks for app ApplicationInfo{ccb11c7 com.android.devicelockcontroller}
03-18 16:18:54.721   806  1275 I PasspointManager: No app ops listener found for com.android.devicelockcontroller
03-18 16:18:54.722  1974  2603 I IntentFilterIntentOp: (REDACTED) Verification %d complete. Success:%b. Failed hosts:%s.
03-18 16:18:54.722  1372  1372 D ControlsListingControllerImpl: ServiceConfig reloaded, count: 0
03-18 16:18:54.723   806   881 V GrammaticalInflectionUtils: AttributionSource: android.content.AttributionSource@68d828ff does not have READ_SYSTEM_GRAMMATICAL_GENDER permission.
03-18 16:18:54.728  1372  1583 I PluginActionManager[com.android.systemui.action.PLUGIN_AUTH_CONTEXT]: Found 0 plugins
03-18 16:18:54.728   806  1325 D ShortcutService: received package broadcast intent: Intent { act=android.intent.action.PACKAGE_CHANGED dat=package: flg=0x45000010 (has extras) }
03-18 16:18:54.730   806  2167 W ParceledListSlice: Element #26 is 18668 bytes.
03-18 16:18:54.731   806  1325 D ShortcutService: changing package: com.google.android.gms userId=0
03-18 16:18:54.733  1372  1583 I PluginActionManager[com.android.systemui.action.PLUGIN_VOLUME]: Found 0 plugins
03-18 16:18:54.734  3492  3492 D WM-Processor: fzi e560e1cb-a197-4fa6-a85a-8446feb96ad5 executed; reschedule = false
03-18 16:18:54.734  1561  1833 D ImsResolver: maybeAddedImsService, packageName: com.android.vending
03-18 16:18:54.734  1561  1833 V ImsResolver: searchForImsServices: package=com.android.vending, users=[UserHandle{0}]
03-18 16:18:54.735  1561  1833 V ImsResolver: searchForImsServices: package=com.android.vending, users=[UserHandle{0}]
03-18 16:18:54.736  1372  1583 I PluginActionManager[com.android.systemui.action.PLUGIN_TOAST]: Found 0 plugins
03-18 16:18:54.736   806  1325 D ShortcutService: received package broadcast intent: Intent { act=android.intent.action.PACKAGE_CHANGED dat=package: flg=0x45000010 (has extras) }
03-18 16:18:54.736   806  1325 D ShortcutService: changing package: com.android.settings userId=0
03-18 16:18:54.737   574   574 D Zygote  : Forked child process 4578
03-18 16:18:54.739  1372  1583 I PluginActionManager[com.android.systemui.action.PLUGIN_GLOBAL_ACTIONS]: Found 0 plugins
03-18 16:18:54.740  3492  3599 D WM-Processor: fzi: processing WorkGenerationalId(workSpecId=a16423c8-8379-4bcb-bd76-98709e2f452a, generation=0)
03-18 16:18:54.741   806  1504 E RoleControllerServiceImpl: Default/fallback role holder package doesn't qualify for the role, package: com.google.android.gms, role: android.app.role.WALLET, user: 0
03-18 16:18:54.747  1372  1583 I PluginActionManager[com.android.systemui.action.PLUGIN_QS]: Found 0 plugins
03-18 16:18:54.749  1561  1561 D SatelliteController: packageStateChanged: package:com.android.vending defaultSmsPackageName: com.google.android.apps.messaging satelliteGatewayServicePackageName: 
03-18 16:18:54.751  3492  3492 D WM-WorkerWrapper: Starting work for com.google.apps.tiktok.contrib.work.TikTokListenableWorker
03-18 16:18:54.752   806  2797 W ParceledListSlice: Element #27 is 18548 bytes.
03-18 16:18:54.752   806  2797 W ParceledListSlice: Element #28 is 18808 bytes.
03-18 16:18:54.752   806  2797 W ParceledListSlice: Element #29 is 18572 bytes.
03-18 16:18:54.752  3492  3492 I DialerVvmDailyWorker: com.android.dialer.voicemail.service.receivers.VvmDailyWorker.startWork:86 startWork
03-18 16:18:54.752  3492  3601 I DialerSingletonScopedExternalsLogging: com.google.android.dialershared.externals.logging.SingletonScopedExternalsLogging.recordCallMethodInvocation:75 event: TIKTOK_WORK_EXECUTION_MONITOR_ON_WORK_STARTED, function parameters: [54b303fb-1e7c-4695-a0be-15f3abca0e38,com.android.dialer.voicemail.service.receivers.VvmDailyWorker], return value: <empty>
03-18 16:18:54.752  3492  3586 D WM-GreedyScheduler: Cancelling work ID e560e1cb-a197-4fa6-a85a-8446feb96ad5
03-18 16:18:54.756  1372  1583 I PluginActionManager[com.android.systemui.action.PLUGIN_NOTIFICATION_ASSISTANT]: Found 0 plugins
03-18 16:18:54.756   806   882 I ActivityManager: Start proc 4578:com.android.devicediagnostics/u0a109 for broadcast {com.android.devicediagnostics/com.android.devicediagnostics.BootCompleteReceiver}
03-18 16:18:54.759  4578  4578 I Zygote  : Process 4578 created for com.android.devicediagnostics
03-18 16:18:54.759  4578  4578 I vicediagnostics: Using CollectorTypeCMC GC.
03-18 16:18:54.760  4578  4578 W vicediagnostics: Unexpected CPU variant for x86: x86_64.
03-18 16:18:54.760  4578  4578 W vicediagnostics: Known variants: atom, sandybridge, silvermont, goldmont, goldmont-plus, goldmont-without-sha-xsaves, tremont, kabylake, alderlake, default
03-18 16:18:54.763  4578  4578 D nativeloader: Load libframework-connectivity-tiramisu-jni.so using APEX ns com_android_tethering for caller /apex/com.android.tethering/javalib/framework-connectivity-t.jar: ok
03-18 16:18:54.765  1372  1583 I PluginActionManager[com.android.systemui.action.PLUGIN_OVERLAY]: Found 0 plugins
03-18 16:18:54.767  2057  2774 I AiAiEcho: AppIndexer Package:[com.android.devicelockcontroller] UserProfile:[0] Enabled:[false].
03-18 16:18:54.767  1372  1583 I PluginActionManager[com.android.systemui.action.PLUGIN_NOTIFICATION_MENU_ROW]: Found 0 plugins
03-18 16:18:54.767  3492  3586 D WM-GreedyScheduler: Ignoring {WorkSpec: 8dfff938-bb62-470c-a481-afb67b92183e}. Requires device idle.
03-18 16:18:54.767  3492  3586 D WM-GreedyScheduler: Ignoring {WorkSpec: 789adfd4-e669-4b44-b4cf-6e81aef799ca}. Requires device idle.
03-18 16:18:54.767  3492  3586 D WM-GreedyScheduler: Ignoring {WorkSpec: 95e039d7-520a-44a2-a498-5da0fbf438fc}. Requires device idle.
03-18 16:18:54.767  3492  3586 D WM-GreedyScheduler: Ignoring {WorkSpec: 0476645f-d16c-41d8-97aa-1f16fbdabd57}. Requires device idle.
03-18 16:18:54.767  3492  3586 D WM-GreedyScheduler: Ignoring {WorkSpec: 97aafbca-580b-4703-8357-5435fd3692a5}. Requires device idle.
03-18 16:18:54.767  3492  3586 D WM-GreedyScheduler: Ignoring {WorkSpec: 8e7f640c-a571-4197-ac51-37c71a7f884d}. Requires device idle.
03-18 16:18:54.768  2057  2996 I AiAiEcho: AppIndexer Package:[com.google.android.settings.intelligence] UserProfile:[0] Enabled:[true].
03-18 16:18:54.768  1372  1583 I PluginActionManager[com.android.systemui.action.PLUGIN_NOTIFICATION_MENU_ROW]: Found 0 plugins
03-18 16:18:54.769  2057  2996 I AiAiEcho: AppFetcherImplV2 updateApps package:[com.google.android.settings.intelligence], userId:[0], reason:[package is updated.].
03-18 16:18:54.771  1974  2851 V Configuration: Updating configuration, locales updated from [] to [en_US]
03-18 16:18:54.773  1372  1583 I PluginActionManager[com.android.systemui.action.PLUGIN_NOTIFICATION_MENU_ROW]: Found 0 plugins
03-18 16:18:54.773  1372  1583 I PluginActionManager[com.android.systemui.action.PLUGIN_NOTIFICATION_MENU_ROW]: Found 0 plugins
03-18 16:18:54.774  3492  3492 D WM-WorkerWrapper: Starting work for com.google.apps.tiktok.contrib.work.TikTokListenableWorker
03-18 16:18:54.775  1372  1583 I PluginActionManager[com.android.systemui.action.FALSING_PLUGIN]: Found 0 plugins
03-18 16:18:54.777  1561  1836 E SmsApplication: com.google.android.apps.messaging lost android:read_cell_broadcasts:  (fixing)
03-18 16:18:54.779  1372  1583 I PluginActionManager[com.android.systemui.action.PLUGIN_SENSOR_MANAGER]: Found 0 plugins
03-18 16:18:54.781  1372  1583 I PluginActionManager[com.android.systemui.action.PLUGIN_AUTH_CONTEXT]: Found 0 plugins
03-18 16:18:54.782  3492  3609 I DialerSingletonScopedExternalsLogging: com.google.android.dialershared.externals.logging.SingletonScopedExternalsLogging.recordCallMethodInvocation:75 event: TIKTOK_WORK_EXECUTION_MONITOR_ON_WORK_STARTED, function parameters: [a16423c8-8379-4bcb-bd76-98709e2f452a,com.android.dialer.voicemail.service.metrics.VvmNotificationWorker], return value: <empty>
03-18 16:18:54.783   806  2797 W AppOpService: Ignored setUidMode call for runtime permission app op: uid = 10154, code = READ_CELL_BROADCASTS, mode = allow, callingUid = 1001, oldMode = allow
03-18 16:18:54.784  1372  1583 I PluginActionManager[com.android.systemui.action.PLUGIN_VOLUME]: Found 0 plugins
03-18 16:18:54.784  1561  1561 D CarrierSvcBindHelper: onPackageModified: com.google.android.gms
03-18 16:18:54.785  3492  3609 I DialerSingletonScopedExternalsLogging: com.google.android.dialershared.externals.logging.SingletonScopedExternalsLogging.recordCallMethodInvocation:75 event: TIKTOK_WORK_EXECUTION_MONITOR_ON_WORK_FINISHED, function parameters: [a16423c8-8379-4bcb-bd76-98709e2f452a,com.android.dialer.voicemail.service.metrics.VvmNotificationWorker], return value: Success
03-18 16:18:54.785   806  1504 W SignedPackage: Cannot get ApplicationInfo for package: com.google.android.devicelockcontroller
03-18 16:18:54.786  1372  1583 I PluginActionManager[com.android.systemui.action.PLUGIN_TOAST]: Found 0 plugins
03-18 16:18:54.787  1372  1583 I PluginActionManager[com.android.systemui.action.PLUGIN_GLOBAL_ACTIONS]: Found 0 plugins
03-18 16:18:54.791  1372  1583 I PluginActionManager[com.android.systemui.action.PLUGIN_QS]: Found 0 plugins
03-18 16:18:54.793  1372  1583 I PluginActionManager[com.android.systemui.action.PLUGIN_NOTIFICATION_ASSISTANT]: Found 0 plugins
03-18 16:18:54.793  3492  3599 I WM-WorkerWrapper: Worker result SUCCESS for Work [ id=a16423c8-8379-4bcb-bd76-98709e2f452a, tags={ com.google.apps.tiktok.contrib.work.TikTokListenableWorker,vvm_notification_worker,TikTokWorker#com.android.dialer.voicemail.service.metrics.VvmNotificationWorker } ]
03-18 16:18:54.795  1372  1583 I PluginActionManager[com.android.systemui.action.PLUGIN_OVERLAY]: Found 0 plugins
03-18 16:18:54.796  1372  1583 I PluginActionManager[com.android.systemui.action.PLUGIN_NOTIFICATION_MENU_ROW]: Found 0 plugins
03-18 16:18:54.796  1372  1583 I PluginActionManager[com.android.systemui.action.PLUGIN_NOTIFICATION_MENU_ROW]: Found 0 plugins
03-18 16:18:54.797  3492  3610 I DialerLoggingConsentCheckerImpl: com.google.android.dialershared.logging.consent.impl.LoggingConsentCheckerImpl.getConsent:72 timer stop with success, timer present: false
03-18 16:18:54.798  4578  4578 D ApplicationLoaders: Returning zygote-cached class loader: /system_ext/framework/androidx.window.extensions.jar
03-18 16:18:54.798  4578  4578 D ApplicationLoaders: Returning zygote-cached class loader: /system_ext/framework/androidx.window.sidecar.jar
03-18 16:18:54.798  1372  1583 I PluginActionManager[com.android.systemui.action.PLUGIN_NOTIFICATION_MENU_ROW]: Found 0 plugins
03-18 16:18:54.798  1372  1583 I PluginActionManager[com.android.systemui.action.PLUGIN_NOTIFICATION_MENU_ROW]: Found 0 plugins
03-18 16:18:54.799  1372  1583 I PluginActionManager[com.android.systemui.action.FALSING_PLUGIN]: Found 0 plugins
03-18 16:18:54.799  1372  1583 I PluginActionManager[com.android.systemui.action.PLUGIN_SENSOR_MANAGER]: Found 0 plugins
03-18 16:18:54.799  1372  1583 I PluginActionManager[com.android.systemui.action.PLUGIN_AUTH_CONTEXT]: Found 0 plugins
03-18 16:18:54.800  1372  1583 I PluginActionManager[com.android.systemui.action.PLUGIN_VOLUME]: Found 0 plugins
03-18 16:18:54.800  1374  1395 I PermissionControllerServiceImpl: Updating user sensitive for uid 10155
03-18 16:18:54.800  1372  1583 I PluginActionManager[com.android.systemui.action.PLUGIN_TOAST]: Found 0 plugins
03-18 16:18:54.800  1372  1583 I PluginActionManager[com.android.systemui.action.PLUGIN_GLOBAL_ACTIONS]: Found 0 plugins
03-18 16:18:54.801  1372  1583 I PluginActionManager[com.android.systemui.action.PLUGIN_QS]: Found 0 plugins
03-18 16:18:54.801  1372  1583 I PluginActionManager[com.android.systemui.action.PLUGIN_NOTIFICATION_ASSISTANT]: Found 0 plugins
03-18 16:18:54.802  1372  1583 I PluginActionManager[com.android.systemui.action.PLUGIN_OVERLAY]: Found 0 plugins
03-18 16:18:54.802  1372  1583 I PluginActionManager[com.android.systemui.action.PLUGIN_NOTIFICATION_MENU_ROW]: Found 0 plugins
03-18 16:18:54.803  1372  1583 I PluginActionManager[com.android.systemui.action.PLUGIN_NOTIFICATION_MENU_ROW]: Found 0 plugins
03-18 16:18:54.804  3492  3492 D WM-Processor: fzi a16423c8-8379-4bcb-bd76-98709e2f452a executed; reschedule = false
03-18 16:18:54.805  1372  1583 I PluginActionManager[com.android.systemui.action.PLUGIN_NOTIFICATION_MENU_ROW]: Found 0 plugins
03-18 16:18:54.807  2057  2774 I AiAiEcho: AppIndexer Package:[com.android.devicelockcontroller] UserProfile:[0] Enabled:[false].
03-18 16:18:54.807  2057  2774 I AiAiEcho: AppFetcherImplV2 updateApps package:[com.android.devicelockcontroller], userId:[0], reason:[package is updated.].
03-18 16:18:54.808  1561  1561 D CarrierSvcBindHelper: No carrier app for: 0
03-18 16:18:54.809  1372  1583 I PluginActionManager[com.android.systemui.action.PLUGIN_NOTIFICATION_MENU_ROW]: Found 0 plugins
03-18 16:18:54.824   806  1961 W AppOpService: Ignored setUidMode call for runtime permission app op: uid = 1001, code = READ_SMS, mode = allow, callingUid = 1001, oldMode = allow
03-18 16:18:54.831  1374  1395 I PermissionControllerServiceImpl: Updating user sensitive for uid 1000
03-18 16:18:54.835  2272  2438 I Finsky  : [42] RECEIVER_BOOT_COMPLETED#logWorkEndAndFinishGoAsync: SUCCESS
03-18 16:18:54.836   806  1961 W AppOpService: Ignored setUidMode call for runtime permission app op: uid = 1001, code = RECEIVE_SMS, mode = allow, callingUid = 1001, oldMode = allow
03-18 16:18:54.838  1561  1561 E SmsApplication: com.google.android.apps.messaging lost android:read_cell_broadcasts:  (fixing)
03-18 16:18:54.838  4578  4578 D nativeloader: Configuring clns-shared-9 for other apk /system/priv-app/DeviceDiagnostics/DeviceDiagnostics.apk. target_sdk_version=36, uses_libraries=, library_path=/system/priv-app/DeviceDiagnostics/lib/x86_64:/system/lib64:/system_ext/lib64, permitted_path=/data:/mnt/expand:/data/user/0/com.android.devicediagnostics:/system/priv-app/DeviceDiagnostics:/system/lib64:/system_ext/lib64
03-18 16:18:54.838   806   955 W AppOpService: Ignored setUidMode call for runtime permission app op: uid = 10154, code = READ_CELL_BROADCASTS, mode = allow, callingUid = 1001, oldMode = allow
03-18 16:18:54.839   806  1961 W AppOpService: Ignored setUidMode call for runtime permission app op: uid = 1001, code = RECEIVE_WAP_PUSH, mode = allow, callingUid = 1001, oldMode = allow
03-18 16:18:54.841   806  1275 I HalDevMgr: bestIfaceCreationProposal is null, requestIface=STA, existingIface=[name=wlan0 type=STA]
03-18 16:18:54.841  1974  1974 I 43-CredManRegistrationM: (REDACTED) [%s][%s] Success to register credentials
03-18 16:18:54.842   806   955 W AppOpService: Ignored setUidMode call for runtime permission app op: uid = 1001, code = SEND_SMS, mode = allow, callingUid = 1001, oldMode = allow
03-18 16:18:54.843   806   955 W AppOpService: Ignored setUidMode call for runtime permission app op: uid = 1001, code = READ_CELL_BROADCASTS, mode = allow, callingUid = 1001, oldMode = allow
03-18 16:18:54.843  1561  1836 D SatelliteAccessController: Current default SMS app:ComponentInfo{com.google.android.apps.messaging/com.google.android.apps.messaging.shared.receiver.SmsDeliverReceiver}
03-18 16:18:54.843  1561  1836 D SatelliteController: getSelectedSatelliteSubId: subId=-1
03-18 16:18:54.843  1561  1836 D SatelliteAccessController: supportedMsgApps:com.google.android.apps.messaging
03-18 16:18:54.852   806   861 W AppOpService: Ignored setUidMode call for runtime permission app op: uid = 1001, code = READ_SMS, mode = allow, callingUid = 1001, oldMode = allow
03-18 16:18:54.859  2272  2438 I Finsky  : [42] SCH: Received scheduling request: Id: 37-2, Constraints: [{ L: 0, D: 82800000, C: CHARGING_NONE, I: IDLE_NONE, N: NET_ANY, B: BATTERY_ANY }]
03-18 16:18:54.860   806  1890 W AppOpService: Ignored setUidMode call for runtime permission app op: uid = 1001, code = RECEIVE_SMS, mode = allow, callingUid = 1001, oldMode = allow
03-18 16:18:54.862   806  1891 W AppOpService: Ignored setUidMode call for runtime permission app op: uid = 1001, code = RECEIVE_WAP_PUSH, mode = allow, callingUid = 1001, oldMode = allow
03-18 16:18:54.862   806  1744 W AppOpService: Ignored setUidMode call for runtime permission app op: uid = 1001, code = SEND_SMS, mode = allow, callingUid = 1001, oldMode = allow
03-18 16:18:54.864  3492  3586 D WM-GreedyScheduler: Cancelling work ID a16423c8-8379-4bcb-bd76-98709e2f452a
03-18 16:18:54.874   806  1744 W AppOpService: Ignored setUidMode call for runtime permission app op: uid = 1001, code = READ_CELL_BROADCASTS, mode = allow, callingUid = 1001, oldMode = allow
03-18 16:18:54.887  3936  3936 D BootBroadcastReceiver: refresh periodic job from action=android.intent.action.BOOT_COMPLETED
03-18 16:18:54.891  1374  1395 I PermissionControllerServiceImpl: Updating user sensitive for uid 10157
03-18 16:18:54.904   806   806 I DeviceLockControllerConnectorImpl: Disconnected from com.android.devicelockcontroller/.DeviceLockControllerService
03-18 16:18:54.904   806   806 I DeviceLockControllerConnectorImpl: Unbinding com.android.devicelockcontroller/.DeviceLockControllerService
03-18 16:18:54.919  2272  2626 I Finsky  : [52] WM::SCH: Logging work initialize for 37-2
03-18 16:18:54.920   806   857 I system_server: Background young concurrent mark compact GC freed 27MB AllocSpace bytes, 17(432KB) LOS objects, 23% free, 41MB/54MB, paused 9.680ms,6.754ms total 828.357ms
03-18 16:18:54.922  3492  3608 I DialerLoggingConsentCheckerImpl: com.google.android.dialershared.logging.consent.impl.LoggingConsentCheckerImpl.getConsent:72 timer stop with success, timer present: false
03-18 16:18:54.926  1561  1833 D ImsResolver: maybeAddedImsService, packageName: com.google.android.gms
03-18 16:18:54.927  1561  1833 V ImsResolver: searchForImsServices: package=com.google.android.gms, users=[UserHandle{0}]
03-18 16:18:54.930  2272  2272 I Finsky  : [2] afee - Received: android.intent.action.PACKAGE_CHANGED, [LcxTcSmPkZiRIJNR446aQx721t3IO44izsRQ6KZY3mw]
03-18 16:18:54.933  1561  1833 V ImsResolver: searchForImsServices: package=com.google.android.gms, users=[UserHandle{0}]
03-18 16:18:54.938  3492  3586 D WM-GreedyScheduler: Ignoring {WorkSpec: 8dfff938-bb62-470c-a481-afb67b92183e}. Requires device idle.
03-18 16:18:54.938  3492  3586 D WM-GreedyScheduler: Ignoring {WorkSpec: 789adfd4-e669-4b44-b4cf-6e81aef799ca}. Requires device idle.
03-18 16:18:54.938  3492  3586 D WM-GreedyScheduler: Ignoring {WorkSpec: 95e039d7-520a-44a2-a498-5da0fbf438fc}. Requires device idle.
03-18 16:18:54.938  3492  3586 D WM-GreedyScheduler: Ignoring {WorkSpec: 0476645f-d16c-41d8-97aa-1f16fbdabd57}. Requires device idle.
03-18 16:18:54.940  3492  3586 D WM-GreedyScheduler: Ignoring {WorkSpec: 97aafbca-580b-4703-8357-5435fd3692a5}. Requires device idle.
03-18 16:18:54.940  3492  3586 D WM-GreedyScheduler: Ignoring {WorkSpec: 8e7f640c-a571-4197-ac51-37c71a7f884d}. Requires device idle.
03-18 16:18:54.944   278   278 I lowmemorykiller: Kill 'com.android.carrierdefaultapp' (3548), uid 10128, oom_score_adj 975 to free 73336kB rss, 36196kB swap, 0kB dmabuf_pss, 0kB dmabuf_rss; reason: low watermark is breached
03-18 16:18:54.950  4578  4578 V GraphicsEnvironment: Currently set values for:
03-18 16:18:54.951  4578  4578 V GraphicsEnvironment:   angle_gl_driver_selection_pkgs=[]
03-18 16:18:54.951  4578  4578 V GraphicsEnvironment:   angle_gl_driver_selection_values=[]
03-18 16:18:54.951  4578  4578 V GraphicsEnvironment: com.android.devicediagnostics is not listed in per-application setting
03-18 16:18:54.951  4578  4578 V GraphicsEnvironment: ANGLE allowlist from config: com.dreamgames.royalmatch com.dts.freefiremax com.dxx.firenow com.gramgames.mergedragons com.ludo.king com.mojang.minecraftpe com.my.defense com.nintendo.zaka com.os.airforce com.playrix.fishdomdd.gplay io.teslatech.callbreak jp.konami.prospia net.peakgames.toonblast
03-18 16:18:54.952  4578  4578 V GraphicsEnvironment: No special selections for ANGLE, returning default driver choice
03-18 16:18:54.952  4578  4578 V GraphicsEnvironment: Neither updatable production driver nor prerelease driver is supported.
03-18 16:18:54.955  1374  1395 I PermissionControllerServiceImpl: Updating user sensitive for uid 10157
03-18 16:18:54.961  1561  1561 D SatelliteController: packageStateChanged: package:com.google.android.gms defaultSmsPackageName: com.google.android.apps.messaging satelliteGatewayServicePackageName: 
03-18 16:18:54.976  1561  1712 D SatelliteController: iisInCarrierRoamingNbIotNtn: satellite is disabled
03-18 16:18:54.976  1561  1712 D SatelliteController: getCarrierRoamingNtnConnectType: Falling back to global carrier config connect type: 0
03-18 16:18:54.979   806  1891 I ActivityManager: Process com.android.carrierdefaultapp (pid 3548) has died: cch  +75 CEM 
03-18 16:18:54.983   574   574 I Zygote  : Process 3548 exited due to signal 9 (Killed)
03-18 16:18:54.984   806   883 I libprocessgroup: Removed cgroup /sys/fs/cgroup/apps/uid_10128/pid_3548
03-18 16:18:54.990  1561  1836 E SmsApplication: com.google.android.apps.messaging lost android:read_cell_broadcasts:  (fixing)
03-18 16:18:54.991   806  1891 W AppOpService: Ignored setUidMode call for runtime permission app op: uid = 10154, code = READ_CELL_BROADCASTS, mode = allow, callingUid = 1001, oldMode = allow
03-18 16:18:54.997  1974  1974 I 43-CredManRegistrationM: (REDACTED) [%s][%s] Success to register credentials
03-18 16:18:55.004   806  1744 W AppOpService: Ignored setUidMode call for runtime permission app op: uid = 1001, code = READ_SMS, mode = allow, callingUid = 1001, oldMode = allow
03-18 16:18:55.008  1374  1395 I PermissionControllerServiceImpl: Updating user sensitive for uid 10202
03-18 16:18:55.014   806  1890 W AppOpService: Ignored setUidMode call for runtime permission app op: uid = 1001, code = RECEIVE_SMS, mode = allow, callingUid = 1001, oldMode = allow
03-18 16:18:55.021   806  1890 W AppOpService: Ignored setUidMode call for runtime permission app op: uid = 1001, code = RECEIVE_WAP_PUSH, mode = allow, callingUid = 1001, oldMode = allow
03-18 16:18:55.022   806  2797 W AppOpService: Ignored setUidMode call for runtime permission app op: uid = 1001, code = SEND_SMS, mode = allow, callingUid = 1001, oldMode = allow
03-18 16:18:55.022   806   861 W AppOpService: Ignored setUidMode call for runtime permission app op: uid = 1001, code = READ_CELL_BROADCASTS, mode = allow, callingUid = 1001, oldMode = allow
03-18 16:18:55.024  1561  1836 D SatelliteAccessController: Current default SMS app:ComponentInfo{com.google.android.apps.messaging/com.google.android.apps.messaging.shared.receiver.SmsDeliverReceiver}
03-18 16:18:55.025  1561  1836 D SatelliteController: getSelectedSatelliteSubId: subId=-1
03-18 16:18:55.025  1561  1836 D SatelliteAccessController: supportedMsgApps:com.google.android.apps.messaging
03-18 16:18:55.060  3492  3610 I DialerVvmServiceSchedulerImpl: com.android.dialer.voicemail.service.impl.scheduler.VvmServiceSchedulerImpl.schedule:348 scheduling action: ACTIVATE [CONTEXT enable_persistent_logger=true ]
03-18 16:18:55.084   806   806 D AppSearchAppsIndexerManagerS: userid in package receiver: 10202
03-18 16:18:55.107  1974  4541 I Pay     : (REDACTED) Wallet install state %s
03-18 16:18:55.111  1974  4541 I Pay     : Migration flag not enabled. [CONTEXT service_id=198 ]
03-18 16:18:55.125  1374  1395 I PermissionControllerServiceImpl: Updating user sensitive for uid 10202
03-18 16:18:55.130   806  2256 I RemoteProvisionSysSvc: getRegistration(android.hardware.security.keymint.IRemotelyProvisionedComponent/default)
03-18 16:18:55.135   806   806 W Looper  : Drained
03-18 16:18:55.140   806  1326 D BackgroundInstallControlService: Package event received: 0
03-18 16:18:55.141  2272  2438 I Finsky  : [42] RECEIVER_PACKAGE_MONITOR#logWorkEndAndFinishGoAsync: SUCCESS
03-18 16:18:55.150   806  1326 D BackgroundInstallControlService: Package event received: 0
03-18 16:18:55.152  1561  1561 D CarrierSvcBindHelper: onPackageModified: com.google.android.settings.intelligence
03-18 16:18:55.152  1561  1561 D CarrierSvcBindHelper: No carrier app for: 0
03-18 16:18:55.162  3492  3610 I DialerVoicemailStatusDataServiceImpl: com.android.dialer.voicemailstatus.dataservice.impl.VoicemailStatusDataServiceImpl.insertOrUpdateVoicemailStatus:247 enter
03-18 16:18:55.175   806   806 I RegistrationProxy: onServiceConnected: com.android.rkpdapp.service.RemoteProvisioningService
03-18 16:18:55.182  2272  2709 I Finsky  : [69] SCH: Scheduling phonesky job Id: 37-2, CT: 1773850734859, Constraints: [{ L: 0, D: 82800000, C: CHARGING_NONE, I: IDLE_NONE, N: NET_ANY, B: BATTERY_ANY }, { L: 0, D: 0, C: CHARGING_NONE, I: IDLE_NONE, N: NET_NONE, B: BATTERY_ANY }]
03-18 16:18:55.188  2272  2660 I Finsky  : [54] SCH: Scheduling 0 system job(s)
03-18 16:18:55.192  2057  2422 I SP.AiAi : Scheduling: download stopped, 0 started, 0 paused, 5 scheduled, 5 pending: manifests:kg_collections_table-21051103 * {W:C:I:l, bg}, manifests:text-classifier-annotator-272525175 * {W:C:I:l, bg}, manifests:text-classifier-actions-1140547708 * {W:C:I:l, bg}, manifests:text-classifier-langid-1941001461 * {W:C:I:l, bg}, manifests:spelling_correction-22110320 * {W:C:I:l, bg}
03-18 16:18:55.192  1561  1561 E SmsApplication: com.google.android.apps.messaging lost android:read_cell_broadcasts:  (fixing)
03-18 16:18:55.192   806  2797 W AppOpService: Ignored setUidMode call for runtime permission app op: uid = 10154, code = READ_CELL_BROADCASTS, mode = allow, callingUid = 1001, oldMode = allow
03-18 16:18:55.193   806  1890 I TradeInModeService: Not starting trade-in mode, device is setup.
03-18 16:18:55.199  2453  2568 W JobInfo : Requested important-while-foreground flag for job22 is ignored and takes no effect
03-18 16:18:55.206   806  1325 E system_server: No package ID 7f found for resource ID 0x7f0803f0.
03-18 16:18:55.207   806  1325 E system_server: No package ID 7f found for resource ID 0x7f141d84.
03-18 16:18:55.207   806  1325 E system_server: No package ID 7f found for resource ID 0x7f0803ef.
03-18 16:18:55.208   806  1325 E system_server: No package ID 7f found for resource ID 0x7f05006a.
03-18 16:18:55.208   806  1325 E system_server: No package ID 7f found for resource ID 0x7f14092a.
03-18 16:18:55.208   806  1325 E ShortcutService: Ignoring excessive intent tag.
03-18 16:18:55.208   806  1325 E system_server: No package ID 7f found for resource ID 0x7f0803ee.
03-18 16:18:55.208   806  1325 E system_server: No package ID 7f found for resource ID 0x7f141384.
03-18 16:18:55.212  3936  3936 D PeriodicJobManager: schedule next alarm job at Mar 18, 2026, 17:00:00
03-18 16:18:55.212   806  2648 W AppOpService: Ignored setUidMode call for runtime permission app op: uid = 1001, code = READ_SMS, mode = allow, callingUid = 1001, oldMode = allow
03-18 16:18:55.213  1771  2261 I NetworkScheduler.Stats: (REDACTED) Task %s/%s finished executing. cause:%s result: %s elapsed_millis: %s uptime_millis: %s exec_start_elapsed_seconds: %s
03-18 16:18:55.214   806  2797 W AppOpService: Ignored setUidMode call for runtime permission app op: uid = 1001, code = RECEIVE_SMS, mode = allow, callingUid = 1001, oldMode = allow
03-18 16:18:55.214   806  2797 W AppOpService: Ignored setUidMode call for runtime permission app op: uid = 1001, code = RECEIVE_WAP_PUSH, mode = allow, callingUid = 1001, oldMode = allow
03-18 16:18:55.214   806  2797 W AppOpService: Ignored setUidMode call for runtime permission app op: uid = 1001, code = SEND_SMS, mode = allow, callingUid = 1001, oldMode = allow
03-18 16:18:55.215   806  2256 W AppOpService: Ignored setUidMode call for runtime permission app op: uid = 1001, code = READ_CELL_BROADCASTS, mode = allow, callingUid = 1001, oldMode = allow
03-18 16:18:55.219   806  2797 I RegistrationProxy: IGetRegistrationCallback.onSuccess
03-18 16:18:55.229  3492  3610 I DialerVvmServiceSchedulerImpl: com.android.dialer.voicemail.service.impl.scheduler.VvmServiceSchedulerImpl.schedule:348 scheduling action: UPDATE_STATUS [CONTEXT enable_persistent_logger=true ]
03-18 16:18:55.230  1561  1833 D ImsResolver: maybeAddedImsService, packageName: com.google.android.settings.intelligence
03-18 16:18:55.230  1561  1833 V ImsResolver: searchForImsServices: package=com.google.android.settings.intelligence, users=[UserHandle{0}]
03-18 16:18:55.231  1561  1833 V ImsResolver: searchForImsServices: package=com.google.android.settings.intelligence, users=[UserHandle{0}]
03-18 16:18:55.251   806  1891 I RemoteProvisionSysSvc: Fetching key 10153 for client 123924963
03-18 16:18:55.251   806  1891 I RegistrationProxy: getKeyAsync operation started with callback 57038816
03-18 16:18:55.252  3391  3453 I RkpdRegistrationBinder: Key requested for : android.hardware.security.keymint.IRemotelyProvisionedComponent/default, clientUid: 1017, keyId: 10153, callback: 117623001
03-18 16:18:55.258   574   574 D Zygote  : Forked child process 4597
03-18 16:18:55.259   806   882 I ActivityManager: Start proc 4597:com.android.dynsystem/1000 for broadcast {com.android.dynsystem/com.android.dynsystem.BootCompletedReceiver}
03-18 16:18:55.261  3492  3610 I DialerSingletonScopedExternalsLogging: com.google.android.dialershared.externals.logging.SingletonScopedExternalsLogging.recordCallMethodInvocation:75 event: TIKTOK_WORK_MANAGER_ENQUEUE, function parameters: [1], return value: e4c79e1b-bf0a-4a55-9499-b6fb43e23435
03-18 16:18:55.264  4595  4595 W libbinder.BackendUnifiedServiceManager: Thread Pool max thread count is 0. Cannot cache binder as linkToDeath cannot be implemented. serviceName: activity
03-18 16:18:55.274  2453  2568 D WM-SystemJobScheduler: Scheduling work ID 83b47a9a-cd8a-4922-836d-61c6a5eda1d2Job ID 22
03-18 16:18:55.274  2627  2627 I BootCompletedBroadcastReceiver: Received intent: android.intent.action.BOOT_COMPLETED
03-18 16:18:55.278   806   857 W system_server: Suspending all threads took: 10.421ms
03-18 16:18:55.278  3936  3936 D BatterySettingsMigrateChecker: onReceive: Intent { act=android.intent.action.BOOT_COMPLETED flg=0x89000010 cmp=com.android.settings/.fuelgauge.BatterySettingsMigrateChecker (has extras) } owner: true
03-18 16:18:55.278  3936  3936 D BatterySettingsMigrateChecker: invoke verifySaverConfiguration()
03-18 16:18:55.279  3391  3453 I RkpdRegistrationBinder: No key assigned, looking for an available key with expiry of 2026-03-21T16:18:55.279393Z
03-18 16:18:55.283   278   278 I lowmemorykiller: Kill 'com.android.cellbroadcastreceiver' (3474), uid 10107, oom_score_adj 965 to free 70672kB rss, 35872kB swap, 0kB dmabuf_pss, 0kB dmabuf_rss; reason: low watermark is breached
03-18 16:18:55.291   278   287 E lowmemorykiller: process_mrelease 3474 failed: No such process
03-18 16:18:55.293   806   955 I ActivityManager: Process com.android.cellbroadcastreceiver (pid 3474) has died: cch  +65 CEM 
03-18 16:18:55.293  3391  3453 I RkpdKeyPoolStats: Sufficient keys are available, no CSR needed.
03-18 16:18:55.293   574   574 I Zygote  : Process 3474 exited due to signal 9 (Killed)
03-18 16:18:55.294  3391  3453 I RkpdKeyPoolStats: PoolStats{keysInUse=2, idealTotalSignedKeys=14, keysToGenerate=0, keysUnassigned=10}
03-18 16:18:55.294  1561  1561 D SatelliteController: packageStateChanged: package:com.google.android.settings.intelligence defaultSmsPackageName: com.google.android.apps.messaging satelliteGatewayServicePackageName: 
03-18 16:18:55.295  1561  1561 D CarrierSvcBindHelper: onPackageModified: com.android.devicelockcontroller
03-18 16:18:55.295  1561  1561 D CarrierSvcBindHelper: No carrier app for: 0
03-18 16:18:55.296  4597  4597 I Zygote  : Process 4597 created for com.android.dynsystem
03-18 16:18:55.296   806   883 I libprocessgroup: Removed cgroup /sys/fs/cgroup/apps/uid_10107/pid_3474
03-18 16:18:55.296  4597  4597 I droid.dynsystem: Using CollectorTypeCMC GC.
03-18 16:18:55.297  4597  4597 W droid.dynsystem: Unexpected CPU variant for x86: x86_64.
03-18 16:18:55.297  4597  4597 W droid.dynsystem: Known variants: atom, sandybridge, silvermont, goldmont, goldmont-plus, goldmont-without-sha-xsaves, tremont, kabylake, alderlake, default
03-18 16:18:55.310  4597  4597 D nativeloader: Load libframework-connectivity-tiramisu-jni.so using APEX ns com_android_tethering for caller /apex/com.android.tethering/javalib/framework-connectivity-t.jar: ok
03-18 16:18:55.315  3492  3610 I DialerVvmServiceSchedulerImpl: com.android.dialer.voicemail.service.impl.scheduler.VvmServiceSchedulerImpl.schedule:348 scheduling action: ACTIVATE [CONTEXT enable_persistent_logger=true ]
03-18 16:18:55.318  3391  3453 I RkpdRegistrationBinder: Key successfully assigned to client
03-18 16:18:55.324   806   806 I RemoteProvisionSysSvc: Successfully fetched key for client 123924963
03-18 16:18:55.329  3936  3936 D BatterySettingsMigrateChecker: invoke verifyOptimizationModes()
03-18 16:18:55.334   303   303 D SoftKeymaster: system/keymaster/km_openssl/certificate_utils.cpp, Line 148: Using TAG_CERTIFICATE_NOT_BEFORE: 0
03-18 16:18:55.334   303   303 D SoftKeymaster: system/keymaster/km_openssl/certificate_utils.cpp, Line 154: Using TAG_CERTIFICATE_NOT_AFTER: 2461449600000
03-18 16:18:55.334   303   303 D SoftKeymaster: system/keymaster/km_openssl/certificate_utils.cpp, Line 159: Got certificate date params:  NotBefore = 0, NotAfter = 2461449600000
03-18 16:18:55.334   303   303 D SoftKeymaster: system/keymaster/km_openssl/certificate_utils.cpp, Line 273: Setting notBefore to 0
03-18 16:18:55.334   303   303 D SoftKeymaster: system/keymaster/km_openssl/certificate_utils.cpp, Line 282: Setting notAfter to 2461449600
