03-18 16:18:52.557  4340  4340 I AccessibilityNodeInfoDumper: Skipping invisible child: android.view.accessibility.AccessibilityNodeInfo@1c260; boundsInParent: Rect(0, 0 - 1080, 3); boundsInScreen: Rect(0, 210 - 1080, 213); boundsInWindow: Rect(0, 210 - 1080, 213); packageName: com.android.chrome; className: android.widget.ImageView; text: null; error: null; maxTextLength: -1; stateDescription: null; contentDescription: null; tooltipText: null; containerTitle: null; viewIdResName: com.android.chrome:id/toolbar_hairline; uniqueId: null; checkable: false; checked: false; focusable: false; focused: false; selected: false; clickable: false; longClickable: false; contextClickable: false; enabled: true; password: false; scrollable: false; granularScrollingSupported: false; importantForAccessibility: false; visible: false; actions: [AccessibilityAction: ACTION_SELECT - null, AccessibilityAction: ACTION_CLEAR_SELECTION - null, AccessibilityAction: ACTION_ACCESSIBILITY_FOCUS - null, AccessibilityAction: ACTION_SHOW_ON_SCREEN - null]; isTextSelectable: false
03-18 16:18:52.559   574   574 D Zygote  : Forked child process 4451
03-18 16:18:52.560  2041  2124 D DatabaseBackupAndRecovery: xattr set to 50 for key:user.nextownerid on path: /data/media/0/.transforms/recovery/leveldb-ownership.
03-18 16:18:52.560  2041  2124 D DatabaseBackupAndRecovery: Updated next owner id to: 50
03-18 16:18:52.564  4340  4340 I AccessibilityNodeInfoDumper: Skipping invisible child: android.view.accessibility.AccessibilityNodeInfo@1d8e6; boundsInParent: Rect(0, 0 - 3, 5); boundsInScreen: Rect(2, 208 - 2, 213); boundsInWindow: Rect(2, 208 - 2, 213); packageName: com.android.chrome; className: android.widget.ImageView; text: null; error: null; maxTextLength: -1; stateDescription: null; contentDescription: null; tooltipText: null; containerTitle: null; viewIdResName: com.android.chrome:id/progress_bar_animating_view; uniqueId: null; checkable: false; checked: false; focusable: false; focused: false; selected: false; clickable: false; longClickable: false; contextClickable: false; enabled: true; password: false; scrollable: false; granularScrollingSupported: false; importantForAccessibility: false; visible: false; actions: [AccessibilityAction: ACTION_SELECT - null, AccessibilityAction: ACTION_CLEAR_SELECTION - null, AccessibilityAction: ACTION_ACCESSIBILITY_FOCUS - null, AccessibilityAction: ACTION_SHOW_ON_SCREEN - null]; isTextSelectable: false
03-18 16:18:52.564  4340  4340 I AccessibilityNodeInfoDumper: Skipping invisible child: android.view.accessibility.AccessibilityNodeInfo@12ff9; boundsInParent: Rect(0, 0 - 1080, 0); boundsInScreen: Rect(0, 2337 - 1080, 2337); boundsInWindow: Rect(0, 2337 - 1080, 2337); packageName: com.android.chrome; className: android.widget.FrameLayout; text: null; error: null; maxTextLength: -1; stateDescription: null; contentDescription: null; tooltipText: null; containerTitle: null; viewIdResName: com.android.chrome:id/bottom_container; uniqueId: null; checkable: false; checked: false; focusable: false; focused: false; selected: false; clickable: false; longClickable: false; contextClickable: false; enabled: true; password: false; scrollable: false; granularScrollingSupported: false; importantForAccessibility: false; visible: false; actions: [AccessibilityAction: ACTION_SELECT - null, AccessibilityAction: ACTION_CLEAR_SELECTION - null, AccessibilityAction: ACTION_ACCESSIBILITY_FOCUS - null, AccessibilityAction: ACTION_SHOW_ON_SCREEN - null]; isTextSelectable: false
03-18 16:18:52.564  4340  4340 I AccessibilityNodeInfoDumper: Skipping invisible child: android.view.accessibility.AccessibilityNodeInfo@205f2; boundsInParent: Rect(0, 0 - 1080, 0); boundsInScreen: Rect(0, 2337 - 1080, 2337); boundsInWindow: Rect(0, 2337 - 1080, 2337); packageName: com.android.chrome; className: android.view.View; text: null; error: null; maxTextLength: -1; stateDescription: null; contentDescription: null; tooltipText: null; containerTitle: null; viewIdResName: null; uniqueId: null; checkable: false; checked: false; focusable: false; focused: false; selected: false; clickable: false; longClickable: false; contextClickable: false; enabled: true; password: false; scrollable: false; granularScrollingSupported: false; importantForAccessibility: false; visible: false; actions: [AccessibilityAction: ACTION_SELECT - null, AccessibilityAction: ACTION_CLEAR_SELECTION - null, AccessibilityAction: ACTION_ACCESSIBILITY_FOCUS - null, AccessibilityAction: ACTION_SHOW_ON_SCREEN - null]; isTextSelectable: false
03-18 16:18:52.564  4340  4340 I AccessibilityNodeInfoDumper: Skipping invisible child: android.view.accessibility.AccessibilityNodeInfo@20231; boundsInParent: Rect(0, 0 - 0, 0); boundsInScreen: Rect(0, 2337 - 0, 2337); boundsInWindow: Rect(0, 2337 - 0, 2337); packageName: com.android.chrome; className: android.view.View; text: null; error: null; maxTextLength: -1; stateDescription: null; contentDescription: null; tooltipText: null; containerTitle: null; viewIdResName: com.android.chrome:id/menu_anchor_stub; uniqueId: null; checkable: false; checked: false; focusable: false; focused: false; selected: false; clickable: false; longClickable: false; contextClickable: false; enabled: true; password: false; scrollable: false; granularScrollingSupported: false; importantForAccessibility: false; visible: false; actions: [AccessibilityAction: ACTION_SELECT - null, AccessibilityAction: ACTION_CLEAR_SELECTION - null, AccessibilityAction: ACTION_ACCESSIBILITY_FOCUS - null, AccessibilityAction: ACTION_SHOW_ON_SCREEN - null]; isTextSelectable: false
03-18 16:18:52.565   806   882 I ActivityManager: Start proc 4451:com.android.devicelockcontroller/u0a202 for service {com.android.devicelockcontroller/com.android.devicelockcontroller.DeviceLockControllerService}
03-18 16:18:52.566  2041  2124 V DatabaseBackupAndRecovery: Created relation b/w 0 and com.android.shell::0
03-18 16:18:52.567  2041  2124 E StorageManager: Failed to set extended attributes for /storage/emulated/0/Android to set project id.: Operation not permitted
03-18 16:18:52.568  2041  2476 I MediaProvider: Scanned external_primary due to REASON_MOUNTED, found 15 items in 174ms, 2 inserts 0 updates 0 deletes
03-18 16:18:52.571  4340  4340 W AccessibilityNodeInfoDumper: Fetch time: 212ms
03-18 16:18:52.572  2272  2625 I Finsky  : [51] WM::SCH: Logging work initialize for 24-77777777
03-18 16:18:52.572  2041  2124 W MediaProvider: Failed to update quota type for /storage/emulated/0/Android
03-18 16:18:52.572  2041  2124 W MediaProvider: java.io.IOException: Failed to update quota type for /storage/emulated/0/Android
03-18 16:18:52.572  2041  2124 W MediaProvider: 	at android.os.storage.StorageManager.updateExternalStorageFileQuotaType(StorageManager.java:2587)
03-18 16:18:52.572  2041  2124 W MediaProvider: 	at com.android.providers.media.MediaProvider.updateQuotaTypeForFileInternal(MediaProvider.java:1083)
03-18 16:18:52.572  2041  2124 W MediaProvider: 	at com.android.providers.media.MediaProvider.updateQuotaTypeForUri(MediaProvider.java:1058)
03-18 16:18:52.572  2041  2124 W MediaProvider: 	at com.android.providers.media.MediaProvider$5.lambda$onInsert$0(MediaProvider.java:1117)
03-18 16:18:52.572  2041  2124 W MediaProvider: 	at com.android.providers.media.MediaProvider$5.$r8$lambda$4KU7YPdO1inr9tOLVzprJ5YcfCE(MediaProvider.java:0)
03-18 16:18:52.572  2041  2124 W MediaProvider: 	at com.android.providers.media.MediaProvider$5$$ExternalSyntheticLambda3.run(R8$$SyntheticClass:0)
03-18 16:18:52.572  2041  2124 W MediaProvider: 	at android.os.Handler.handleCallback(Handler.java:1070)
03-18 16:18:52.572  2041  2124 W MediaProvider: 	at android.os.Handler.dispatchMessage(Handler.java:125)
03-18 16:18:52.572  2041  2124 W MediaProvider: 	at android.os.Looper.dispatchMessage(Looper.java:333)
03-18 16:18:52.572  2041  2124 W MediaProvider: 	at android.os.Looper.loopOnce(Looper.java:263)
03-18 16:18:52.572  2041  2124 W MediaProvider: 	at android.os.Looper.loop(Looper.java:367)
03-18 16:18:52.572  2041  2124 W MediaProvider: 	at android.os.HandlerThread.run(HandlerThread.java:139)
03-18 16:18:52.572  2041  2124 E StorageManager: Failed to set extended attributes for /storage/emulated/0/Android/media to set project id.: Operation not permitted
03-18 16:18:52.572  2041  2124 W MediaProvider: Failed to update quota type for /storage/emulated/0/Android/media
03-18 16:18:52.572  2041  2124 W MediaProvider: java.io.IOException: Failed to update quota type for /storage/emulated/0/Android/media
03-18 16:18:52.572  2041  2124 W MediaProvider: 	at android.os.storage.StorageManager.updateExternalStorageFileQuotaType(StorageManager.java:2587)
03-18 16:18:52.572  2041  2124 W MediaProvider: 	at com.android.providers.media.MediaProvider.updateQuotaTypeForFileInternal(MediaProvider.java:1083)
03-18 16:18:52.572  2041  2124 W MediaProvider: 	at com.android.providers.media.MediaProvider.updateQuotaTypeForUri(MediaProvider.java:1058)
03-18 16:18:52.572  2041  2124 W MediaProvider: 	at com.android.providers.media.MediaProvider$5.lambda$onInsert$0(MediaProvider.java:1117)
03-18 16:18:52.572  2041  2124 W MediaProvider: 	at com.android.providers.media.MediaProvider$5.$r8$lambda$4KU7YPdO1inr9tOLVzprJ5YcfCE(MediaProvider.java:0)
03-18 16:18:52.572  2041  2124 W MediaProvider: 	at com.android.providers.media.MediaProvider$5$$ExternalSyntheticLambda3.run(R8$$SyntheticClass:0)
03-18 16:18:52.572  2041  2124 W MediaProvider: 	at android.os.Handler.handleCallback(Handler.java:1070)
03-18 16:18:52.572  2041  2124 W MediaProvider: 	at android.os.Handler.dispatchMessage(Handler.java:125)
03-18 16:18:52.572  2041  2124 W MediaProvider: 	at android.os.Looper.dispatchMessage(Looper.java:333)
03-18 16:18:52.572  2041  2124 W MediaProvider: 	at android.os.Looper.loopOnce(Looper.java:263)
03-18 16:18:52.572  2041  2124 W MediaProvider: 	at android.os.Looper.loop(Looper.java:367)
03-18 16:18:52.572  2041  2124 W MediaProvider: 	at android.os.HandlerThread.run(HandlerThread.java:139)
03-18 16:18:52.579  1372  1583 I PluginActionManager[com.android.systemui.action.PLUGIN_NOTIFICATION_MENU_ROW]: Found 0 plugins
03-18 16:18:52.584  2041  2476 I MediaServiceV2: Work ended for action [ com.android.providers.media.action.SCAN_VOLUME ]
03-18 16:18:52.587   806   861 V AccessibilityManagerService: onUserStateChangedLocked for userId: 0, forceUpdate: false
03-18 16:18:52.590   806   806 I DevicePolicyManager: Finished calculating hasIncompatibleAccountsTask
03-18 16:18:52.593  1372  1372 D DLObserver: onReceive(); android.intent.action.BOOT_COMPLETED
03-18 16:18:52.595  4451  4451 I Zygote  : Process 4451 created for com.android.devicelockcontroller
03-18 16:18:52.595  1372  1372 D DLObserver: plugged=0
03-18 16:18:52.595  4451  4451 I elockcontroller: Using CollectorTypeCMC GC.
03-18 16:18:52.595  1372  1372 D DLObserver: isCharging:false wirelessCharging:false
03-18 16:18:52.595  4451  4451 W elockcontroller: Unexpected CPU variant for x86: x86_64.
03-18 16:18:52.595  4451  4451 W elockcontroller: Known variants: atom, sandybridge, silvermont, goldmont, goldmont-plus, goldmont-without-sha-xsaves, tremont, kabylake, alderlake, default
03-18 16:18:52.596  1372  1372 I DLObserver: do not bind Dreamliner service for work profile
03-18 16:18:52.597   806   861 V AccessibilityUserState: updateShortcutTargets: type:accessibility_shortcut_target_service, current:{}, new:{}
03-18 16:18:52.597   806   861 V AccessibilityUserState: updateShortcutTargets: type:accessibility_button_targets, current:{}, new:{}
03-18 16:18:52.597   806   861 V AccessibilityUserState: updateShortcutTargets: type:accessibility_gesture_targets, current:{}, new:{}
03-18 16:18:52.597   806   861 V AccessibilityUserState: updateShortcutTargets: type:accessibility_qs_targets, current:{}, new:{}
03-18 16:18:52.597   806   861 V AccessibilityUserState: updateShortcutTargets: type:accessibility_key_gesture_targets, current:{}, new:{}
03-18 16:18:52.597   806   861 W MagnificationConnectionManager: requestConnection duplicated request: connect=false, mConnectionState=DISCONNECTED
03-18 16:18:52.597   806   861 D AccessibilityManagerService: restoreCurrentUserForTestAutomationIfNeededLocked(): ignoring because device doesn't support visible background users
03-18 16:18:52.603  2057  2654 I AiAiEcho: Settings changed for uri: content://settings/secure/accessibility_enabled
03-18 16:18:52.611  2057  2380 I AiAiEcho: Predicting[0]:  [CONTEXT sampling_count=5 ]
03-18 16:18:52.611  2057  2380 I AiAiEcho: EchoTargets: 
03-18 16:18:52.611  2057  2380 I AiAiEcho: Filtered by AiAi flag check: 
03-18 16:18:52.611  2057  2380 I AiAiEcho: [CONTEXT ratelimit_period="10 SECONDS" ]
03-18 16:18:52.612  2057  2380 I AiAiEcho: #remoteViewsTwiddler: feature disabled.
03-18 16:18:52.616  4451  4451 D nativeloader: Load libframework-connectivity-tiramisu-jni.so using APEX ns com_android_tethering for caller /apex/com.android.tethering/javalib/framework-connectivity-t.jar: ok
03-18 16:18:52.619  2057  2380 I AiAiEcho: Predicting[0]:  [CONTEXT sampling_count=5 ]
03-18 16:18:52.620  2057  2380 I AiAiEcho: EchoTargets: 
03-18 16:18:52.620  2057  2380 I AiAiEcho: Filtered by AiAi flag check: 
03-18 16:18:52.620  2057  2380 I AiAiEcho: [CONTEXT ratelimit_period="10 SECONDS" ]
03-18 16:18:52.620  2057  2380 I AiAiEcho: #remoteViewsTwiddler: feature disabled.
03-18 16:18:52.622  2057  2380 I AiAiEcho: Predicting[0]:  [CONTEXT sampling_count=5 ]
03-18 16:18:52.622  2057  2380 I AiAiEcho: EchoTargets: 
03-18 16:18:52.622  2057  2380 I AiAiEcho: Filtered by AiAi flag check: 
03-18 16:18:52.622  2057  2380 I AiAiEcho: [CONTEXT ratelimit_period="10 SECONDS" ]
03-18 16:18:52.623  2057  2380 I AiAiEcho: #remoteViewsTwiddler: feature disabled.
03-18 16:18:52.625  2057  2380 I AiAiEcho: #postPredictionTargets: Sending updates to UISurface ambientcue with targets# 0 (types=[])
03-18 16:18:52.627  2057  2380 I AiAiEcho: #postPredictionTargets: Sending updates to UISurface home with targets# 0 (types=[])
03-18 16:18:52.628  2041  2217 I WM-WorkerWrapper: Worker result SUCCESS for Work [ id=d7684bda-da60-45aa-83c6-64f8f2b56c20, tags={ com.android.providers.media.MediaServiceV2 } ]
03-18 16:18:52.628  2057  2380 I AiAiEcho: #postPredictionTargets: Sending updates to UISurface lockscreen with targets# 0 (types=[])
03-18 16:18:52.632  2041  2217 I WM-WorkerWrapper: Setting status to enqueued for c61f9d65-a703-47e3-b13f-29eb4541168e
03-18 16:18:52.636  1372  1372 W SsPagerDots: Total number of pages invalid: 0. Assuming 1 page.
03-18 16:18:52.640  1372  1372 D AvalancheProvider: broadcastReceiver received intent.action=android.intent.action.BOOT_COMPLETED
03-18 16:18:52.643  2041  2041 D WM-Processor: Processor d7684bda-da60-45aa-83c6-64f8f2b56c20 executed; reschedule = false
03-18 16:18:52.643  2041  2041 D WM-SystemJobService: d7684bda-da60-45aa-83c6-64f8f2b56c20 executed on JobScheduler
03-18 16:18:52.662   806  1326 D BackgroundInstallControlService: Package event received: 0
03-18 16:18:52.673  4340  4382 W libbinder.IPCThreadState: call to talkWithDriver in joinThreadPool returned error: -9 (Bad file descriptor), FD: -1
03-18 16:18:52.674  4340  4383 W libbinder.IPCThreadState: call to talkWithDriver in joinThreadPool returned error: -9 (Bad file descriptor), FD: -1
03-18 16:18:52.674  4340  4340 D AndroidRuntime: Shutting down VM
03-18 16:18:52.674  4340  4449 W libbinder.IPCThreadState: call to talkWithDriver in joinThreadPool returned error: -9 (Bad file descriptor), FD: -1
03-18 16:18:52.677  1771  2424 W GetConfigSnapshotOp: Succeeded but not registered: com.google.android.gms.droidguardclient#com.android.vending [CONTEXT service_id=51 ]
03-18 16:18:52.695   806   806 I Telecom : TelecomSystem: ACTION_BOOT_COMPLETE: TSBCR.oR@AP4
03-18 16:18:52.697  1771  2261 W ctxmgr  : [NetworkStateProducer] No state change for network connection context [CONTEXT service_id=47 ]
03-18 16:18:52.699  3167  3167 D ViewTracker: Viewport not stable
03-18 16:18:52.711  1974  3668 I IntentFilterIntentOp: (REDACTED) Verifying IntentFilter. verificationId:%d scheme:"%s" hosts:"%s" package:"%s".
03-18 16:18:52.712   806   806 I Telecom : MissedCallNotifierImpl: reloadAfterBootComplete: user=0: TSBCR.oR@AP4
03-18 16:18:52.712  1372  1372 D PowerNotificationWarningsGoogleImpl: onReceive: android.intent.action.BOOT_COMPLETED
03-18 16:18:52.712   806   806 I Telecom : MissedCallNotifierImpl: reloadFromDatabase: user=0: TSBCR.oR@AP4
03-18 16:18:52.717  1771  3906 I NetworkScheduler.Stats: (REDACTED) Task %s/%s started execution. cause:%s exec_start_elapsed_seconds: %s
03-18 16:18:52.726  2272  2272 I Finsky  : [2] SCH: Job 10-47 starting
03-18 16:18:52.727  2272  2272 I Finsky  : [2] WM::SCH: Logging work start for 10-47
03-18 16:18:52.728  2041  2217 D WM-GreedyScheduler: Cancelling work ID d7684bda-da60-45aa-83c6-64f8f2b56c20
03-18 16:18:52.731  4451  4451 D ApplicationLoaders: Returning zygote-cached class loader: /system/framework/org.apache.http.legacy.jar
03-18 16:18:52.731  4451  4451 D ApplicationLoaders: Returning zygote-cached class loader: /system_ext/framework/androidx.window.extensions.jar
03-18 16:18:52.731  4451  4451 D ApplicationLoaders: Returning zygote-cached class loader: /system_ext/framework/androidx.window.sidecar.jar
03-18 16:18:52.737  2272  2743 I Finsky  : [76] [Counters Flush] scheduling.
03-18 16:18:52.737  2272  2743 I Finsky  : [76] SCH: Received scheduling request: Id: 26-1414141414, Constraints: [{ L: 900000, D: 1800000, C: CHARGING_NONE, I: IDLE_NONE, N: NET_NONE, B: BATTERY_ANY }]
03-18 16:18:52.741  2272  2660 I Finsky  : [54] SCH: Scheduling phonesky job Id: 24-77777777, CT: 1773850732535, Constraints: [{ L: 1, D: 82800000, C: CHARGING_NONE, I: IDLE_REQUIRED, N: NET_NONE, B: BATTERY_ANY }]
03-18 16:18:52.758  2272  2660 I Finsky  : [54] SCH: Scheduling 1 system job(s)
03-18 16:18:52.760  4451  4451 D nativeloader: Configuring clns-shared-9 for other apk /apex/com.android.devicelock/priv-app/DeviceLockController@BE4B.251210.005/DeviceLockController.apk. target_sdk_version=36, uses_libraries=, library_path=/apex/com.android.devicelock/priv-app/DeviceLockController@BE4B.251210.005/lib/x86_64:/system/lib64:/system_ext/lib64, permitted_path=/data:/mnt/expand:/data/user/0/com.android.devicelockcontroller:/apex/com.android.devicelock/priv-app/DeviceLockController@BE4B.251210.005:/system/lib64:/system_ext/lib64
03-18 16:18:52.761  4451  4451 D nativeloader: InitApexLibraries:
03-18 16:18:52.761  4451  4451 D nativeloader:   com_android_adservices: libhpke_jni.so:libtflite_support_classifiers_native.so
03-18 16:18:52.761  4451  4451 D nativeloader:   com_android_appsearch: libappsearchservice.so:libicing_anywhere.so
03-18 16:18:52.761  4451  4451 D nativeloader:   com_android_art: libartservice.so
03-18 16:18:52.761  4451  4451 D nativeloader:   com_android_bt: libbluetooth_jni.so
03-18 16:18:52.761  4451  4451 D nativeloader:   com_android_conscrypt: libjavacrypto.so
03-18 16:18:52.761  4451  4451 D nativeloader:   com_android_mediaprovider: libpdfclient.so
03-18 16:18:52.761  4451  4451 D nativeloader:   com_android_nfcservices: libnfc_nci_jni.so
03-18 16:18:52.761  4451  4451 D nativeloader:   com_android_ondevicepersonalization: libfcp_cpp_dep_jni.so:libfcp_hpke_jni.so
03-18 16:18:52.761  4451  4451 D nativeloader:   com_android_os_statsd: libstats_jni.so
03-18 16:18:52.761  4451  4451 D nativeloader:   com_android_tethering: libandroid_net_connectivity_com_android_net_module_util_jni.so:libandroid_net_connectivity_com_android_net_module_util_jni_CommonConnectivityJni.so:libframework-connectivity-jni.so:libframework-connectivity-tiramisu-jni.so:libmainlinecronet.141.0.7340.3.so:libservice-connectivity.so:libservice-thread-jni.so:stable_cronet_libcrypto.so:stable_cronet_libssl.so
03-18 16:18:52.761  4451  4451 D nativeloader:   com_android_uwb: libuwb_uci_jni_rust.so
03-18 16:18:52.761  4451  4451 D nativeloader:   com_android_virt: libvirtualizationservice_jni.so:libvirtualmachine_jni.so
03-18 16:18:52.761  4451  4451 D nativeloader:   com_android_wifi: lib
03-18 16:18:52.762  1771  2261 I NetworkScheduler.Stats: (REDACTED) Task %s/%s finished executing. cause:%s result: %s elapsed_millis: %s uptime_millis: %s exec_start_elapsed_seconds: %s
03-18 16:18:52.765   806  4440 W AppSearchManagerService: Received persistToDisk call. Use AppSearchManagerService persistence schedule.
03-18 16:18:52.767  1974  1974 I 43-CredManRegistrationM: (REDACTED) [%s][%s] Success to register credentials
03-18 16:18:52.771  2041  2217 D WM-SystemJobScheduler: Scheduling work ID c61f9d65-a703-47e3-b13f-29eb4541168eJob ID 3
03-18 16:18:52.773  2272  2621 I Finsky  : [48] WM::SCH: Logging work initialize for 26-1414141414
03-18 16:18:52.775  2272  2660 I Finsky  : [54] SCH: Scheduling system job Id: 9009, L: 0, D: 82799772, C: false, I: true, N: 0
03-18 16:18:52.777  1372  1549 I AmbientCueRepository: Receiving SmartSpace targets # 0
03-18 16:18:52.789  2057  2674 W AiAiEcho: LyftNotificationParser Ridesharing ETA not enabled
03-18 16:18:52.789  2057  2674 I AiAiEcho: SmartspaceNotificationPredictor no parser can handle this notification or notification is invalid
03-18 16:18:52.807  1771  4027 I HomeStub: Updating Home module request state at home stub init [CONTEXT service_id=336 ]
03-18 16:18:52.808  1974  3668 I AppLinksUtilsV1: Legacy cross-profile verification enabled [CONTEXT service_id=244 ]
03-18 16:18:52.810  1561  1561 I ImsResolver: Received BOOT_COMPLETED
03-18 16:18:52.810  1561  1833 D ImsResolver: maybeAddedImsService, packageName: null
03-18 16:18:52.811   806  1326 D BackgroundInstallControlService: Package event received: 0
03-18 16:18:52.823  1561  1833 V ImsResolver: searchForImsServices: package=null, users=[UserHandle{0}]
03-18 16:18:52.824  1771  4027 I HomeStubModuleLoader: Stub sees download_always flag FALSE. [CONTEXT service_id=336 ]
03-18 16:18:52.826  1561  1833 V ImsResolver: searchForImsServices: package=null, users=[UserHandle{0}]
03-18 16:18:52.829  2041  2217 D WM-GreedyScheduler: Ignoring {WorkSpec: a5fae150-98fa-4d7b-a5fa-5363c7daa63e}. Requires device idle.
03-18 16:18:52.830  2041  2217 D WM-GreedyScheduler: Starting work for c61f9d65-a703-47e3-b13f-29eb4541168e
03-18 16:18:52.842  2876  3650 W SystemServiceRegistry: No service published for: persistent_data_block
03-18 16:18:52.846  1771  1778 W .gms.persistent: Suspending all threads took: 10.753ms
03-18 16:18:52.849  2272  2660 I Finsky  : [54] SCH: Scheduling phonesky job Id: 26-1414141414, CT: 1773850732737, Constraints: [{ L: 900000, D: 1800000, C: CHARGING_NONE, I: IDLE_NONE, N: NET_NONE, B: BATTERY_ANY }]
03-18 16:18:52.850  2041  2217 D WM-Processor: Processor: processing WorkGenerationalId(workSpecId=c61f9d65-a703-47e3-b13f-29eb4541168e, generation=0)
03-18 16:18:52.851   806  1744 W JobInfo : Job 'com.android.vending/com.google.android.finsky.instantapps.PhenotypeUpdateService#174406261' has a deadline with no functional constraints. The deadline won't improve job execution latency. Consider removing the deadline.
03-18 16:18:52.856  4451  4451 V GraphicsEnvironment: Currently set values for:
03-18 16:18:52.856  4451  4451 V GraphicsEnvironment:   angle_gl_driver_selection_pkgs=[]
03-18 16:18:52.856  4451  4451 V GraphicsEnvironment:   angle_gl_driver_selection_values=[]
03-18 16:18:52.856  4451  4451 V GraphicsEnvironment: com.android.devicelockcontroller is not listed in per-application setting
03-18 16:18:52.856  4451  4451 V GraphicsEnvironment: ANGLE allowlist from config: com.dreamgames.royalmatch com.dts.freefiremax com.dxx.firenow com.gramgames.mergedragons com.ludo.king com.mojang.minecraftpe com.my.defense com.nintendo.zaka com.os.airforce com.playrix.fishdomdd.gplay io.teslatech.callbreak jp.konami.prospia net.peakgames.toonblast
03-18 16:18:52.856  4451  4451 V GraphicsEnvironment: No special selections for ANGLE, returning default driver choice
03-18 16:18:52.857  4451  4451 V GraphicsEnvironment: Neither updatable production driver nor prerelease driver is supported.
03-18 16:18:52.861  2704  2910 D CompatChangeReporter: Compat change id reported: 307233716; UID 10153; state: ENABLED
03-18 16:18:52.866   806  4446 D HealthConnectUtils: Table does not exist: planned_exercise_session_record_table
03-18 16:18:52.867   806  2237 D FileUtils: Rounded bytes from 2061062144 to 4000000000
03-18 16:18:52.872   806  4446 D HealthConnectAlter: Alter table: [ALTER TABLE planned_exercise_session_record_table ADD COLUMN completed_session_id BLOB NULL REFERENCES exercise_session_record_table(uuid) ON DELETE SET NULL;]
03-18 16:18:52.875   806  4446 D HealthConnectAlter: Alter table: [ALTER TABLE exercise_session_record_table ADD COLUMN planned_exercise_session_id BLOB NULL REFERENCES planned_exercise_session_record_table(uuid) ON DELETE SET NULL;]
03-18 16:18:52.879   806  4446 D HealthConnectUtils: Table does not exist: medical_resource_table
03-18 16:18:52.883   806  4446 D HealthConnectAlter: Alter table: [ALTER TABLE access_logs_table ADD COLUMN medical_resource_type TEXT;, ALTER TABLE access_logs_table ADD COLUMN medical_data_source_accessed INTEGER;]
03-18 16:18:52.895   806  4446 D HealthConnectAlter: Alter table: [ALTER TABLE exercise_segments_table ADD COLUMN weight_grams REAL;, ALTER TABLE exercise_segments_table ADD COLUMN set_index INTEGER;, ALTER TABLE exercise_segments_table ADD COLUMN rate_of_perceived_exertion REAL;]
03-18 16:18:52.896  4451  4451 I DeviceLockControllerApplication: onCreate
03-18 16:18:52.898   806  4466 I RecoverySystem: No recovery log file
03-18 16:18:52.898   806  4466 I BootReceiver: No existing last log timestamp file /data/system/log-files.xml; starting empty
03-18 16:18:52.903   806  4446 D HealthConnectAlter: Alter table: [ALTER TABLE exercise_session_record_table ADD COLUMN session_rate_of_perceived_exertion REAL;]
03-18 16:18:52.904  2041  2041 D WM-WorkerWrapper: Starting work for com.android.providers.media.MediaServiceV2
03-18 16:18:52.901  1771  2425 I RegisterSyncOperation: (REDACTED) Not retrying registerSync since Sync__retry_register_sync is %s
03-18 16:18:52.907   806  4446 D HealthConnectAlter: Alter table: [ALTER TABLE change_log_request_table ADD COLUMN medical_resource_types TEXT;]
03-18 16:18:52.907  2041  4467 I MediaServiceV2: Work initiated for action [ com.android.providers.media.action.SCAN_VOLUME ]
03-18 16:18:52.908  2041  4467 I MediaServiceV2: Starting scan volume for 0000-0000
03-18 16:18:52.908  2041  4467 D MediaProvider: Querying external_primary to make sure it's available
03-18 16:18:52.908   806  4446 D HealthConnectAlter: Alter table: [ALTER TABLE change_logs_table ADD COLUMN medical_resource_type INTEGER;, ALTER TABLE change_logs_table ADD COLUMN medical_data_source_id INTEGER;, CREATE INDEX IF NOT EXISTS idx_change_logs_table_medical_resource_type ON change_logs_table(medical_resource_type), CREATE INDEX IF NOT EXISTS idx_change_logs_table_medical_data_source_id ON change_logs_table(medical_data_source_id)]
03-18 16:18:52.908   806  4466 I DropBoxManagerService: add tag=SYSTEM_BOOT isTagEnabled=true flags=0x2
03-18 16:18:52.916  2272  2709 I Finsky  : [69] SCH: Scheduling 0 system job(s)
03-18 16:18:52.916  2272  2709 I Finsky  : [69] [Counters Flush] finished, scheduled=true
03-18 16:18:52.917  2272  2709 I Finsky  : [69] SCH: jobFinished: 10-47. TimeElapsed: 190ms.
03-18 16:18:52.917  2272  2709 I Finsky  : [69] WM::SCH: Logging work end for 10-47
03-18 16:18:52.919  2041  4467 W DatabaseBackupAndRecovery: Exception encountered while reading xattr:user.publicvolumerecoveryflag from path:/data/media/0/.transforms/recovery/leveldb-0000-0000.
03-18 16:18:52.920  2041  4467 D DatabaseBackupAndRecovery: Public volume is not marked for recovery, volume: 0000-0000
03-18 16:18:52.920  2041  4467 V MediaProvider: attachVolume() called for internal with state:null
03-18 16:18:52.924   806  4466 I BootReceiver: Copying audit failures to DropBox
03-18 16:18:52.926   806  4466 I BootReceiver: Checking for fsck errors
03-18 16:18:52.926   806  4466 I BootReceiver: fs_stat, partition:vdc stat:0x13
03-18 16:18:52.926  2041  4467 W ModernMediaScanner: Failed to visit /system/media: java.nio.file.NoSuchFileException: /system/media
03-18 16:18:52.927   806  4466 I BootReceiver: fs_stat, partition:vdc stat:0x3
03-18 16:18:52.933  2041  4467 I MediaProvider: Scanned internal due to REASON_MOUNTED, found 0 items in 9ms, 0 inserts 0 updates 0 deletes
03-18 16:18:52.936   806  1326 D BackgroundInstallControlService: Package event received: 0
03-18 16:18:52.936  2041  4467 W ModernMediaScanner: Failed to visit /oem/media: java.nio.file.NoSuchFileException: /oem/media
03-18 16:18:52.936  2041  4467 I MediaProvider: Scanned internal due to REASON_MOUNTED, found 0 items in 1ms, 0 inserts 0 updates 0 deletes
03-18 16:18:52.938   806   806 D BatterySaverPolicy: accessibility changed to false, updating policy.
03-18 16:18:52.942  1771  4373 I WakefulBroadcastRcvr: Processing wakeful broadcast: BootOrGmsUpdated
03-18 16:18:52.945  2041  2041 D WM-SystemJobService: onStartJob for WorkGenerationalId(workSpecId=c61f9d65-a703-47e3-b13f-29eb4541168e, generation=0)
03-18 16:18:52.947   806  4446 I HealthConnectBackupRestore: Attempt to schedule download timeout job with state: 0
03-18 16:18:52.947   806  4446 I HealthConnectBackupRestore: Attempt to schedule staging timeout job with state: 0
03-18 16:18:52.947   806  4446 I HealthConnectBackupRestore: Attempt to schedule merging timeout job with state: 0
03-18 16:18:52.949  1771  4373 I Auth    : [DeviceAccountTaskService] Scheduling Keystore alias cleanup [CONTEXT service_id=316 ]
03-18 16:18:52.952  2041  2217 D WM-Processor: Work WorkGenerationalId(workSpecId=c61f9d65-a703-47e3-b13f-29eb4541168e, generation=0) is already enqueued for processing
03-18 16:18:52.955  2704  4389 I Finsky:instant_app_inst: [59] No eligible accounts. Bail out.
03-18 16:18:52.956  2704  2910 I Finsky:instant_app_inst: [49] InstantApps account missing, skip sync.
03-18 16:18:52.981  1771  2435 I PhenotypeResourceReader: unable to find any Phenotype resource metadata for com.google.android.gsf
03-18 16:18:52.983  1771  4373 I Dtdi    : (REDACTED) [DtdiModuleInitIntentOperation] Init runtime state. flags: %x
03-18 16:18:52.986  1771  2060 I AnomalyConfigLogger: Setting GMS Core subscriber PendingIntent to StatsManager. [CONTEXT service_id=231 ]
03-18 16:18:52.992  2473  2563 D PluginActionManager[com.android.systemui.action.PLUGIN_CLOCK_PROVIDER]: queryPkg(com.google.android.youtube)
03-18 16:18:52.996  4451  4451 I UserRestrictionsPolicyHandler: Build type DEBUG = false
03-18 16:18:53.004  1771  2435 I PhenotypeResourceReader: unable to find any Phenotype resource metadata for com.google.android.tag
03-18 16:18:53.016   573   575 W statsd  : AIBinder_linkToDeath is being called with a non-null cookie and no onUnlink callback set. This might not be intended. AIBinder_DeathRecipient_setOnUnlinked should be called first.
03-18 16:18:53.024  2473  2563 I PluginActionManager[com.android.systemui.action.PLUGIN_CLOCK_PROVIDER]: Found 0 plugins
03-18 16:18:53.025   806  1326 D BackgroundInstallControlService: Package event received: 0
03-18 16:18:53.026  2473  2563 D PluginActionManager[com.android.systemui.action.PLUGIN_CLOCK_PROVIDER]: queryPkg(com.android.vending)
03-18 16:18:53.028  2473  2563 I PluginActionManager[com.android.systemui.action.PLUGIN_CLOCK_PROVIDER]: Found 0 plugins
03-18 16:18:53.029  2473  2563 D PluginActionManager[com.android.systemui.action.PLUGIN_CLOCK_PROVIDER]: queryPkg(com.android.chrome)
03-18 16:18:53.029   806  1326 D BackgroundInstallControlService: Package event received: 0
03-18 16:18:53.029   806  1326 D BackgroundInstallControlService: Package event received: 0
03-18 16:18:53.030  2473  2563 I PluginActionManager[com.android.systemui.action.PLUGIN_CLOCK_PROVIDER]: Found 0 plugins
03-18 16:18:53.030  2473  2563 D PluginActionManager[com.android.systemui.action.PLUGIN_CLOCK_PROVIDER]: queryPkg(com.google.android.gms)
03-18 16:18:53.034  1771  3829 I NearbyConnections: Runtime state initialization complete. Nearby connections setting is disabled
03-18 16:18:53.035  1771  4373 I NearbyMediums: ModuleInitializer handles incoming intent android.intent.action.BOOT_COMPLETED
03-18 16:18:53.040  2473  2563 I PluginActionManager[com.android.systemui.action.PLUGIN_CLOCK_PROVIDER]: Found 0 plugins
03-18 16:18:53.045  2876  3650 I GFXSTREAM: [eglDisplay.cpp(297)] Opening libGLESv1_CM_emulation.so
03-18 16:18:53.054  2876  3650 I GFXSTREAM: [eglDisplay.cpp(297)] Opening libGLESv2_emulation.so
03-18 16:18:53.055  2704  2704 D PhenotypeUpdateService: onCreate called
03-18 16:18:53.059  1771  2058 I TrustedTime: Initializing single user components. [CONTEXT service_id=326 ]
03-18 16:18:53.061   806   977 D ActivityManager: freezing 3492 com.google.android.dialer
03-18 16:18:53.071  2704  4360 D PhenotypeUpdateService: Registering with Phenotype
03-18 16:18:53.072   806   806 I DeviceLockControllerConnectorImpl: Connected to com.android.devicelockcontroller/.DeviceLockControllerService
03-18 16:18:53.074  1771  2060 I AppDoctorConfigChanged: Refreshing configuration on flag commit.
03-18 16:18:53.075  1561  1561 D CarrierConfigLoader: EVENT_SYSTEM_UNLOCKED phoneId: 0
03-18 16:18:53.077   806  1326 D BackgroundInstallControlService: Package event received: 0
03-18 16:18:53.079  1561  1561 D CarrierConfigLoader: System unlocked
03-18 16:18:53.082  1561  1561 D CarrierConfigLoader: EVENT_DO_FETCH_DEFAULT phoneId: 0
03-18 16:18:53.093  1561  1561 D CarrierConfigLoader: File not found : /data/user_de/0/com.android.phone/files/carrierconfig-com.android.carrierconfig-override-89860***************-1.xml, phoneId=0
03-18 16:18:53.095   806  1281 D InetDiagMessage: Destroyed 0 sockets, proto=IPPROTO_TCP, family=AF_INET, states=14
03-18 16:18:53.095  1974  2251 W Conscrypt: Could not set socket write timeout: java.net.SocketException: Socket closed
03-18 16:18:53.095  1561  1561 D CarrierConfigLoader: Restored carrier config from cache. phoneId=0, xml=carrierconfig-com.android.carrierconfig-89860***************-1.xml, version=1, modified time=2026-03-18 16:18:24
03-18 16:18:53.095   806  1281 D InetDiagMessage: Destroyed 0 sockets, proto=IPPROTO_TCP, family=AF_INET6, states=14
03-18 16:18:53.095   806  1281 D InetDiagMessage: Destroyed live tcp sockets for uids={10146} in 28ms
03-18 16:18:53.096  1561  1561 D CarrierConfigLoader: EVENT_FETCH_DEFAULT_DONE phoneId: 0
03-18 16:18:53.097  1974  2251 W Conscrypt: 	at com.google.android.gms.org.conscrypt.Platform.setSocketWriteTimeout(:com.google.android.gms@253434038@25.34.34 (260800-800653487):204)
03-18 16:18:53.097  1974  2251 W Conscrypt: 	at com.google.android.gms.org.conscrypt.ConscryptFileDescriptorSocket.setSoWriteTimeout(:com.google.android.gms@253434038@25.34.34 (260800-800653487):4)
03-18 16:18:53.098   806  1497 D WifiNl80211Manager: Scan result ready event
03-18 16:18:53.099   806  1497 D WifiNative: Scan result ready event
03-18 16:18:53.108  1561  1561 D CarrierConfigLoader: updateSubscriptionDatabase: phoneId=0
03-18 16:18:53.112   806   881 V GrammaticalInflectionUtils: AttributionSource: android.content.AttributionSource@9c098ba1 does not have READ_SYSTEM_GRAMMATICAL_GENDER permission.
03-18 16:18:53.112   806   881 D CompatChangeReporter: Compat change id reported: 151861875; UID 10139; state: ENABLED
03-18 16:18:53.122  1771  1771 D BoundBrokerSvc: onBind: Intent { act=android.intent.action.RESOLVE_INSTANT_APP_PACKAGE xflg=0x4 cmp=com.google.android.gms/.chimera.PersistentBoundBrokerService }
03-18 16:18:53.123  1771  1771 D BoundBrokerSvc: Loading bound service for intent: Intent { act=android.intent.action.RESOLVE_INSTANT_APP_PACKAGE xflg=0x4 cmp=com.google.android.gms/.chimera.PersistentBoundBrokerService }
03-18 16:18:53.126  1974  2251 W Conscrypt: Could not set socket write timeout: java.net.SocketException: Socket closed
03-18 16:18:53.126  1974  2251 W Conscrypt: 	at com.google.android.gms.org.conscrypt.Platform.setSocketWriteTimeout(:com.google.android.gms@253434038@25.34.34 (260800-800653487):204)
03-18 16:18:53.126  1974  2251 W Conscrypt: 	at com.google.android.gms.org.conscrypt.ConscryptFileDescriptorSocket.setSoWriteTimeout(:com.google.android.gms@253434038@25.34.34 (260800-800653487):4)
03-18 16:18:53.127  1771  1784 I WifiScanner: onFullResults
03-18 16:18:53.127   574   574 D Zygote  : Forked child process 4477
03-18 16:18:53.129   806   882 I ActivityManager: Start proc 4477:com.android.traceur/u0a139 for broadcast {com.android.traceur/com.android.traceur.Receiver}
03-18 16:18:53.147  1771  4369 W WearableService: onGetService: Wear is not available on this device.
03-18 16:18:53.152  2272  2272 I Finsky  : [2] SCH: Job 10-48 starting
03-18 16:18:53.154  1771  2424 I Nearby  : (REDACTED) Beginning attempt #%d out of %d for %s...
03-18 16:18:53.154  4477  4477 I Zygote  : Process 4477 created for com.android.traceur
03-18 16:18:53.154  4477  4477 I android.traceur: Using CollectorTypeCMC GC.
03-18 16:18:53.155  4477  4477 W android.traceur: Unexpected CPU variant for x86: x86_64.
03-18 16:18:53.155  4477  4477 W android.traceur: Known variants: atom, sandybridge, silvermont, goldmont, goldmont-plus, goldmont-without-sha-xsaves, tremont, kabylake, alderlake, default
03-18 16:18:53.157  2272  2272 I Finsky  : [2] WM::SCH: Logging work start for 10-48
03-18 16:18:53.172  1561  1561 D MultiSimSettingController: notifySubscriptionInfoChanged
03-18 16:18:53.176   806  1275 I HalDevMgr: bestIfaceCreationProposal is null, requestIface=STA, existingIface=[name=wlan0 type=STA]
03-18 16:18:53.182  2272  2285 W android.vending: Suspending all threads took: 13.183ms
03-18 16:18:53.183  4477  4477 D nativeloader: Load libframework-connectivity-tiramisu-jni.so using APEX ns com_android_tethering for caller /apex/com.android.tethering/javalib/framework-connectivity-t.jar: ok
03-18 16:18:53.193  1771  2424 I NearbyMediums: BluetoothAdapter's name was not set by Nearby Connections, ignoring call to restore default scan mode.
03-18 16:18:53.195  4451  4479 E ashmem  : Pinning is deprecated since Android Q. Please use trim or other methods.
03-18 16:18:53.198  1974  4334 W fmwk    : Request failed for unknown reason, see exception: 
03-18 16:18:53.198  1974  4334 W fmwk    : fmwj: m1.mh: Exception in CronetUrlRequest: net::ERR_SSL_PROTOCOL_ERROR, ErrorCode=11, InternalErrorCode=-107, Retryable=false
03-18 16:18:53.198  1974  4334 W fmwk    : 	at fmvu.a(:com.google.android.gms@253434038@25.34.34 (260800-800653487):158)
03-18 16:18:53.198  1974  4334 W fmwk    : 	at awfx.a(:com.google.android.gms@253434038@25.34.34 (260800-800653487):1)
03-18 16:18:53.198  1974  4334 W fmwk    : 	at fmwg.run(:com.google.android.gms@253434038@25.34.34 (260800-800653487):1282)
03-18 16:18:53.198  1974  4334 W fmwk    : 	at bbiq.c(:com.google.android.gms@253434038@25.34.34 (260800-800653487):50)
03-18 16:18:53.198  1974  4334 W fmwk    : 	at bbiq.run(:com.google.android.gms@253434038@25.34.34 (260800-800653487):70)
03-18 16:18:53.198  1974  4334 W fmwk    : 	at java.util.concurrent.ThreadPoolExecutor.runWorker(ThreadPoolExecutor.java:1154)
03-18 16:18:53.198  1974  4334 W fmwk    : 	at java.util.concurrent.ThreadPoolExecutor$Worker.run(ThreadPoolExecutor.java:652)
03-18 16:18:53.198  1974  4334 W fmwk    : 	at bboi.run(:com.google.android.gms@253434038@25.34.34 (260800-800653487):8)
03-18 16:18:53.198  1974  4334 W fmwk    : 	at java.lang.Thread.run(Thread.java:1563)
03-18 16:18:53.198  1974  4334 W fmwk    : Caused by: m1.mh: Exception in CronetUrlRequest: net::ERR_SSL_PROTOCOL_ERROR, ErrorCode=11, InternalErrorCode=-107, Retryable=false
03-18 16:18:53.198  1974  4334 W fmwk    : 	at org.chromium.net.impl.CronetUrlRequest.onError(:com.google.android.gms.dynamite_cronetdynamite@253434038@25.34.34 (260800-0):3)
03-18 16:18:53.199  1974  4334 I GmsDebugLogger: [57] Appsearch.optional_253434100800_2.apk:NETWORK_IO_ERROR:m1.mh: Exception in 
03-18 16:18:53.200  1974  2603 I Trustlet_Onbody: (REDACTED) onbodyAlreadySet: %s
03-18 16:18:53.201   806  1286 E AppOps  : attributionTag VCN not declared in manifest of android
03-18 16:18:53.201   806   806 I AS.AudioService: onSubscriptionsChanged()
03-18 16:18:53.202  1771  2424 I NearbyMediums: BluetoothAdapter's name was not set by Nearby Connections, ignoring call to restore device name
03-18 16:18:53.204  1974  2603 I Trustlet_Onbody: (REDACTED) isOnbodySuggestionEnabledByPhenotype: %s
03-18 16:18:53.205  1561  1561 D CarrierConfigLoader: EVENT_SUBSCRIPTION_INFO_UPDATED phoneId: 0
03-18 16:18:53.205  4215  4215 I Finsky:quick_launch: [2] onSubscriptionsChanged
03-18 16:18:53.205  2911  2911 I Finsky:background: [2] onSubscriptionsChanged
03-18 16:18:53.209  1974  2603 I Trustlet_Onbody: (REDACTED) isTrustAgentEnabled: %s
03-18 16:18:53.210  2272  2272 I Finsky  : [2] onSubscriptionsChanged
03-18 16:18:53.210  1974  2603 I Trustlet_Onbody: Trustlet onbody is supported. [CONTEXT service_id=294 ]
03-18 16:18:53.210  1974  2603 I Trustlet_Onbody: (REDACTED) isSupported: %s
03-18 16:18:53.210  1974  2603 I Trustlet_Onbody: (REDACTED) isChromeOsDevice: %s
03-18 16:18:53.210  1561  1561 D CarrierConfigLoader: Skipped notifying carrier config changed callback for phone 0
03-18 16:18:53.215  2486  2494 W .apps.wellbeing: Suspending all threads took: 8.489ms
03-18 16:18:53.216  2272  2709 I Finsky  : [69] Instant App hint preload cleanup triggered from hygiene.
03-18 16:18:53.217  2272  2709 W JobInfo : Job 'com.android.vending/com.google.android.finsky.instantapps.hint.AppPreloadHygieneService#160422053' has a deadline with no functional constraints. The deadline won't improve job execution latency. Consider removing the deadline.
03-18 16:18:53.219   806  1483 W JobInfo : Job 'com.android.vending/com.google.android.finsky.instantapps.hint.AppPreloadHygieneService#160422053' has a deadline with no functional constraints. The deadline won't improve job execution latency. Consider removing the deadline.
03-18 16:18:53.223  1526  1908 I HeadsetPhoneState: stopListenForPhoneState: no listener
03-18 16:18:53.226  1526  1908 W HeadsetPhoneState: startListenForPhoneState: no event to listen
03-18 16:18:53.232  1771  1812 I fpdo    : (REDACTED) Shared storage file not found for %s
03-18 16:18:53.236  4451  4489 I DlcClient: Binding com.android.devicelockcontroller/.storage.GlobalParametersService
03-18 16:18:53.238  1771  1812 I fpdo    : (REDACTED) Unable to retrieve flag snapshot for %s, using defaults.
03-18 16:18:53.262  1771  4027 E WorkSourceUtil: Could not find package: com.google.android.gms.westworld
03-18 16:18:53.265  2272  2709 I Finsky  : [69] SCH: jobFinished: 10-48. TimeElapsed: 108ms.
03-18 16:18:53.270  2272  2709 I Finsky  : [69] WM::SCH: Logging work end for 10-48
03-18 16:18:53.274  1561  1561 D CarrierConfigLoader: Broadcast CARRIER_CONFIG_CHANGED for phone 0, subId=1
03-18 16:18:53.275  1561  1561 D MultiSimSettingController: onSubscriptionsChanged
03-18 16:18:53.278  1561  1561 D MultiSimSettingController: isReadyToReevaluate: subInfoInitialized=true, carrierConfigsLoaded=true, satelliteEnabledOrBeingEnabled=false
03-18 16:18:53.281  1561  1561 D MultiSimSettingController: updateDefaults
03-18 16:18:53.281  1561  1561 D MultiSimSettingController: isReadyToReevaluate: subInfoInitialized=true, carrierConfigsLoaded=true, satelliteEnabledOrBeingEnabled=false
03-18 16:18:53.283  4477  4477 D ApplicationLoaders: Returning zygote-cached class loader: /system_ext/framework/androidx.window.extensions.jar
03-18 16:18:53.283  4477  4477 D ApplicationLoaders: Returning zygote-cached class loader: /system_ext/framework/androidx.window.sidecar.jar
03-18 16:18:53.285   806  1326 D BackgroundInstallControlService: Package event received: 0
03-18 16:18:53.288  1561  1561 D MultiSimSettingController: updateDefaultValues: change: 0
03-18 16:18:53.288  1561  1561 D MultiSimSettingController: isReadyToReevaluate: subInfoInitialized=true, carrierConfigsLoaded=true, satelliteEnabledOrBeingEnabled=false
03-18 16:18:53.293  4451  4479 I DevicePolicyControllerImpl: Current LockTaskType: -1
03-18 16:18:53.301  4477  4477 D nativeloader: Configuring clns-shared-9 for other apk /system/app/Traceur/Traceur.apk. target_sdk_version=35, uses_libraries=, library_path=/system/app/Traceur/lib/x86_64:/system/lib64:/system_ext/lib64, permitted_path=/data:/mnt/expand:/data/user/0/com.android.traceur:/system/app/Traceur:/system/lib64:/system_ext/lib64
03-18 16:18:53.311   806  4446 I HealthConnectExportImport: Delete local export files started.
03-18 16:18:53.312   806  4446 I HealthConnectExportImport: Delete local export files completed.
03-18 16:18:53.312   806  4446 W HealthConnectTrackerManagerImpl: No step sensor found. Aborting initialization.
03-18 16:18:53.314  1561  1561 I CallNotifier: onSubscriptionsChanged
03-18 16:18:53.317  4451  4479 I DevicePolicyControllerImpl: Enforcing policies for provision state 0 and device state 0
03-18 16:18:53.325  2272  2272 I Finsky  : [2] SCH: Job 10-50 starting
03-18 16:18:53.326  2272  2272 I Finsky  : [2] WM::SCH: Logging work start for 10-50
03-18 16:18:53.327  1561  1561 I CallNotifier: updatePhoneStateListeners: update CF/MWI for subId=1
03-18 16:18:53.328  1561  1561 I NotificationMgr: updateCfi: subId= 1, visible=N
03-18 16:18:53.330  2272  2272 I Finsky  : [2] SCH: jobFinished: 10-50. TimeElapsed: 4ms.
03-18 16:18:53.330  2272  2272 I Finsky  : [2] WM::SCH: Logging work end for 10-50
03-18 16:18:53.331  1974  3668 I IntentFilterIntentOp: (REDACTED) Verification %d complete. Success:%b. Failed hosts:%s.
03-18 16:18:53.335  1974  3668 I IntentFilterIntentOp: (REDACTED) Verifying IntentFilter. verificationId:%d scheme:"%s" hosts:"%s" package:"%s".
03-18 16:18:53.338  4451  4492 I DlcClient: Binding com.android.devicelockcontroller/.storage.SetupParametersService
03-18 16:18:53.339  1974  3668 I AppLinksUtilsV1: Legacy cross-profile verification enabled [CONTEXT service_id=244 ]
03-18 16:18:53.341  1561  1561 I NotificationMgr: updateMwi(): subId:1 isRefresh:true state:N->N (changed:N)
03-18 16:18:53.343   806  2256 D FileUtils: Rounded bytes from 2061062144 to 4000000000
03-18 16:18:53.347  2876  3650 W libc    : Access denied finding property "persist.adb.tls_server.enable"
03-18 16:18:53.347  2876  3650 W libc    : Access denied finding property "service.adb.tls.port"
03-18 16:18:53.351  4477  4477 D CompatChangeReporter: Compat change id reported: 202956589; UID 10139; state: ENABLED
03-18 16:18:53.353  1974  4334 I ChimeraConfigurator: Update complete: fail
03-18 16:18:53.343  2876  2876 W binder:2876_6: type=1400 audit(0.0:37): avc:  denied  { read } for  name="u:object_r:adbd_prop:s0" dev="tmpfs" ino=59 scontext=u:r:gmscore_app:s0:c512,c768 tcontext=u:object_r:adbd_prop:s0 tclass=file permissive=0 app=com.google.android.gms
03-18 16:18:53.362  1974  4334 I ChimeraConfigService: (REDACTED) Scheduling checkin for one-off execution between [%s,%s] seconds from now (%s)
03-18 16:18:53.366  1974  1974 I 43-CredManRegistrationM: (REDACTED) [%s][%s] Success to register credentials
03-18 16:18:53.367   806   881 D ActivityManager: sync unfroze 3492 com.google.android.dialer for 3
03-18 16:18:53.367  1771  2261 I NetworkScheduler.Stats: (REDACTED) Task %s/%s started execution. cause:%s exec_start_elapsed_seconds: %s
03-18 16:18:53.368  1561  1561 I NotificationMgr: maybeSendVoicemailNotificationUsingDefaultDialer: count: 0->0 (changed=false), voicemailNumberChanged=false
03-18 16:18:53.371  1561  1561 I NotificationMgr: maybeSendVoicemailNotificationUsingDefaultDialer: skip bcast to:com.google.android.dialer, user:UserHandle{0}
03-18 16:18:53.377   806  1275 D WifiService: ACTION_CARRIER_CONFIG_CHANGED, active subId: 1
03-18 16:18:53.379  2272  2272 I Finsky  : [2] SCH: Job 10-51 starting
03-18 16:18:53.380  1561  1561 I Telephony: TelecomAccountRegistry: onSubscriptionsChanged - update accounts
03-18 16:18:53.382  1561  1561 I Telephony: PstnIncomingCallNotifier: Unregistering: [0]
03-18 16:18:53.382  4451  4479 E PackagePolicyHandler: Failed to setUserControlDisabledPackages
03-18 16:18:53.382  4451  4479 E PackagePolicyHandler: java.lang.SecurityException: Caller does not have the required permissions for this user. Permission required: android.permission.MANAGE_DEVICE_POLICY_APPS_CONTROL.
03-18 16:18:53.382  4451  4479 E PackagePolicyHandler: 	at android.os.Parcel.createExceptionOrNull(Parcel.java:3373)
03-18 16:18:53.382  4451  4479 E PackagePolicyHandler: 	at android.os.Parcel.createException(Parcel.java:3357)
03-18 16:18:53.382  4451  4479 E PackagePolicyHandler: 	at android.os.Parcel.readException(Parcel.java:3340)
03-18 16:18:53.382  4451  4479 E PackagePolicyHandler: 	at android.os.Parcel.readException(Parcel.java:3282)
03-18 16:18:53.382  4451  4479 E PackagePolicyHandler: 	at android.app.admin.IDevicePolicyManager$Stub$Proxy.setUserControlDisabledPackages(IDevicePolicyManager.java:13070)
03-18 16:18:53.382  4451  4479 E PackagePolicyHandler: 	at android.app.admin.DevicePolicyManager.setUserControlDisabledPackages(DevicePolicyManager.java:17247)
03-18 16:18:53.382  4451  4479 E PackagePolicyHandler: 	at com.android.devicelockcontroller.policy.PackagePolicyHandler.lambda$enablePackageProtection$0(PackagePolicyHandler.java:86)
03-18 16:18:53.382  4451  4479 E PackagePolicyHandler: 	at com.android.devicelockcontroller.policy.PackagePolicyHandler.$r8$lambda$CG-8AwQF-Boufxx8rK8KcOWs2bs(PackagePolicyHandler.java:0)
03-18 16:18:53.382  4451  4479 E PackagePolicyHandler: 	at com.android.devicelockcontroller.policy.PackagePolicyHandler$$ExternalSyntheticLambda0.apply(R8$$SyntheticClass:0)
03-18 16:18:53.382  4451  4479 E PackagePolicyHandler: 	at com.google.common.util.concurrent.AbstractTransformFuture$TransformFuture.doTransform(AbstractTransformFuture.java:258)
