03-15 21:11:48.455  2032  2053 E GnssLocationProvider: android_location_GnssLocationProvider_set_agps_server: AGPS interface not supported
03-15 21:11:48.480  2293  2293 D TelephonyProvider: subIdString = 1 subId = 1
03-15 21:11:48.484  2032  2133 W BestClock: java.time.DateTimeException: Missing NTP fix
03-15 21:11:48.487  2032  2133 W BestClock: java.time.DateTimeException: Missing NTP fix
03-15 21:11:48.488  1750  1939 I netd    : bandwidthSetGlobalAlert(2097152) <0.06ms>
03-15 21:11:48.504  2032  2133 W BestClock: java.time.DateTimeException: Missing NTP fix
03-15 21:11:48.504  2293  2293 D TelephonyProvider: subIdString = 1 subId = 1
03-15 21:11:48.512  2032  2133 W BestClock: java.time.DateTimeException: Missing NTP fix
03-15 21:11:48.513  1750  1939 I netd    : bandwidthSetGlobalAlert(2097152) <0.44ms>
03-15 21:11:48.530  2293  2293 D TelephonyProvider: subIdString = 1 subId = 1
03-15 21:11:48.532  2032  2133 W BestClock: java.time.DateTimeException: Missing NTP fix
03-15 21:11:48.536  2032  2133 W BestClock: java.time.DateTimeException: Missing NTP fix
03-15 21:11:48.537  1750  1939 I netd    : bandwidthSetGlobalAlert(2097152) <0.06ms>
03-15 21:11:48.550  2293  2293 D IntentBroadcaster: Broadcasting and adding intent for rebroadcast: android.intent.action.SIM_STATE_CHANGED LOADED for slotId 0
03-15 21:11:48.551  2032  2032 D WifiService: resetting networks because SIM was loaded
03-15 21:11:48.552  2032  2136 D WifiClientModeImpl: resetting EAP-SIM/AKA/AKA' networks since SIM was changed
03-15 21:11:48.553  2032  2133 W BestClock: java.time.DateTimeException: Missing NTP fix
03-15 21:11:48.556  2293  2293 D TelephonyProvider: subIdString = 1 subId = 1
03-15 21:11:48.558  2032  2133 W BestClock: java.time.DateTimeException: Missing NTP fix
03-15 21:11:48.560  1750  1939 I netd    : bandwidthSetGlobalAlert(2097152) <0.10ms>
03-15 21:11:48.577  2293  2293 D CarrierIdProvider: updateCarrierIdForSubId: 1
03-15 21:11:48.579  2293  2293 D CarrierIdProvider: updateCarrierIdForSubId: 1
03-15 21:11:48.580  2293  2293 D TelephonyProvider: subIdString = 1 subId = 1
03-15 21:11:48.597  2293  2293 D TelephonyProvider: subIdString = 1 subId = 1
03-15 21:11:48.599  2032  2133 W BestClock: java.time.DateTimeException: Missing NTP fix
03-15 21:11:48.602  2293  2293 D CarrierConfigLoader: update config for phoneId: 0 simState: LOADED
03-15 21:11:48.602  2293  2293 D CarrierSvcBindHelper: update binding for phoneId: 0 simState: LOADED
03-15 21:11:48.603  2032  2133 W BestClock: java.time.DateTimeException: Missing NTP fix
03-15 21:11:48.604  1750  1939 I netd    : bandwidthSetGlobalAlert(2097152) <0.07ms>
03-15 21:11:48.605  2293  2293 D TelephonyProvider: match current APN size:  1
03-15 21:11:48.605  2293  2293 D TelephonyProvider: match MNO APN: 1
03-15 21:11:48.606  2293  2293 D TelephonyProvider: subIdString = 1 subId = 1
03-15 21:11:48.608  2293  2293 I chatty  : uid=1001(radio) com.android.phone identical 1 line
03-15 21:11:48.611  2293  2293 D TelephonyProvider: subIdString = 1 subId = 1
03-15 21:11:48.615  2293  2293 D MultiSimSettingController: onDefaultDataSettingChanged
03-15 21:11:48.617  2293  2293 D MultiSimSettingController: onDefaultDataSettingChanged
03-15 21:11:48.617  2293  2566 D IccSmsInterfaceManager: [IccSmsInterfaceManager] Failed to add GSM cell broadcast channels range 4370 to 4370
03-15 21:11:48.619  2293  2566 D IccSmsInterfaceManager: [IccSmsInterfaceManager] Calling setCdmaBroadcastConfig with 1 configurations
03-15 21:11:48.621  2293  2293 D MultiSimSettingController: onAllSubscriptionsLoaded
03-15 21:11:48.621  2293  2293 D MultiSimSettingController: updateDefaults
03-15 21:11:48.622  2172  2172 V StatusBar: mStatusBarWindow: com.android.systemui.statusbar.phone.StatusBarWindowView{c3e5cd0 V.E...... ......ID 0,0-1080,135} canPanelBeCollapsed(): false
03-15 21:11:48.622  2293  2293 D MultiSimSettingController: [updateDefaultValues] change: 6
03-15 21:11:48.622  2293  2293 D MultiSimSettingController: [updateDefaultValues] to only primary sub 1
03-15 21:11:48.632  2172  2172 D KeyguardClockSwitch: Updating clock: 511
03-15 21:11:48.644  2032  2328 W Telecom : PhoneAccountRegistrar: Trying to set nonexistent default outgoing ComponentInfo{com.android.phone/com.android.services.telephony.TelephonyConnectionService}, ***, UserHandle{0}: TSI.sUSOPA@ABo
03-15 21:11:48.647  2032  2053 E GnssLocationProvider: android_location_GnssLocationProvider_set_agps_server: AGPS interface not supported
03-15 21:11:48.651  2293  2293 D TelephonyProvider: match current APN size:  1
03-15 21:11:48.651  2293  2293 D TelephonyProvider: match MNO APN: 1
03-15 21:11:48.652  2293  2293 D TelephonyProvider: subIdString = 1 subId = 1
03-15 21:11:48.665  2293  2293 I TelecomFramework: : onSubscriptionsChanged - update accounts
03-15 21:11:48.665  2293  2293 I TelecomFramework: PstnIncomingCallNotifier: Unregistering: Handler (com.android.internal.telephony.GsmCdmaPhone) {5c765fb}
03-15 21:11:48.665  2293  2293 I TelecomFramework: TelecomAccountRegistry: setupAccounts: Found 1 phones.  Attempting to register.
03-15 21:11:48.665  2293  2293 I TelecomFramework: TelecomAccountRegistry: setupAccounts: Phone with subscription id 1
03-15 21:11:48.654  2293  2293 I chatty  : uid=1001(radio) com.android.phone identical 1 line
03-15 21:11:48.657  2293  2293 D TelephonyProvider: subIdString = 1 subId = 1
03-15 21:11:48.667  2172  2172 V KeyguardUpdateMonitor: action android.intent.action.SIM_STATE_CHANGED state: READY slotId: 0 subid: -1
03-15 21:11:48.681  2172  2172 I Choreographer: Skipped 53 frames!  The application may be doing too much work on its main thread.
03-15 21:11:48.685  2032  2594 I Telecom : PhoneAccountRegistrar: New phone account registered: [[ ] PhoneAccount: ComponentInfo{com.android.phone/com.android.services.telephony.TelephonyConnectionService}, ***, UserHandle{0} Capabilities: CallProvider MultiUser PlaceEmerg SimSub  Audio Routes: BESW Schemes: tel voicemail  Extras: Bundle[{android.telecom.extra.SUPPORTS_VIDEO_CALLING_FALLBACK=true}] GroupId: ***]: TSI.rPA@ABs
03-15 21:11:48.686  2032  2594 I Telecom : CallsManager: Sending phone-account ComponentInfo{com.android.phone/com.android.services.telephony.TelephonyConnectionService}, ***, UserHandle{0} registered intent as user: TSI.rPA@ABs
03-15 21:11:48.687  2032  2594 I Telecom : CallsManager: Sending phone-account registered intent to default dialer: TSI.rPA@ABs
03-15 21:11:48.688  2293  2293 I TelecomFramework: AccountEntry: Registered phoneAccount: [[ ] PhoneAccount: ComponentInfo{com.android.phone/com.android.services.telephony.TelephonyConnectionService}, ***, UserHandle{0} Capabilities: CallProvider MultiUser PlaceEmerg SimSub  Audio Routes: BESW Schemes: tel voicemail  Extras: Bundle[{android.telecom.extra.SUPPORTS_VIDEO_CALLING_FALLBACK=true}] GroupId: ***] with handle: ComponentInfo{com.android.phone/com.android.services.telephony.TelephonyConnectionService}, ***, UserHandle{0}
03-15 21:11:48.688  2293  2293 I TelecomFramework: PstnIncomingCallNotifier: Registering: Handler (com.android.internal.telephony.GsmCdmaPhone) {5c765fb}
03-15 21:11:48.692  2293  2293 I TelecomFramework: TelecomAccountRegistry: Unregistering phone account ComponentInfo{com.android.phone/com.android.services.telephony.TelephonyConnectionService}, ***, UserHandle{0}.
03-15 21:11:48.693  2032  2594 I Telecom : CallsManager: Sending phone-account ComponentInfo{com.android.phone/com.android.services.telephony.TelephonyConnectionService}, ***, UserHandle{0} unregistered intent as user: TSI.uPA@AB0
03-15 21:11:48.693  2032  2594 I Telecom : CallsManager: Sending phone-account unregistered intent to default dialer: TSI.uPA@AB0
03-15 21:11:48.722  2172  2485 D EGL_emulation: eglMakeCurrent: 0x737b9fa0cfc0: ver 2 0 (tinfo 0x737be9f9d920)
03-15 21:11:48.724  2293  2293 D TelephonyProvider: subIdString = 1 subId = 1
03-15 21:11:48.731  1768  1833 D gralloc_ranchu: gralloc_alloc: Creating ashmem region of size 585728
03-15 21:11:48.772  2172  2485 D EGL_emulation: eglMakeCurrent: 0x737b9fa0cfc0: ver 2 0 (tinfo 0x737be9f9d920)
03-15 21:11:48.800  2032  2133 W BestClock: java.time.DateTimeException: Missing NTP fix
03-15 21:11:48.802  2032  2133 W BestClock: java.time.DateTimeException: Missing NTP fix
03-15 21:11:48.803  1750  1939 I netd    : bandwidthSetGlobalAlert(2097152) <0.07ms>
03-15 21:11:48.804  2293  2293 D TelephonyProvider: subIdString = 1 subId = 1
03-15 21:11:48.809  1768  1833 D gralloc_ranchu: gralloc_alloc: Creating ashmem region of size 585728
03-15 21:11:48.822  2172  2485 I OpenGLRenderer: Davey! duration=1031ms; Flags=1, IntendedVsync=35881951511, Vsync=36765284809, OldestInputEvent=9223372036854775807, NewestInputEvent=0, HandleInputStart=36773975800, AnimationStart=36773997800, PerformTraversalsStart=36774197200, DrawStart=36863315600, SyncQueued=36863935600, SyncStart=36865587300, IssueDrawCommandsStart=36865618000, SwapBuffers=36900371800, FrameCompleted=36915260400, DequeueBufferDuration=13026000, QueueBufferDuration=861000, 
03-15 21:11:48.834  2172  2172 D StatusBar: disable<e i a s b h r c s > disable2<q i n >
03-15 21:11:48.835  2293  2293 D MultiSimSettingController: onSubscriptionsChanged
03-15 21:11:48.835  2293  2293 D MultiSimSettingController: updateDefaults
03-15 21:11:48.836  2293  2293 D MultiSimSettingController: [updateDefaultValues] change: 0
03-15 21:11:48.836  2293  2293 I TelecomFramework: PstnIncomingCallNotifier: Unregistering: Handler (com.android.internal.telephony.GsmCdmaPhone) {5c765fb}
03-15 21:11:48.836  2293  2293 I TelecomFramework: TelecomAccountRegistry: setupAccounts: Found 1 phones.  Attempting to register.
03-15 21:11:48.836  2293  2293 I TelecomFramework: TelecomAccountRegistry: setupAccounts: Phone with subscription id 1
03-15 21:11:48.837  2032  2133 W BestClock: java.time.DateTimeException: Missing NTP fix
03-15 21:11:48.842  2032  2133 W BestClock: java.time.DateTimeException: Missing NTP fix
03-15 21:11:48.843  1750  1939 I netd    : bandwidthSetGlobalAlert(2097152) <0.06ms>
03-15 21:11:48.862  2032  2328 I Telecom : PhoneAccountRegistrar: Modify account: [ComponentInfo{com.android.phone/com.android.services.telephony.TelephonyConnectionService}, ***, UserHandle{0}]: TSI.rPA@AB8
03-15 21:11:48.862  2032  2328 I Telecom : CallsManager: handlePhoneAccountChanged: phoneAccount=[[X] PhoneAccount: ComponentInfo{com.android.phone/com.android.services.telephony.TelephonyConnectionService}, ***, UserHandle{0} Capabilities: CallProvider MultiUser PlaceEmerg SimSub  Audio Routes: BESW Schemes: tel voicemail  Extras: Bundle[{android.telecom.extra.SUPPORTS_VIDEO_CALLING_FALLBACK=true}] GroupId: ***]: TSI.rPA@AB8
03-15 21:11:48.862  2293  2293 I TelecomFramework: AccountEntry: Registered phoneAccount: [[ ] PhoneAccount: ComponentInfo{com.android.phone/com.android.services.telephony.TelephonyConnectionService}, ***, UserHandle{0} Capabilities: CallProvider MultiUser PlaceEmerg SimSub  Audio Routes: BESW Schemes: tel voicemail  Extras: Bundle[{android.telecom.extra.SUPPORTS_VIDEO_CALLING_FALLBACK=true}] GroupId: ***] with handle: ComponentInfo{com.android.phone/com.android.services.telephony.TelephonyConnectionService}, ***, UserHandle{0}
03-15 21:11:48.863  2293  2293 I TelecomFramework: PstnIncomingCallNotifier: Registering: Handler (com.android.internal.telephony.GsmCdmaPhone) {5c765fb}
03-15 21:11:48.869  2293  2293 I TelecomFramework: : onSubscriptionsChanged - update accounts
03-15 21:11:48.869  2293  2293 I TelecomFramework: PstnIncomingCallNotifier: Unregistering: Handler (com.android.internal.telephony.GsmCdmaPhone) {5c765fb}
03-15 21:11:48.870  2293  2293 I TelecomFramework: TelecomAccountRegistry: setupAccounts: Found 1 phones.  Attempting to register.
03-15 21:11:48.870  2293  2293 I TelecomFramework: TelecomAccountRegistry: setupAccounts: Phone with subscription id 1
03-15 21:11:48.886  1960  1974 D BootAnimation: BootAnimationStopTiming start time: 36979ms
03-15 21:11:48.892  2032  2394 I Telecom : PhoneAccountRegistrar: Modify account: [ComponentInfo{com.android.phone/com.android.services.telephony.TelephonyConnectionService}, ***, UserHandle{0}]: TSI.rPA@ACI
03-15 21:11:48.892  2032  2394 I Telecom : CallsManager: handlePhoneAccountChanged: phoneAccount=[[X] PhoneAccount: ComponentInfo{com.android.phone/com.android.services.telephony.TelephonyConnectionService}, ***, UserHandle{0} Capabilities: CallProvider MultiUser PlaceEmerg SimSub  Audio Routes: BESW Schemes: tel voicemail  Extras: Bundle[{android.telecom.extra.SUPPORTS_VIDEO_CALLING_FALLBACK=true}] GroupId: ***]: TSI.rPA@ACI
03-15 21:11:48.893  2293  2293 I TelecomFramework: AccountEntry: Registered phoneAccount: [[ ] PhoneAccount: ComponentInfo{com.android.phone/com.android.services.telephony.TelephonyConnectionService}, ***, UserHandle{0} Capabilities: CallProvider MultiUser PlaceEmerg SimSub  Audio Routes: BESW Schemes: tel voicemail  Extras: Bundle[{android.telecom.extra.SUPPORTS_VIDEO_CALLING_FALLBACK=true}] GroupId: ***] with handle: ComponentInfo{com.android.phone/com.android.services.telephony.TelephonyConnectionService}, ***, UserHandle{0}
03-15 21:11:48.893  2293  2293 I TelecomFramework: PstnIncomingCallNotifier: Registering: Handler (com.android.internal.telephony.GsmCdmaPhone) {5c765fb}
03-15 21:11:48.898  2293  2293 D CallNotifier: updatePhoneStateListeners: update CF notifications.
03-15 21:11:48.898  2293  2293 D MultiSimSettingController: onSubscriptionsChanged
03-15 21:11:48.898  2293  2293 D MultiSimSettingController: updateDefaults
03-15 21:11:48.898  2293  2293 D MultiSimSettingController: [updateDefaultValues] change: 0
03-15 21:11:48.898  2293  2293 I TelecomFramework: : onSubscriptionsChanged - update accounts
03-15 21:11:48.898  2293  2293 I TelecomFramework: PstnIncomingCallNotifier: Unregistering: Handler (com.android.internal.telephony.GsmCdmaPhone) {5c765fb}
03-15 21:11:48.898  2293  2293 I TelecomFramework: TelecomAccountRegistry: setupAccounts: Found 1 phones.  Attempting to register.
03-15 21:11:48.898  2293  2293 I TelecomFramework: TelecomAccountRegistry: setupAccounts: Phone with subscription id 1
03-15 21:11:48.917  2032  2367 I Telecom : PhoneAccountRegistrar: Modify account: [ComponentInfo{com.android.phone/com.android.services.telephony.TelephonyConnectionService}, ***, UserHandle{0}]: TSI.rPA@ACU
03-15 21:11:48.918  2032  2367 I Telecom : CallsManager: handlePhoneAccountChanged: phoneAccount=[[X] PhoneAccount: ComponentInfo{com.android.phone/com.android.services.telephony.TelephonyConnectionService}, ***, UserHandle{0} Capabilities: CallProvider MultiUser PlaceEmerg SimSub  Audio Routes: BESW Schemes: tel voicemail  Extras: Bundle[{android.telecom.extra.SUPPORTS_VIDEO_CALLING_FALLBACK=true}] GroupId: ***]: TSI.rPA@ACU
03-15 21:11:48.918  2293  2293 I TelecomFramework: AccountEntry: Registered phoneAccount: [[ ] PhoneAccount: ComponentInfo{com.android.phone/com.android.services.telephony.TelephonyConnectionService}, ***, UserHandle{0} Capabilities: CallProvider MultiUser PlaceEmerg SimSub  Audio Routes: BESW Schemes: tel voicemail  Extras: Bundle[{android.telecom.extra.SUPPORTS_VIDEO_CALLING_FALLBACK=true}] GroupId: ***] with handle: ComponentInfo{com.android.phone/com.android.services.telephony.TelephonyConnectionService}, ***, UserHandle{0}
03-15 21:11:48.918  2293  2293 I TelecomFramework: PstnIncomingCallNotifier: Registering: Handler (com.android.internal.telephony.GsmCdmaPhone) {5c765fb}
03-15 21:11:48.924  2293  2293 D CallNotifier: updatePhoneStateListeners: update CF notifications.
03-15 21:11:48.924  2293  2293 D MultiSimSettingController: onSubscriptionsChanged
03-15 21:11:48.924  2293  2293 D MultiSimSettingController: updateDefaults
03-15 21:11:48.924  2293  2293 D MultiSimSettingController: [updateDefaultValues] change: 0
03-15 21:11:48.926  2293  2293 D CallNotifier: updatePhoneStateListeners: update CF notifications.
03-15 21:11:48.926  2293  2293 I TelecomFramework: : onSubscriptionsChanged - update accounts
03-15 21:11:48.926  2293  2293 I TelecomFramework: PstnIncomingCallNotifier: Unregistering: Handler (com.android.internal.telephony.GsmCdmaPhone) {5c765fb}
03-15 21:11:48.926  2293  2293 I TelecomFramework: TelecomAccountRegistry: setupAccounts: Found 1 phones.  Attempting to register.
03-15 21:11:48.927  2293  2293 I TelecomFramework: TelecomAccountRegistry: setupAccounts: Phone with subscription id 1
03-15 21:11:48.929  2032  2056 I WindowManager: ******* TELLING SURFACE FLINGER WE ARE BOOTED!
03-15 21:11:48.929  1797  2501 I SurfaceFlinger: Boot is finished (10905 ms)
03-15 21:11:48.932  2032  2056 I SystemServiceManager: Starting phase 1000
03-15 21:11:48.933  2032  2128 D StorageManagerService: Thinking about init, mBootCompleted=true, mDaemonConnected=true
03-15 21:11:48.933  2032  2128 D StorageManagerService: Thinking about reset, mBootCompleted=true, mDaemonConnected=true
03-15 21:11:48.933  2032  2056 D TestHarnessModeService: Completing Test Harness Mode setup.
03-15 21:11:48.933  2032  2056 D TestHarnessModeService: Getting PersistentDataBlockManagerInternal from LocalServices
03-15 21:11:48.933  2032  2056 E TestHarnessModeService: Failed to start Test Harness Mode; no implementation of PersistentDataBlockManagerInternal was bound!
03-15 21:11:48.934  2032  2056 D WifiService: Handle boot completed
03-15 21:11:48.934  2032  2201 V StorageManagerService: Found primary storage at VolumeInfo{emulated}:
03-15 21:11:48.934  2032  2201 V StorageManagerService:     type=EMULATED diskId=null partGuid= mountFlags=0 mountUserId=-10000 
03-15 21:11:48.934  2032  2201 V StorageManagerService:     state=UNMOUNTED 
03-15 21:11:48.934  2032  2201 V StorageManagerService:     fsType=null fsUuid=null fsLabel=null 
03-15 21:11:48.934  2032  2201 V StorageManagerService:     path=null internalPath=null 
03-15 21:11:48.935  2032  2136 I WifiScoreCard: Installing MemoryStore
03-15 21:11:48.941  2032  2070 V DisplayPowerController: Brightness [102] reason changing to: 'manual', previous reason: 'override'.
03-15 21:11:48.944  2032  2056 D ActivityManager: Finishing user boot 0
03-15 21:11:48.944  2032  2056 I ActivityManager: User 0 state changed from BOOTING to RUNNING_LOCKED
03-15 21:11:48.945  2032  2056 D StorageManagerService: unlockUserKey: 0
03-15 21:11:48.947  1659  2477 D vold    : fscrypt_unlock_user_key 0 serial=0 token_present=0
03-15 21:11:48.948  1659  2477 D vold    : Skipping non-key .
03-15 21:11:48.948  1659  2477 D vold    : Skipping non-key ..
03-15 21:11:48.948  1659  2477 D vold    : Trying user CE key /data/misc/vold/user_keys/ce/0/current
03-15 21:11:48.953  1651  1651 I hwservicemanager: getTransport: Cannot find entry android.hardware.keymaster@4.0::IKeymasterDevice/default in either framework or device manifest.
03-15 21:11:48.954  1659  2477 I vold    : List of Keymaster HALs found:
03-15 21:11:48.954  1659  2477 I vold    : Keymaster HAL #1: SoftwareKeymasterDevice from Google SecurityLevel: SOFTWARE HAL: android.hardware.keymaster@3.0::IKeymasterDevice/default
03-15 21:11:48.954  1659  2477 I vold    : Using SoftwareKeymasterDevice from Google for encryption.  Security level: SOFTWARE, HAL: android.hardware.keymaster@3.0::IKeymasterDevice/default
03-15 21:11:48.955  1659  2477 D RefBase : RefBase: Explicit destruction, weak count = 0 (in 0x7856f8e336f0)
03-15 21:11:48.955  1659  2477 W RefBase : CallStack::getCurrentInternal not linked, returning null
03-15 21:11:48.955  1659  2477 W RefBase : CallStack::logStackInternal not linked
03-15 21:11:48.955  1659  2477 D vold    : Successfully retrieved key
03-15 21:11:48.956  2032  2049 I Telecom : PhoneAccountRegistrar: Modify account: [ComponentInfo{com.android.phone/com.android.services.telephony.TelephonyConnectionService}, ***, UserHandle{0}]: TSI.rPA@ACg
03-15 21:11:48.957  2032  2049 I Telecom : CallsManager: handlePhoneAccountChanged: phoneAccount=[[X] PhoneAccount: ComponentInfo{com.android.phone/com.android.services.telephony.TelephonyConnectionService}, ***, UserHandle{0} Capabilities: CallProvider MultiUser PlaceEmerg SimSub  Audio Routes: BESW Schemes: tel voicemail  Extras: Bundle[{android.telecom.extra.SUPPORTS_VIDEO_CALLING_FALLBACK=true}] GroupId: ***]: TSI.rPA@ACg
03-15 21:11:48.957  2293  2293 I TelecomFramework: AccountEntry: Registered phoneAccount: [[ ] PhoneAccount: ComponentInfo{com.android.phone/com.android.services.telephony.TelephonyConnectionService}, ***, UserHandle{0} Capabilities: CallProvider MultiUser PlaceEmerg SimSub  Audio Routes: BESW Schemes: tel voicemail  Extras: Bundle[{android.telecom.extra.SUPPORTS_VIDEO_CALLING_FALLBACK=true}] GroupId: ***] with handle: ComponentInfo{com.android.phone/com.android.services.telephony.TelephonyConnectionService}, ***, UserHandle{0}
03-15 21:11:48.957  2293  2293 I TelecomFramework: PstnIncomingCallNotifier: Registering: Handler (com.android.internal.telephony.GsmCdmaPhone) {5c765fb}
03-15 21:11:48.957  1659  2477 D vold    : Added key 149664007 (ext4:a4a6f3703841a9a9) to keyring 86829861 in process 1659
03-15 21:11:48.957  1659  2477 D vold    : Added key 386016197 (f2fs:a4a6f3703841a9a9) to keyring 86829861 in process 1659
03-15 21:11:48.957  1659  2477 D vold    : Added key 357683974 (fscrypt:a4a6f3703841a9a9) to keyring 86829861 in process 1659
03-15 21:11:48.957  1659  2477 D vold    : Installed ce key for user 0
03-15 21:11:48.958  2032  2056 D ActivityManager: Started unlocking user 0
03-15 21:11:48.958  2032  2056 D ActivityManager: Unlocking user 0 progress 0
03-15 21:11:48.958  2032  2056 D ActivityManager: Unlocking user 0 progress 5
03-15 21:11:48.960  1659  2477 D vold    : fscrypt_prepare_user_storage for volume null, user 0, serial 0, flags 2
03-15 21:11:48.960  1659  2477 D vold    : Preparing: /data/system_ce/0
03-15 21:11:48.960  1659  2477 D vold    : Preparing: /data/misc_ce/0
03-15 21:11:48.960  1659  2477 D vold    : Preparing: /data/vendor_ce/0
03-15 21:11:48.961  1659  2477 D vold    : Preparing: /data/media/0
03-15 21:11:48.961  1659  2477 D vold    : Preparing: /data/data
03-15 21:11:48.961  2032  2062 I ActivityManager: Force stopping com.android.providers.media appid=10052 user=-1: vold reset
03-15 21:11:48.962  1659  2477 I vold    : Found policy a4a6f3703841a9a9 at /data/system_ce/0 which matches expected value
03-15 21:11:48.962  1659  2477 I vold    : Found policy a4a6f3703841a9a9 at /data/misc_ce/0 which matches expected value
03-15 21:11:48.963  2293  2293 D MultiSimSettingController: onSubscriptionsChanged
03-15 21:11:48.963  2293  2293 D MultiSimSettingController: updateDefaults
03-15 21:11:48.964  2293  2293 D MultiSimSettingController: [updateDefaultValues] change: 0
03-15 21:11:48.964  1659  2477 I vold    : Found policy a4a6f3703841a9a9 at /data/vendor_ce/0 which matches expected value
03-15 21:11:48.965  1659  2477 I vold    : Found policy a4a6f3703841a9a9 at /data/media/0 which matches expected value
03-15 21:11:48.965  1659  2477 I vold    : Found policy a4a6f3703841a9a9 at /data/data which matches expected value
03-15 21:11:48.965  1659  2477 D vold    : Starting restorecon of /data/system_ce/0
03-15 21:11:48.967  2032  2056 D ColorDisplayService: setUp: currentUser=0
03-15 21:11:48.970  2032  2056 I WindowManager: Using new display size: 1080x2280
03-15 21:11:48.970  2032  2056 W InputReader: Device has associated, but no associated display id.
03-15 21:11:48.970  2293  2293 I TelecomFramework: : onSubscriptionsChanged - update accounts
03-15 21:11:48.970  2293  2293 I TelecomFramework: PstnIncomingCallNotifier: Unregistering: Handler (com.android.internal.telephony.GsmCdmaPhone) {5c765fb}
03-15 21:11:48.970  2293  2293 I TelecomFramework: TelecomAccountRegistry: setupAccounts: Found 1 phones.  Attempting to register.
03-15 21:11:48.970  2293  2293 I TelecomFramework: TelecomAccountRegistry: setupAccounts: Phone with subscription id 1
03-15 21:11:48.971  2032  2056 I chatty  : uid=1000(system) android.display identical 18 lines
03-15 21:11:48.971  2032  2056 W InputReader: Device has associated, but no associated display id.
03-15 21:11:48.978  2032  2136 D WifiConfigStore: Reading from all stores completed in 43 ms.
03-15 21:11:48.980  1797  1975 D PermissionCache: checking android.permission.READ_FRAME_BUFFER for uid=1000 => granted (2918 us)
03-15 21:11:48.980  1768  1833 D gralloc_ranchu: gralloc_alloc: Creating ashmem region of size 9850880
03-15 21:11:48.986  2172  2172 E StatusBarSignalPolicy: Unexpected subscription 1
03-15 21:11:48.987  2032  2136 D WifiNetworkFactory: Registering NetworkFactory
03-15 21:11:48.987  2032  2136 D UntrustedWifiNetworkFactory: Registering NetworkFactory
03-15 21:11:48.987  2032  2139 D ConnectivityService: Got NetworkFactory Messenger for WifiNetworkFactory
03-15 21:11:48.987  2032  2139 D ConnectivityService: Got NetworkFactory Messenger for UntrustedWifiNetworkFactory
03-15 21:11:48.987  2032  2136 D WifiNetworkFactory: got request NetworkRequest [ TRACK_DEFAULT id=14, [ Capabilities: INTERNET&NOT_RESTRICTED&TRUSTED Uid: 1001] ] with score 0 and serial -1
03-15 21:11:48.988  2032  2136 D WifiConnectivityHelper: Firmware supported feature set: 19
03-15 21:11:48.988  2032  2136 D WifiConnectivityHelper: Firmware roaming is not supported
03-15 21:11:48.989  2032  2136 D WifiNetworkFactory: got request NetworkRequest [ TRACK_DEFAULT id=9, [ Capabilities: INTERNET&NOT_RESTRICTED&TRUSTED Uid: 1000] ] with score 0 and serial -1
03-15 21:11:48.989  2032  2136 D WifiNetworkFactory: got request NetworkRequest [ BACKGROUND_REQUEST id=2, [ Transports: CELLULAR Capabilities: INTERNET&NOT_RESTRICTED&TRUSTED&NOT_VPN] ] with score 0 and serial -1
03-15 21:11:48.989  2032  2136 D WifiNetworkFactory: got request NetworkRequest [ TRACK_DEFAULT id=13, [ Capabilities: INTERNET&NOT_RESTRICTED&TRUSTED Uid: 10102] ] with score 0 and serial -1
03-15 21:11:48.989  2032  2136 D WifiNetworkFactory: got request NetworkRequest [ REQUEST id=1, [ Capabilities: INTERNET&NOT_RESTRICTED&TRUSTED&NOT_VPN] ] with score 0 and serial -1
03-15 21:11:48.989  2032  2136 D WifiNetworkFactory: got request NetworkRequest [ REQUEST id=7, [ Capabilities: INTERNET&NOT_RESTRICTED&TRUSTED&NOT_VPN] ] with score 0 and serial -1
03-15 21:11:48.989  2032  2136 D UntrustedWifiNetworkFactory: got request NetworkRequest [ TRACK_DEFAULT id=14, [ Capabilities: INTERNET&NOT_RESTRICTED&TRUSTED Uid: 1001] ] with score 0 and serial -1
03-15 21:11:48.989  2032  2136 D UntrustedWifiNetworkFactory: got request NetworkRequest [ TRACK_DEFAULT id=9, [ Capabilities: INTERNET&NOT_RESTRICTED&TRUSTED Uid: 1000] ] with score 0 and serial -1
03-15 21:11:48.989  2032  2136 D UntrustedWifiNetworkFactory: got request NetworkRequest [ BACKGROUND_REQUEST id=2, [ Transports: CELLULAR Capabilities: INTERNET&NOT_RESTRICTED&TRUSTED&NOT_VPN] ] with score 0 and serial -1
03-15 21:11:48.989  2032  2136 D UntrustedWifiNetworkFactory: got request NetworkRequest [ TRACK_DEFAULT id=13, [ Capabilities: INTERNET&NOT_RESTRICTED&TRUSTED Uid: 10102] ] with score 0 and serial -1
03-15 21:11:48.989  2032  2136 D UntrustedWifiNetworkFactory: got request NetworkRequest [ REQUEST id=1, [ Capabilities: INTERNET&NOT_RESTRICTED&TRUSTED&NOT_VPN] ] with score 0 and serial -1
03-15 21:11:48.990  2032  2136 D UntrustedWifiNetworkFactory: got request NetworkRequest [ REQUEST id=7, [ Capabilities: INTERNET&NOT_RESTRICTED&TRUSTED&NOT_VPN] ] with score 0 and serial -1
03-15 21:11:48.998  2032  2640 I Telecom : PhoneAccountRegistrar: Modify account: [ComponentInfo{com.android.phone/com.android.services.telephony.TelephonyConnectionService}, ***, UserHandle{0}]: TSI.rPA@ACs
03-15 21:11:49.000  2032  2640 I Telecom : CallsManager: handlePhoneAccountChanged: phoneAccount=[[X] PhoneAccount: ComponentInfo{com.android.phone/com.android.services.telephony.TelephonyConnectionService}, ***, UserHandle{0} Capabilities: CallProvider MultiUser PlaceEmerg SimSub  Audio Routes: BESW Schemes: tel voicemail  Extras: Bundle[{android.telecom.extra.SUPPORTS_VIDEO_CALLING_FALLBACK=true}] GroupId: ***]: TSI.rPA@ACs
03-15 21:11:49.000  2293  2293 I TelecomFramework: AccountEntry: Registered phoneAccount: [[ ] PhoneAccount: ComponentInfo{com.android.phone/com.android.services.telephony.TelephonyConnectionService}, ***, UserHandle{0} Capabilities: CallProvider MultiUser PlaceEmerg SimSub  Audio Routes: BESW Schemes: tel voicemail  Extras: Bundle[{android.telecom.extra.SUPPORTS_VIDEO_CALLING_FALLBACK=true}] GroupId: ***] with handle: ComponentInfo{com.android.phone/com.android.services.telephony.TelephonyConnectionService}, ***, UserHandle{0}
03-15 21:11:49.000  2293  2293 I TelecomFramework: PstnIncomingCallNotifier: Registering: Handler (com.android.internal.telephony.GsmCdmaPhone) {5c765fb}
03-15 21:11:49.008  2293  2293 D CallNotifier: updatePhoneStateListeners: update CF notifications.
03-15 21:11:49.008  2293  2293 D MultiSimSettingController: onSubscriptionsChanged
03-15 21:11:49.008  2293  2293 D MultiSimSettingController: updateDefaults
03-15 21:11:49.009  2293  2293 D MultiSimSettingController: [updateDefaultValues] change: 0
03-15 21:11:49.012  2293  2293 I VvmSimStateTracker: android.intent.action.SIM_STATE_CHANGED
03-15 21:11:49.023  1659  2477 D vold    : Finished restorecon of /data/system_ce/0
03-15 21:11:49.023  1659  2477 D vold    : Starting restorecon of /data/vendor_ce/0
03-15 21:11:49.036  1651  1651 I hwservicemanager: getTransport: Cannot find entry android.hardware.graphics.mapper@3.0::IMapper/default in either framework or device manifest.
03-15 21:11:49.036  2032  2056 W Gralloc3: mapper 3.x is not supported
03-15 21:11:49.040  2032  2056 D HostConnection: createUnique: call
03-15 21:11:49.061  2641  2641 I bootstat: Service started: /system/bin/bootstat --record_boot_complete --record_boot_reason --record_time_since_factory_reset -l 
03-15 21:11:49.061  2032  2056 D HostConnection: HostConnection::get() New Host Connection established 0x737b96fdf360, tid 2056
03-15 21:11:49.061  2641  2641 E bootstat: Failed to read /data/misc/bootstat/post_decrypt_time_elapsed: No such file or directory
03-15 21:11:49.061  2641  2641 E bootstat: Failed to parse boot time record: /data/misc/bootstat/post_decrypt_time_elapsed
03-15 21:11:49.061  2032  2056 D HostConnection: HostComposition ext ANDROID_EMU_CHECKSUM_HELPER_v1 ANDROID_EMU_native_sync_v2 ANDROID_EMU_native_sync_v3 ANDROID_EMU_native_sync_v4 ANDROID_EMU_dma_v1 ANDROID_EMU_direct_mem ANDROID_EMU_host_composition_v1 ANDROID_EMU_host_composition_v2 ANDROID_EMU_vulkan ANDROID_EMU_deferred_vulkan_commands ANDROID_EMU_vulkan_create_resources_with_requirements ANDROID_EMU_vulkan_free_memory_sync ANDROID_EMU_vulkan_shader_float16_int8 ANDROID_EMU_vulkan_async_queue_submit ANDROID_EMU_sync_buffer_data ANDROID_EMU_vulkan_async_qsri ANDROID_EMU_hwc_color_transform GL_OES_vertex_array_object GL_KHR_texture_compression_astc_ldr ANDROID_EMU_host_side_tracing ANDROID_EMU_gles_max_version_2 
03-15 21:11:49.063  2032  2056 D eglCodecCommon: allocate: Ask for block of size 0x1000
03-15 21:11:49.063  2032  2056 D eglCodecCommon: allocate: ioctl allocate returned offset 0x3ffff8000 size 0x2000
03-15 21:11:49.070  2567  2567 D CellBroadcastReceiver: onReceive Intent { act=android.telephony.action.DEFAULT_SMS_SUBSCRIPTION_CHANGED flg=0x21000010 cmp=com.android.cellbroadcastreceiver/.CellBroadcastReceiver (has extras) }
03-15 21:11:49.070  2567  2567 D CellBroadcastReceiver: Start Cell Broadcast configuration.
03-15 21:11:49.071  2032  2056 W InputReader: Device has associated, but no associated display id.
03-15 21:11:49.073  2032  2056 I ActivityTaskManager: Config changes=20000400 {1.0 310mcc260mnc [en_US] ldltr sw392dp w392dp h718dp 440dpi nrml long port finger qwerty/v/v dpad/v winConfig={ mBounds=Rect(0, 0 - 1080, 2280) mAppBounds=Rect(0, 171 - 1080, 2148) mWindowingMode=fullscreen mDisplayWindowingMode=fullscreen mActivityType=undefined mAlwaysOnTop=undefined mRotation=ROTATION_0} s.16}
03-15 21:11:49.075  1659  1665 W vold    : Failed to open /proc/2645/fd: No such file or directory
03-15 21:11:49.075  2032  2056 I ActivityTaskManager: Override config changes=20000400 {1.0 310mcc260mnc [en_US] ldltr sw392dp w392dp h718dp 440dpi nrml long port finger qwerty/v/v dpad/v winConfig={ mBounds=Rect(0, 0 - 1080, 2280) mAppBounds=Rect(0, 171 - 1080, 2148) mWindowingMode=fullscreen mDisplayWindowingMode=fullscreen mActivityType=undefined mAlwaysOnTop=undefined mRotation=ROTATION_0} s.16} for displayId=0
03-15 21:11:49.071  2032  2056 I chatty  : uid=1000(system) android.display identical 8 lines
03-15 21:11:49.071  2032  2056 W InputReader: Device has associated, but no associated display id.
03-15 21:11:49.081  2321  2472 D EGL_emulation: eglMakeCurrent: 0x737be9de3100: ver 2 0 (tinfo 0x737c7b5a41e0)
03-15 21:11:49.084  2172  2172 V KeyguardUpdateMonitor: action android.intent.action.SIM_STATE_CHANGED state: LOADED slotId: 0 subid: 1
03-15 21:11:49.085  2172  2172 V KeyguardUpdateMonitor: onSubscriptionInfoChanged()
03-15 21:11:49.087  2172  2172 V KeyguardUpdateMonitor: SubInfo:{id=1, iccId=89014103211118510720 simSlotIndex=0 carrierId=1 displayName=T-Mobile carrierName=Android nameSource=3 iconTint=-16746133 mNumber=+15555215554 dataRoaming=0 iconBitmap=android.graphics.Bitmap@4fd06a mcc 310 mnc 260mCountryIso=us isEmbedded false accessRules null cardString=89014103211118510720 cardId=-1 isOpportunistic false mGroupUUID=null mIsGroupDisabled=false profileClass=-1 ehplmns = null hplmns = null subscriptionType=0 mGroupOwner=null}
03-15 21:11:49.090  2293  2293 D CallNotifier: updatePhoneStateListeners: update CF notifications.
03-15 21:11:49.090  2293  2293 I TelecomFramework: : onSubscriptionsChanged - update accounts
03-15 21:11:49.090  2293  2293 I TelecomFramework: PstnIncomingCallNotifier: Unregistering: Handler (com.android.internal.telephony.GsmCdmaPhone) {5c765fb}
03-15 21:11:49.090  2293  2293 I TelecomFramework: TelecomAccountRegistry: setupAccounts: Found 1 phones.  Attempting to register.
03-15 21:11:49.090  2293  2293 I TelecomFramework: TelecomAccountRegistry: setupAccounts: Phone with subscription id 1
03-15 21:11:49.091  2172  2172 D KeyguardViewMediator: onSimStateChanged(subId=1, slotId=0,state=READY)
03-15 21:11:49.091  2172  2172 D KeyguardViewMediator: READY, reset state? false
03-15 21:11:49.092  2172  2172 V KeyguardUpdateMonitor: onSubscriptionInfoChanged()
03-15 21:11:49.094  2172  2172 V KeyguardUpdateMonitor: SubInfo:{id=1, iccId=89014103211118510720 simSlotIndex=0 carrierId=1 displayName=T-Mobile carrierName=Android nameSource=3 iconTint=-16746133 mNumber=+15555215554 dataRoaming=0 iconBitmap=android.graphics.Bitmap@f78395b mcc 310 mnc 260mCountryIso=us isEmbedded false accessRules null cardString=89014103211118510720 cardId=-1 isOpportunistic false mGroupUUID=null mIsGroupDisabled=false profileClass=-1 ehplmns = null hplmns = null subscriptionType=0 mGroupOwner=null}
03-15 21:11:49.101  2172  2172 W KeyguardUpdateMonitor: invalid subId in handleServiceStateChange()
03-15 21:11:49.111  2598  2598 I AlarmClock: AlarmInitReceiver android.intent.action.LOCKED_BOOT_COMPLETED
03-15 21:11:49.114  2598  2623 I AlarmClock: Fixing alarm instances
03-15 21:11:49.116  2172  2172 D KeyguardUpdateMonitor: handleSimStateChange(subId=-1, slotId=0, state=READY)
03-15 21:11:49.117  2172  2172 W KeyguardUpdateMonitor: invalid subId in handleSimStateChange()
03-15 21:11:49.119  2172  2172 V KeyguardUpdateMonitor: onSubscriptionInfoChanged()
03-15 21:11:49.122  2598  2623 V AlarmClock: AlarmInitReceiver finished
03-15 21:11:49.125  2172  2172 V KeyguardUpdateMonitor: SubInfo:{id=1, iccId=89014103211118510720 simSlotIndex=0 carrierId=1 displayName=T-Mobile carrierName=Android nameSource=3 iconTint=-16746133 mNumber=+15555215554 dataRoaming=0 iconBitmap=android.graphics.Bitmap@c6dabe6 mcc 310 mnc 260mCountryIso=us isEmbedded false accessRules null cardString=89014103211118510720 cardId=-1 isOpportunistic false mGroupUUID=null mIsGroupDisabled=false profileClass=-1 ehplmns = null hplmns = null subscriptionType=0 mGroupOwner=null}
03-15 21:11:49.131  1768  1833 D gralloc_ranchu: gralloc_alloc: Creating ashmem region of size 9850880
03-15 21:11:49.137  2032  2061 E memtrack: Couldn't load memtrack module
03-15 21:11:49.137  2032  2061 W android.os.Debug: failed to get memory consumption info: -1
03-15 21:11:49.137  2032  2061 I system_server: Using smaps_rollup for pss collection
03-15 21:11:49.138  2032  2061 E memtrack: Couldn't load memtrack module
03-15 21:11:49.138  2032  2061 W android.os.Debug: failed to get memory consumption info: -1
03-15 21:11:49.138  2032  2061 E memtrack: Couldn't load memtrack module
03-15 21:11:49.138  2032  2061 W android.os.Debug: failed to get memory consumption info: -1
03-15 21:11:49.138  2032  2061 E memtrack: Couldn't load memtrack module
03-15 21:11:49.138  2032  2061 W android.os.Debug: failed to get memory consumption info: -1
03-15 21:11:49.138  2032  2061 E memtrack: Couldn't load memtrack module
03-15 21:11:49.138  2032  2061 W android.os.Debug: failed to get memory consumption info: -1
03-15 21:11:49.138  2032  2061 E memtrack: Couldn't load memtrack module
03-15 21:11:49.138  2032  2061 W android.os.Debug: failed to get memory consumption info: -1
03-15 21:11:49.138  2032  2061 E memtrack: Couldn't load memtrack module
03-15 21:11:49.138  2032  2061 W android.os.Debug: failed to get memory consumption info: -1
03-15 21:11:49.138  2032  2061 E memtrack: Couldn't load memtrack module
03-15 21:11:49.138  2032  2061 W android.os.Debug: failed to get memory consumption info: -1
03-15 21:11:49.139  2032  2061 E memtrack: Couldn't load memtrack module
03-15 21:11:49.139  2032  2061 W android.os.Debug: failed to get memory consumption info: -1
03-15 21:11:49.139  2032  2061 E memtrack: Couldn't load memtrack module
03-15 21:11:49.139  2032  2061 W android.os.Debug: failed to get memory consumption info: -1
03-15 21:11:49.139  2032  2061 E memtrack: Couldn't load memtrack module
03-15 21:11:49.139  2032  2061 W android.os.Debug: failed to get memory consumption info: -1
03-15 21:11:49.139  2032  2061 E memtrack: Couldn't load memtrack module
03-15 21:11:49.139  2032  2061 W android.os.Debug: failed to get memory consumption info: -1
03-15 21:11:49.139  2032  2061 E memtrack: Couldn't load memtrack module
03-15 21:11:49.139  2032  2061 W android.os.Debug: failed to get memory consumption info: -1
03-15 21:11:49.141  2032  2502 I Telecom : PhoneAccountRegistrar: Modify account: [ComponentInfo{com.android.phone/com.android.services.telephony.TelephonyConnectionService}, ***, UserHandle{0}]: TSI.rPA@AC4
03-15 21:11:49.141  2032  2061 E memtrack: Couldn't load memtrack module
03-15 21:11:49.141  2032  2061 W android.os.Debug: failed to get memory consumption info: -1
03-15 21:11:49.142  2032  2502 I Telecom : CallsManager: handlePhoneAccountChanged: phoneAccount=[[X] PhoneAccount: ComponentInfo{com.android.phone/com.android.services.telephony.TelephonyConnectionService}, ***, UserHandle{0} Capabilities: CallProvider MultiUser PlaceEmerg SimSub  Audio Routes: BESW Schemes: tel voicemail  Extras: Bundle[{android.telecom.extra.SUPPORTS_VIDEO_CALLING_FALLBACK=true}] GroupId: ***]: TSI.rPA@AC4
03-15 21:11:49.142  2032  2061 E memtrack: Couldn't load memtrack module
03-15 21:11:49.143  2032  2061 W android.os.Debug: failed to get memory consumption info: -1
03-15 21:11:49.143  2032  2061 E memtrack: Couldn't load memtrack module
03-15 21:11:49.143  2032  2061 W android.os.Debug: failed to get memory consumption info: -1
03-15 21:11:49.143  2032  2061 E memtrack: Couldn't load memtrack module
03-15 21:11:49.143  2032  2061 W android.os.Debug: failed to get memory consumption info: -1
03-15 21:11:49.143  2032  2061 E memtrack: Couldn't load memtrack module
03-15 21:11:49.143  2032  2061 W android.os.Debug: failed to get memory consumption info: -1
03-15 21:11:49.143  2032  2061 E memtrack: Couldn't load memtrack module
03-15 21:11:49.143  2032  2061 W android.os.Debug: failed to get memory consumption info: -1
03-15 21:11:49.143  2032  2061 E memtrack: Couldn't load memtrack module
03-15 21:11:49.143  2032  2061 W android.os.Debug: failed to get memory consumption info: -1
03-15 21:11:49.143  2032  2061 E memtrack: Couldn't load memtrack module
03-15 21:11:49.143  2032  2061 W android.os.Debug: failed to get memory consumption info: -1
03-15 21:11:49.143  2032  2061 E memtrack: Couldn't load memtrack module
03-15 21:11:49.143  2032  2061 W android.os.Debug: failed to get memory consumption info: -1
03-15 21:11:49.144  2032  2061 E memtrack: Couldn't load memtrack module
03-15 21:11:49.144  2032  2061 W android.os.Debug: failed to get memory consumption info: -1
03-15 21:11:49.144  2032  2061 E memtrack: Couldn't load memtrack module
03-15 21:11:49.144  2032  2061 W android.os.Debug: failed to get memory consumption info: -1
03-15 21:11:49.144  2032  2061 E memtrack: Couldn't load memtrack module
03-15 21:11:49.144  2032  2061 W android.os.Debug: failed to get memory consumption info: -1
03-15 21:11:49.144  2032  2061 E memtrack: Couldn't load memtrack module
03-15 21:11:49.144  2032  2061 W android.os.Debug: failed to get memory consumption info: -1
03-15 21:11:49.144  2032  2061 E memtrack: Couldn't load memtrack module
03-15 21:11:49.144  2032  2061 W android.os.Debug: failed to get memory consumption info: -1
03-15 21:11:49.144  2032  2061 E memtrack: Couldn't load memtrack module
03-15 21:11:49.144  2032  2061 W android.os.Debug: failed to get memory consumption info: -1
03-15 21:11:49.144  2032  2061 E memtrack: Couldn't load memtrack module
03-15 21:11:49.144  2032  2061 W android.os.Debug: failed to get memory consumption info: -1
03-15 21:11:49.145  2032  2061 E memtrack: Couldn't load memtrack module
03-15 21:11:49.145  2032  2061 W android.os.Debug: failed to get memory consumption info: -1
03-15 21:11:49.145  2032  2061 E memtrack: Couldn't load memtrack module
03-15 21:11:49.145  2032  2061 W android.os.Debug: failed to get memory consumption info: -1
03-15 21:11:49.145  2032  2061 E memtrack: Couldn't load memtrack module
03-15 21:11:49.145  2032  2061 W android.os.Debug: failed to get memory consumption info: -1
03-15 21:11:49.145  2032  2061 E memtrack: Couldn't load memtrack module
03-15 21:11:49.145  2032  2061 W android.os.Debug: failed to get memory consumption info: -1
03-15 21:11:49.145  2032  2061 E memtrack: Couldn't load memtrack module
03-15 21:11:49.145  2032  2061 W android.os.Debug: failed to get memory consumption info: -1
03-15 21:11:49.145  2032  2061 E memtrack: Couldn't load memtrack module
03-15 21:11:49.145  2032  2061 W android.os.Debug: failed to get memory consumption info: -1
03-15 21:11:49.146  2032  2061 E memtrack: Couldn't load memtrack module
03-15 21:11:49.146  2032  2061 W android.os.Debug: failed to get memory consumption info: -1
03-15 21:11:49.146  2032  2061 E memtrack: Couldn't load memtrack module
03-15 21:11:49.146  2032  2061 W android.os.Debug: failed to get memory consumption info: -1
03-15 21:11:49.146  2032  2061 E memtrack: Couldn't load memtrack module
03-15 21:11:49.146  2032  2061 W android.os.Debug: failed to get memory consumption info: -1
03-15 21:11:49.146  2032  2061 E memtrack: Couldn't load memtrack module
03-15 21:11:49.146  2032  2061 W android.os.Debug: failed to get memory consumption info: -1
03-15 21:11:49.147  2032  2061 E memtrack: Couldn't load memtrack module
03-15 21:11:49.147  2032  2061 W android.os.Debug: failed to get memory consumption info: -1
03-15 21:11:49.147  2032  2061 E memtrack: Couldn't load memtrack module
03-15 21:11:49.147  2032  2061 W android.os.Debug: failed to get memory consumption info: -1
03-15 21:11:49.147  2032  2061 E memtrack: Couldn't load memtrack module
03-15 21:11:49.147  2032  2061 W android.os.Debug: failed to get memory consumption info: -1
03-15 21:11:49.147  2032  2061 E memtrack: Couldn't load memtrack module
03-15 21:11:49.147  2032  2061 W android.os.Debug: failed to get memory consumption info: -1
03-15 21:11:49.147  2293  2293 I TelecomFramework: AccountEntry: Registered phoneAccount: [[ ] PhoneAccount: ComponentInfo{com.android.phone/com.android.services.telephony.TelephonyConnectionService}, ***, UserHandle{0} Capabilities: CallProvider MultiUser PlaceEmerg SimSub  Audio Routes: BESW Schemes: tel voicemail  Extras: Bundle[{android.telecom.extra.SUPPORTS_VIDEO_CALLING_FALLBACK=true}] GroupId: ***] with handle: ComponentInfo{com.android.phone/com.android.services.telephony.TelephonyConnectionService}, ***, UserHandle{0}
03-15 21:11:49.147  2293  2293 I TelecomFramework: PstnIncomingCallNotifier: Registering: Handler (com.android.internal.telephony.GsmCdmaPhone) {5c765fb}
03-15 21:11:49.147  2032  2061 E memtrack: Couldn't load memtrack module
03-15 21:11:49.147  2032  2061 W android.os.Debug: failed to get memory consumption info: -1
03-15 21:11:49.147  2032  2061 E memtrack: Couldn't load memtrack module
03-15 21:11:49.147  2032  2061 W android.os.Debug: failed to get memory consumption info: -1
03-15 21:11:49.147  2032  2061 E memtrack: Couldn't load memtrack module
03-15 21:11:49.147  2032  2061 W android.os.Debug: failed to get memory consumption info: -1
03-15 21:11:49.147  2032  2061 E memtrack: Couldn't load memtrack module
03-15 21:11:49.147  2032  2061 W android.os.Debug: failed to get memory consumption info: -1
03-15 21:11:49.148  2032  2061 E memtrack: Couldn't load memtrack module
03-15 21:11:49.148  2032  2061 W android.os.Debug: failed to get memory consumption info: -1
03-15 21:11:49.148  2032  2061 E memtrack: Couldn't load memtrack module
03-15 21:11:49.148  2032  2061 W android.os.Debug: failed to get memory consumption info: -1
03-15 21:11:49.148  2032  2061 E memtrack: Couldn't load memtrack module
03-15 21:11:49.148  2032  2061 W android.os.Debug: failed to get memory consumption info: -1
03-15 21:11:49.148  2032  2061 E memtrack: Couldn't load memtrack module
03-15 21:11:49.148  2032  2061 W android.os.Debug: failed to get memory consumption info: -1
03-15 21:11:49.148  2032  2061 E memtrack: Couldn't load memtrack module
03-15 21:11:49.148  2032  2061 W android.os.Debug: failed to get memory consumption info: -1
03-15 21:11:49.148  2032  2061 E memtrack: Couldn't load memtrack module
03-15 21:11:49.148  2032  2061 W android.os.Debug: failed to get memory consumption info: -1
03-15 21:11:49.148  2032  2061 E memtrack: Couldn't load memtrack module
03-15 21:11:49.148  2032  2061 W android.os.Debug: failed to get memory consumption info: -1
03-15 21:11:49.148  2032  2061 E memtrack: Couldn't load memtrack module
03-15 21:11:49.148  2032  2061 W android.os.Debug: failed to get memory consumption info: -1
03-15 21:11:49.149  2032  2061 E memtrack: Couldn't load memtrack module
03-15 21:11:49.149  2032  2061 W android.os.Debug: failed to get memory consumption info: -1
03-15 21:11:49.149  2032  2061 E memtrack: Couldn't load memtrack module
03-15 21:11:49.149  2032  2061 W android.os.Debug: failed to get memory consumption info: -1
03-15 21:11:49.149  2032  2061 E memtrack: Couldn't load memtrack module
03-15 21:11:49.149  2032  2061 W android.os.Debug: failed to get memory consumption info: -1
03-15 21:11:49.149  2032  2061 E memtrack: Couldn't load memtrack module
03-15 21:11:49.149  2032  2061 W android.os.Debug: failed to get memory consumption info: -1
03-15 21:11:49.150  2032  2061 E memtrack: Couldn't load memtrack module
03-15 21:11:49.150  2032  2061 W android.os.Debug: failed to get memory consumption info: -1
03-15 21:11:49.150  2032  2061 E memtrack: Couldn't load memtrack module
03-15 21:11:49.150  2032  2061 W android.os.Debug: failed to get memory consumption info: -1
03-15 21:11:49.150  2032  2061 E memtrack: Couldn't load memtrack module
03-15 21:11:49.150  2032  2061 W android.os.Debug: failed to get memory consumption info: -1
03-15 21:11:49.150  2032  2061 E memtrack: Couldn't load memtrack module
03-15 21:11:49.150  2032  2061 W android.os.Debug: failed to get memory consumption info: -1
03-15 21:11:49.150  2032  2061 E memtrack: Couldn't load memtrack module
03-15 21:11:49.151  2032  2061 W android.os.Debug: failed to get memory consumption info: -1
03-15 21:11:49.151  2032  2061 E memtrack: Couldn't load memtrack module
03-15 21:11:49.151  2032  2061 W android.os.Debug: failed to get memory consumption info: -1
03-15 21:11:49.151  2032  2061 E memtrack: Couldn't load memtrack module
03-15 21:11:49.151  2032  2061 W android.os.Debug: failed to get memory consumption info: -1
03-15 21:11:49.151  2032  2061 E memtrack: Couldn't load memtrack module
03-15 21:11:49.151  2032  2061 W android.os.Debug: failed to get memory consumption info: -1
03-15 21:11:49.151  2032  2061 E memtrack: Couldn't load memtrack module
03-15 21:11:49.151  2032  2061 W android.os.Debug: failed to get memory consumption info: -1
03-15 21:11:49.151  2032  2061 E memtrack: Couldn't load memtrack module
03-15 21:11:49.151  2032  2061 W android.os.Debug: failed to get memory consumption info: -1
03-15 21:11:49.151  2032  2061 E memtrack: Couldn't load memtrack module
03-15 21:11:49.151  2032  2061 W android.os.Debug: failed to get memory consumption info: -1
03-15 21:11:49.151  2032  2061 E memtrack: Couldn't load memtrack module
03-15 21:11:49.151  2032  2061 W android.os.Debug: failed to get memory consumption info: -1
03-15 21:11:49.151  2032  2061 E memtrack: Couldn't load memtrack module
03-15 21:11:49.151  2032  2061 W android.os.Debug: failed to get memory consumption info: -1
03-15 21:11:49.151  2032  2061 E memtrack: Couldn't load memtrack module
03-15 21:11:49.151  2032  2061 W android.os.Debug: failed to get memory consumption info: -1
03-15 21:11:49.152  2032  2061 E memtrack: Couldn't load memtrack module
03-15 21:11:49.152  2032  2061 W android.os.Debug: failed to get memory consumption info: -1
03-15 21:11:49.152  2032  2061 E memtrack: Couldn't load memtrack module
