03-18 16:18:57.370  1654  1701 I PluginActionManager[com.android.systemui.action.PLUGIN_CUSTOM_WIDGET]: Found 0 plugins
03-18 16:18:57.370  1654  1701 I PluginActionManager[com.android.systemui.action.PLUGIN_NETWORK_FETCHER_ACTIONS]: Found 0 plugins
03-18 16:18:57.371  1654  1701 I PluginActionManager[com.android.systemui.action.PLUGIN_ALL_APPS_ACTIONS]: Found 0 plugins
03-18 16:18:57.371  1654  1701 I PluginActionManager[com.android.systemui.action.PLUGIN_LAUNCHER_OVERLAY]: Found 0 plugins
03-18 16:18:57.372  1654  1701 I PluginActionManager[com.android.systemui.action.PLUGIN_BC_SMARTSPACE_DATA]: Found 0 plugins
03-18 16:18:57.381   806  2231 D ContextHubService: Added callback, total callbacks 5
03-18 16:18:57.382  3391  3391 I RkpdBootReceiver: Queueing a one-time provisioning job for widevine provisioning.
03-18 16:18:57.386  4692  4692 D nativeloader: Configuring clns-shared-9 for other apk /apex/com.android.healthfitness/priv-app/HealthConnectControllerGoogle@361153320/HealthConnectControllerGoogle.apk. target_sdk_version=36, uses_libraries=, library_path=/apex/com.android.healthfitness/priv-app/HealthConnectControllerGoogle@361153320/lib/x86_64:/system/lib64:/system_ext/lib64, permitted_path=/data:/mnt/expand:/data/user/0/com.google.android.healthconnect.controller:/apex/com.android.healthfitness/priv-app/HealthConnectControllerGoogle@361153320:/system/lib64:/system_ext/lib64
03-18 16:18:57.386  4692  4692 D nativeloader: InitApexLibraries:
03-18 16:18:57.386  4692  4692 D nativeloader:   com_android_adservices: libhpke_jni.so:libtflite_support_classifiers_native.so
03-18 16:18:57.386  4692  4692 D nativeloader:   com_android_appsearch: libappsearchservice.so:libicing_anywhere.so
03-18 16:18:57.386  4692  4692 D nativeloader:   com_android_art: libartservice.so
03-18 16:18:57.386  4692  4692 D nativeloader:   com_android_bt: libbluetooth_jni.so
03-18 16:18:57.386  4692  4692 D nativeloader:   com_android_conscrypt: libjavacrypto.so
03-18 16:18:57.386  4692  4692 D nativeloader:   com_android_mediaprovider: libpdfclient.so
03-18 16:18:57.386  4692  4692 D nativeloader:   com_android_nfcservices: libnfc_nci_jni.so
03-18 16:18:57.386  4692  4692 D nativeloader:   com_android_ondevicepersonalization: libfcp_cpp_dep_jni.so:libfcp_hpke_jni.so
03-18 16:18:57.386  4692  4692 D nativeloader:   com_android_os_statsd: libstats_jni.so
03-18 16:18:57.386  4692  4692 D nativeloader:   com_android_tethering: libandroid_net_connectivity_com_android_net_module_util_jni.so:libandroid_net_connectivity_com_android_net_module_util_jni_CommonConnectivityJni.so:libframework-connectivity-jni.so:libframework-connectivity-tiramisu-jni.so:libmainlinecronet.141.0.7340.3.so:libservice-connectivity.so:libservice-thread-jni.so:stable_cronet_libcrypto.so:stable_cronet_libssl.so
03-18 16:18:57.386  4692  4692 D nativeloader:   com_android_uwb: libuwb_uci_jni_rust.so
03-18 16:18:57.386  4692  4692 D nativeloader:   com_android_virt: libvirtualizationservice_jni.so:libvirtualmachine_jni.so
03-18 16:18:57.386  4692  4692 D nativeloader:   com_android_wifi: lib
03-18 16:18:57.387  1654  1701 I PackageUpdatedTask: OP_UPDATE: package com.android.nfc is disabled, removing package.
03-18 16:18:57.387  1654  1701 D ModelWriter: removing items from db . Reason: [removed because the corresponding package or component is removed. mIsUpdate=true removedPackages=[com.android.nfc] removedComponents=[]]
03-18 16:18:57.388  2739  2979 I WM-GreedyScheduler: Ignoring schedule request in a secondary process
03-18 16:18:57.399  1974  4541 E Pay     : NfcAdapter is null while obtaining CardEmulation instance. [CONTEXT service_id=198 ]
03-18 16:18:57.400  1974  4541 E Pay     : CardEmulation is null while checking aid registration. [CONTEXT service_id=198 ]
03-18 16:18:57.402  1974  4541 I Pay     : Running in an emulator. Exiting without registering AIDs [CONTEXT service_id=198 ]
03-18 16:18:57.404  1974  1974 I 43-CredManRegistrationM: (REDACTED) [%s][%s] Success to register credentials
03-18 16:18:57.433  4692  4692 V GraphicsEnvironment: Currently set values for:
03-18 16:18:57.433  4692  4692 V GraphicsEnvironment:   angle_gl_driver_selection_pkgs=[]
03-18 16:18:57.433  4692  4692 V GraphicsEnvironment:   angle_gl_driver_selection_values=[]
03-18 16:18:57.433  4692  4692 V GraphicsEnvironment: com.google.android.healthconnect.controller is not listed in per-application setting
03-18 16:18:57.434  1771  4060 E ctxmgr  : [ShushGestureSensor] Context hub handle not found [CONTEXT service_id=47 ]
03-18 16:18:57.434  4692  4692 V GraphicsEnvironment: ANGLE allowlist from config: com.dreamgames.royalmatch com.dts.freefiremax com.dxx.firenow com.gramgames.mergedragons com.ludo.king com.mojang.minecraftpe com.my.defense com.nintendo.zaka com.os.airforce com.playrix.fishdomdd.gplay io.teslatech.callbreak jp.konami.prospia net.peakgames.toonblast
03-18 16:18:57.434  4692  4692 V GraphicsEnvironment: No special selections for ANGLE, returning default driver choice
03-18 16:18:57.434  4692  4692 V GraphicsEnvironment: Neither updatable production driver nor prerelease driver is supported.
03-18 16:18:57.443  1771  2441 I NetworkScheduler.Stats: (REDACTED) Task %s/%s finished executing. cause:%s result: %s elapsed_millis: %s uptime_millis: %s exec_start_elapsed_seconds: %s
03-18 16:18:57.465  1974  1989 I PeopleGalProvider: Gal directories started.
03-18 16:18:57.472  2739  3060 I GnpSdk  : (REDACTED) Finished executing async action [%s] in Coroutine Scope.
03-18 16:18:57.476  1974  1989 I PeopleGalProvider: Method 1 completed.
03-18 16:18:57.476  1974  1989 I PeopleGalProvider: Method 1 finished successfully.
03-18 16:18:57.478  3391  3430 W JobInfo : Requested important-while-foreground flag for job0 is ignored and takes no effect
03-18 16:18:57.478  3391  3430 D WM-SystemJobScheduler: Scheduling work ID 21a2274c-114b-49b1-bc92-a7850b22271eJob ID 0
03-18 16:18:57.482   806  1890 D ConnectivityService: requestNetwork for uid/pid:1000/806 asUid: 10214 activeRequest: null callbackRequest: 155 [NetworkRequest [ REQUEST id=156, [ Capabilities: INTERNET&NOT_RESTRICTED&TRUSTED&NOT_VCN_MANAGED&NOT_BANDWIDTH_CONSTRAINED Uid: 10214 RequestorUid: 1000 RequestorPkg: android UnderlyingNetworks: Null] ]] callback flags: 0 order: 2147483647 isUidTracked: false declaredMethods: AVAIL|LOST|BLK
03-18 16:18:57.489   806  1275 D WifiNetworkFactory: got request NetworkRequest [ REQUEST id=156, [ Capabilities: INTERNET&NOT_RESTRICTED&TRUSTED&NOT_VCN_MANAGED&NOT_BANDWIDTH_CONSTRAINED Uid: 10214 RequestorUid: 1000 RequestorPkg: android UnderlyingNetworks: Null] ]
03-18 16:18:57.490   806  1275 D UntrustedWifiNetworkFactory: got request NetworkRequest [ REQUEST id=156, [ Capabilities: INTERNET&NOT_RESTRICTED&TRUSTED&NOT_VCN_MANAGED&NOT_BANDWIDTH_CONSTRAINED Uid: 10214 RequestorUid: 1000 RequestorPkg: android UnderlyingNetworks: Null] ]
03-18 16:18:57.490   806  1275 D OemPaidWifiNetworkFactory: got request NetworkRequest [ REQUEST id=156, [ Capabilities: INTERNET&NOT_RESTRICTED&TRUSTED&NOT_VCN_MANAGED&NOT_BANDWIDTH_CONSTRAINED Uid: 10214 RequestorUid: 1000 RequestorPkg: android UnderlyingNetworks: Null] ]
03-18 16:18:57.490  3391  3430 D WM-GreedyScheduler: Starting tracking for 21a2274c-114b-49b1-bc92-a7850b22271e
03-18 16:18:57.492   806  1275 D MultiInternetWifiNetworkFactory: got request NetworkRequest [ REQUEST id=156, [ Capabilities: INTERNET&NOT_RESTRICTED&TRUSTED&NOT_VCN_MANAGED&NOT_BANDWIDTH_CONSTRAINED Uid: 10214 RequestorUid: 1000 RequestorPkg: android UnderlyingNetworks: Null] ]
03-18 16:18:57.497   806  1281 D ConnectivityService: NetReassign [156 : null → 100] [c 0] [a 0] [i 1]
03-18 16:18:57.508   806   881 I UserController: reportOnUserCompletedEvent(0): stored=10, eligible=111
03-18 16:18:57.512  1771  4060 W ctxmgr  : [UpdateFenceRegistrationOperation] Gesture nano app is not available. [CONTEXT service_id=47 ]
03-18 16:18:57.517   806   881 D SystemServerTimingAsync: ssm.CompletedEventUser-0
03-18 16:18:57.520   806   881 I SystemServiceManager: Calling onCompletedEventUser 0
03-18 16:18:57.537  2739  3060 I GnpSdk  : (REDACTED) Finished Broadcast execution [%d].
03-18 16:18:57.537   806  4707 D SystemServerTimingAsync: ssm.onCompletedEventUser-0_{|Unlocked|}_com.android.server.security.FileIntegrityService
03-18 16:18:57.538   806  4707 D SystemServerTimingAsync: ssm.onCompletedEventUser-0_{|Unlocked|}_com.android.server.flags.FeatureFlagsService
03-18 16:18:57.538   806  4707 D SystemServerTimingAsync: ssm.onCompletedEventUser-0_{|Unlocked|}_com.android.server.uri.UriGrantsManagerService$Lifecycle
03-18 16:18:57.538   806  4707 D SystemServerTimingAsync: ssm.onCompletedEventUser-0_{|Unlocked|}_com.android.server.powerstats.PowerStatsService
03-18 16:18:57.538   806  4707 D SystemServerTimingAsync: ssm.onCompletedEventUser-0_{|Unlocked|}_com.android.server.permission.access.AccessCheckingService
03-18 16:18:57.538   806  4707 D SystemServerTimingAsync: ssm.onCompletedEventUser-0_{|Unlocked|}_com.android.server.wm.ActivityTaskManagerService$Lifecycle
03-18 16:18:57.538   806  4707 D SystemServerTimingAsync: ssm.onCompletedEventUser-0_{|Unlocked|}_com.android.server.am.ActivityManagerService$Lifecycle
03-18 16:18:57.538   806  4707 D SystemServerTimingAsync: ssm.onCompletedEventUser-0_{|Unlocked|}_com.android.server.pm.DataLoaderManagerService
03-18 16:18:57.538   806  4707 D SystemServerTimingAsync: ssm.onCompletedEventUser-0_{|Unlocked|}_com.android.server.power.PowerManagerService
03-18 16:18:57.538   806  4707 D SystemServerTimingAsync: ssm.onCompletedEventUser-0_{|Unlocked|}_com.android.server.power.thermal.ThermalManagerService
03-18 16:18:57.538   806  4707 D SystemServerTimingAsync: ssm.onCompletedEventUser-0_{|Unlocked|}_com.android.server.recoverysystem.RecoverySystemService$Lifecycle
03-18 16:18:57.538   806  4707 D SystemServerTimingAsync: ssm.onCompletedEventUser-0_{|Unlocked|}_com.android.server.lights.LightsService
03-18 16:18:57.538   806  4707 D SystemServerTimingAsync: ssm.onCompletedEventUser-0_{|Unlocked|}_com.android.server.display.DisplayManagerService
03-18 16:18:57.538   806  4707 D SystemServerTimingAsync: ssm.onCompletedEventUser-0_{|Unlocked|}_com.android.server.pm.verify.domain.DomainVerificationService
03-18 16:18:57.538   806  4707 D SystemServerTimingAsync: ssm.onCompletedEventUser-0_{|Unlocked|}_com.android.server.pm.PackageInstallerService$Lifecycle
03-18 16:18:57.538   806  4707 D SystemServerTimingAsync: ssm.onCompletedEventUser-0_{|Unlocked|}_com.android.server.pm.UserManagerService$LifeCycle
03-18 16:18:57.538   806  4707 D SystemServerTimingAsync: ssm.onCompletedEventUser-0_{|Unlocked|}_com.android.server.om.OverlayManagerService
03-18 16:18:57.538   806  4707 D SystemServerTimingAsync: ssm.onCompletedEventUser-0_{|Unlocked|}_com.android.server.resources.ResourcesManagerService
03-18 16:18:57.539   806  4707 D SystemServerTimingAsync: ssm.onCompletedEventUser-0_{|Unlocked|}_com.android.server.sensorprivacy.SensorPrivacyService
03-18 16:18:57.539   806  4707 D SystemServerTimingAsync: ssm.onCompletedEventUser-0_{|Unlocked|}_com.android.server.sensors.SensorService
03-18 16:18:57.539   806  4707 D SystemServerTimingAsync: ssm.onCompletedEventUser-0_{|Unlocked|}_com.android.server.SystemConfigService
03-18 16:18:57.539   806  4707 D SystemServerTimingAsync: ssm.onCompletedEventUser-0_{|Unlocked|}_com.android.server.BatteryService
03-18 16:18:57.539   806  4707 D SystemServerTimingAsync: ssm.onCompletedEventUser-0_{|Unlocked|}_com.android.server.usage.UsageStatsService
03-18 16:18:57.539   806  4707 D SystemServerTimingAsync: ssm.onCompletedEventUser-0_{|Unlocked|}_com.android.server.webkit.WebViewUpdateService
03-18 16:18:57.539   806  4707 D SystemServerTimingAsync: ssm.onCompletedEventUser-0_{|Unlocked|}_com.android.server.CachedDeviceStateService
03-18 16:18:57.539   806  4707 D SystemServerTimingAsync: ssm.onCompletedEventUser-0_{|Unlocked|}_com.android.server.BinderCallsStatsService$LifeCycle
03-18 16:18:57.539   806  4707 D SystemServerTimingAsync: ssm.onCompletedEventUser-0_{|Unlocked|}_com.android.server.LooperStatsService$Lifecycle
03-18 16:18:57.539   806  4707 D SystemServerTimingAsync: ssm.onCompletedEventUser-0_{|Unlocked|}_com.android.server.rollback.RollbackManagerService
03-18 16:18:57.540   806  4708 D SystemServerTimingAsync: ssm.onCompletedEventUser-0_{|Unlocked|}_com.android.server.pm.Installer
03-18 16:18:57.540   806  4708 D SystemServerTimingAsync: ssm.onCompletedEventUser-0_{|Unlocked|}_com.android.server.os.NativeTombstoneManagerService
03-18 16:18:57.540   806  4708 D SystemServerTimingAsync: ssm.onCompletedEventUser-0_{|Unlocked|}_com.android.server.os.BugreportManagerService
03-18 16:18:57.540   806  4708 D SystemServerTimingAsync: ssm.onCompletedEventUser-0_{|Unlocked|}_com.android.server.gpu.GpuService
03-18 16:18:57.540   806  4708 D SystemServerTimingAsync: ssm.onCompletedEventUser-0_{|Unlocked|}_com.android.server.security.rkp.RemoteProvisioningService
03-18 16:18:57.540   806  4708 D SystemServerTimingAsync: ssm.onCompletedEventUser-0_{|Unlocked|}_com.android.server.security.KeyChainSystemService
03-18 16:18:57.540   806  4708 D SystemServerTimingAsync: ssm.onCompletedEventUser-0_{|Unlocked|}_com.android.server.BinaryTransparencyService
03-18 16:18:57.540   806  4708 D SystemServerTimingAsync: ssm.onCompletedEventUser-0_{|Unlocked|}_com.android.server.telecom.TelecomLoaderService
03-18 16:18:57.540   806  4708 D SystemServerTimingAsync: ssm.onCompletedEventUser-0_{|Unlocked|}_com.android.server.accounts.AccountManagerService$Lifecycle
03-18 16:18:57.541   806  4708 D SystemServerTimingAsync: ssm.onCompletedEventUser-0_{|Unlocked|}_com.android.server.content.ContentService$Lifecycle
03-18 16:18:57.541   806  4708 D SystemServerTimingAsync: ssm.onCompletedEventUser-0_{|Unlocked|}_com.android.server.deviceconfig.DeviceConfigInit$Lifecycle
03-18 16:18:57.541   806  4708 D SystemServerTimingAsync: ssm.onCompletedEventUser-0_{|Unlocked|}_com.android.server.DropBoxManagerService
03-18 16:18:57.541   806  4708 D SystemServerTimingAsync: ssm.onCompletedEventUser-0_{|Unlocked|}_com.android.ecm.EnhancedConfirmationService
03-18 16:18:57.541   806  4708 D SystemServerTimingAsync: ssm.onCompletedEventUser-0_{|Unlocked|}_com.android.server.power.hint.HintManagerService
03-18 16:18:57.542   806  4708 D SystemServerTimingAsync: ssm.onCompletedEventUser-0_{|Unlocked|}_com.android.server.supervision.SupervisionService$Lifecycle
03-18 16:18:57.542   806  4708 D SystemServerTimingAsync: ssm.onCompletedEventUser-0_{|Unlocked|}_com.android.server.vibrator.VibratorManagerService$Lifecycle
03-18 16:18:57.542   806  4708 D SystemServerTimingAsync: ssm.onCompletedEventUser-0_{|Unlocked|}_com.android.server.alarm.AlarmManagerService
03-18 16:18:57.542   806  4708 D SystemServerTimingAsync: ssm.onCompletedEventUser-0_{|Unlocked|}_com.android.server.input.InputManagerService$Lifecycle
03-18 16:18:57.542   806  4708 D SystemServerTimingAsync: ssm.onCompletedEventUser-0_{|Unlocked|}_com.android.server.devicestate.DeviceStateManagerService
03-18 16:18:57.542   806  4708 D SystemServerTimingAsync: ssm.onCompletedEventUser-0_{|Unlocked|}_com.android.server.camera.CameraServiceProxy
03-18 16:18:57.542   806  4708 D SystemServerTimingAsync: ssm.onCompletedEventUser-0_{|Unlocked|}_com.android.server.bluetooth.BluetoothService
03-18 16:18:57.542   806  4708 D SystemServerTimingAsync: ssm.onCompletedEventUser-0_{|Unlocked|}_com.android.server.connectivity.IpConnectivityMetrics
03-18 16:18:57.543   806  4709 D SystemServerTimingAsync: ssm.onCompletedEventUser-0_{|Unlocked|}_com.android.server.os.DeviceIdentifiersPolicyService
03-18 16:18:57.543   806  4709 D SystemServerTimingAsync: ssm.onCompletedEventUser-0_{|Unlocked|}_com.android.server.pinner.PinnerService
03-18 16:18:57.543   806  4709 D SystemServerTimingAsync: ssm.onCompletedEventUser-0_{|Unlocked|}_com.android.server.integrity.AppIntegrityManagerService
03-18 16:18:57.543   806  4709 D SystemServerTimingAsync: ssm.onCompletedEventUser-0_{|Unlocked|}_com.android.server.logcat.LogcatManagerService
03-18 16:18:57.543   806  4709 D SystemServerTimingAsync: ssm.onCompletedEventUser-0_{|Unlocked|}_com.android.server.security.intrusiondetection.IntrusionDetectionService
03-18 16:18:57.543   806  4709 D SystemServerTimingAsync: ssm.onCompletedEventUser-0_{|Unlocked|}_com.android.server.appfunctions.AppFunctionManagerService
03-18 16:18:57.543   806  4709 D SystemServerTimingAsync: ssm.onCompletedEventUser-0_{|Unlocked|}_com.android.server.security.advancedprotection.AdvancedProtectionService$Lifecycle
03-18 16:18:57.543   806  4709 D SystemServerTimingAsync: ssm.onCompletedEventUser-0_{|Unlocked|}_com.android.server.TradeInModeService
03-18 16:18:57.544   806  4709 D SystemServerTimingAsync: ssm.onCompletedEventUser-0_{|Unlocked|}_com.android.server.inputmethod.InputMethodManagerService$Lifecycle
03-18 16:18:57.544   806  4709 D SystemServerTimingAsync: ssm.onCompletedEventUser-0_{|Unlocked|}_com.android.server.accessibility.AccessibilityManagerService$Lifecycle
03-18 16:18:57.544   806  4709 D SystemServerTimingAsync: ssm.onCompletedEventUser-0_{|Unlocked|}_com.android.server.StorageManagerService$Lifecycle
03-18 16:18:57.544   806  4709 D SystemServerTimingAsync: ssm.onCompletedEventUser-0_{|Unlocked|}_com.android.server.usage.StorageStatsService$Lifecycle
03-18 16:18:57.544   806  4709 D SystemServerTimingAsync: ssm.onCompletedEventUser-0_{|Unlocked|}_com.android.server.UiModeManagerService
03-18 16:18:57.544   806  4709 D SystemServerTimingAsync: ssm.onCompletedEventUser-0_{|Unlocked|}_com.android.server.locales.LocaleManagerService
03-18 16:18:57.544   806  4709 D SystemServerTimingAsync: ssm.onCompletedEventUser-0_{|Unlocked|}_com.android.server.appwindowlayout.AppWindowLayoutSettingsService
03-18 16:18:57.544   806  4709 D SystemServerTimingAsync: ssm.onCompletedEventUser-0_{|Unlocked|}_com.android.server.grammaticalinflection.GrammaticalInflectionService
03-18 16:18:57.544   806  4709 D SystemServerTimingAsync: ssm.onCompletedEventUser-0_{|Unlocked|}_com.android.server.apphibernation.AppHibernationService
03-18 16:18:57.544   806  4709 D SystemServerTimingAsync: ssm.onCompletedEventUser-0_{|Unlocked|}_com.android.server.locksettings.LockSettingsService$Lifecycle
03-18 16:18:57.544   806  4709 D SystemServerTimingAsync: ssm.onCompletedEventUser-0_{|Unlocked|}_com.android.server.testharness.TestHarnessModeService
03-18 16:18:57.544   806  4709 D SystemServerTimingAsync: ssm.onCompletedEventUser-0_{|Unlocked|}_com.android.server.DeviceIdleController
03-18 16:18:57.545   806  4709 D SystemServerTimingAsync: ssm.onCompletedEventUser-0_{|Unlocked|}_com.android.server.devicepolicy.DevicePolicyManagerService$Lifecycle
03-18 16:18:57.545   806  4709 D SystemServerTimingAsync: ssm.onCompletedEventUser-0_{|Unlocked|}_com.android.server.voiceinteraction.VoiceInteractionManagerService
03-18 16:18:57.545   806  4709 D SystemServerTimingAsync: ssm.onCompletedEventUser-0_{|Unlocked|}_com.android.server.musicrecognition.MusicRecognitionManagerService
03-18 16:18:57.545   806  4709 D SystemServerTimingAsync: ssm.onCompletedEventUser-0_{|Unlocked|}_com.android.server.contentcapture.ContentCaptureManagerService
03-18 16:18:57.545   806  4709 D SystemServerTimingAsync: ssm.onCompletedEventUser-0_{|Unlocked|}_com.android.server.systemcaptions.SystemCaptionsManagerService
03-18 16:18:57.545   806  4709 D SystemServerTimingAsync: ssm.onCompletedEventUser-0_{|Unlocked|}_com.android.server.texttospeech.TextToSpeechManagerService
03-18 16:18:57.545   806  4709 D SystemServerTimingAsync: ssm.onCompletedEventUser-0_{|Unlocked|}_com.android.server.wearable.WearableSensingManagerService
03-18 16:18:57.545   806  4709 D SystemServerTimingAsync: ssm.onCompletedEventUser-0_{|Unlocked|}_com.android.server.ondeviceintelligence.OnDeviceIntelligenceManagerService
03-18 16:18:57.545   806  4709 D SystemServerTimingAsync: ssm.onCompletedEventUser-0_{|Unlocked|}_com.android.server.ambientcontext.AmbientContextManagerService
03-18 16:18:57.545   806  4709 D SystemServerTimingAsync: ssm.onCompletedEventUser-0_{|Unlocked|}_com.android.server.speech.SpeechRecognitionManagerService
03-18 16:18:57.545   806  4709 D SystemServerTimingAsync: ssm.onCompletedEventUser-0_{|Unlocked|}_com.android.server.appprediction.AppPredictionManagerService
03-18 16:18:57.546   806  4707 D SystemServerTimingAsync: ssm.onCompletedEventUser-0_{|Unlocked|}_com.android.role.RoleService
03-18 16:18:57.546   806  4707 D SystemServerTimingAsync: ssm.onCompletedEventUser-0_{|Unlocked|}_com.android.server.contentsuggestions.ContentSuggestionsManagerService
03-18 16:18:57.546   806  4707 D SystemServerTimingAsync: ssm.onCompletedEventUser-0_{|Unlocked|}_com.android.server.searchui.SearchUiManagerService
03-18 16:18:57.546   806  4707 D SystemServerTimingAsync: ssm.onCompletedEventUser-0_{|Unlocked|}_com.android.server.smartspace.SmartspaceManagerService
03-18 16:18:57.546   806  4707 D SystemServerTimingAsync: ssm.onCompletedEventUser-0_{|Unlocked|}_com.android.server.graphics.fonts.FontManagerService$Lifecycle
03-18 16:18:57.546   806  4707 D SystemServerTimingAsync: ssm.onCompletedEventUser-0_{|Unlocked|}_com.android.server.textservices.TextServicesManagerService$Lifecycle
03-18 16:18:57.546   806  4707 D SystemServerTimingAsync: ssm.onCompletedEventUser-0_{|Unlocked|}_com.android.server.textclassifier.TextClassificationManagerService$Lifecycle
03-18 16:18:57.546   806  4707 D SystemServerTimingAsync: ssm.onCompletedEventUser-0_{|Unlocked|}_com.android.server.NetworkScoreService$Lifecycle
03-18 16:18:57.546   806  4707 D SystemServerTimingAsync: ssm.onCompletedEventUser-0_{|Unlocked|}_com.android.server.NetworkStatsServiceInitializer
03-18 16:18:57.546   806  4707 D SystemServerTimingAsync: ssm.onCompletedEventUser-0_{|Unlocked|}_com.android.server.wifi.WifiService
03-18 16:18:57.546   806  4707 D SystemServerTimingAsync: ssm.onCompletedEventUser-0_{|Unlocked|}_com.android.server.wifi.scanner.WifiScanningService
03-18 16:18:57.547   806  4707 D SystemServerTimingAsync: ssm.onCompletedEventUser-0_{|Unlocked|}_com.android.server.wifi.p2p.WifiP2pService
03-18 16:18:57.547   806  4707 D SystemServerTimingAsync: ssm.onCompletedEventUser-0_{|Unlocked|}_com.android.server.ConnectivityServiceInitializer
03-18 16:18:57.547   806  4707 D SystemServerTimingAsync: ssm.onCompletedEventUser-0_{|Unlocked|}_com.android.server.bitmapoffload.BitmapOffloadService
03-18 16:18:57.547   806  4707 D SystemServerTimingAsync: ssm.onCompletedEventUser-0_{|Unlocked|}_com.android.server.notification.NotificationManagerService
03-18 16:18:57.547   806  4707 D SystemServerTimingAsync: ssm.onCompletedEventUser-0_{|Unlocked|}_com.android.server.storage.DeviceStorageMonitorService
03-18 16:18:57.547   806  4707 D SystemServerTimingAsync: ssm.onCompletedEventUser-0_{|Unlocked|}_com.android.server.timedetector.TimeDetectorService$Lifecycle
03-18 16:18:57.547   806  4707 D SystemServerTimingAsync: ssm.onCompletedEventUser-0_{|Unlocked|}_com.android.server.location.LocationManagerService$Lifecycle
03-18 16:18:57.547   806  4707 D SystemServerTimingAsync: ssm.onCompletedEventUser-0_{|Unlocked|}_com.android.server.timezonedetector.TimeZoneDetectorService$Lifecycle
03-18 16:18:57.547   806  4707 D SystemServerTimingAsync: ssm.onCompletedEventUser-0_{|Unlocked|}_com.android.server.location.altitude.AltitudeService$Lifecycle
03-18 16:18:57.547   806  4707 D SystemServerTimingAsync: ssm.onCompletedEventUser-0_{|Unlocked|}_com.android.server.timezonedetector.location.LocationTimeZoneManagerService$Lifecycle
03-18 16:18:57.547   806  4707 D SystemServerTimingAsync: ssm.onCompletedEventUser-0_{|Unlocked|}_com.android.server.search.SearchManagerService$Lifecycle
03-18 16:18:57.547   806  4707 D SystemServerTimingAsync: ssm.onCompletedEventUser-0_{|Unlocked|}_com.android.server.wallpaper.WallpaperManagerService$Lifecycle
03-18 16:18:57.548   806  4707 D SystemServerTimingAsync: ssm.onCompletedEventUser-0_{|Unlocked|}_com.android.server.wallpapereffectsgeneration.WallpaperEffectsGenerationManagerService
03-18 16:18:57.548   806  4707 D SystemServerTimingAsync: ssm.onCompletedEventUser-0_{|Unlocked|}_com.android.server.audio.AudioService$Lifecycle
03-18 16:18:57.548   806  4707 D SystemServerTimingAsync: ssm.onCompletedEventUser-0_{|Unlocked|}_com.android.server.soundtrigger_middleware.SoundTriggerMiddlewareService$Lifecycle
03-18 16:18:57.548   806  4707 D SystemServerTimingAsync: ssm.onCompletedEventUser-0_{|Unlocked|}_com.android.server.DockObserver
03-18 16:18:57.548   806  4707 D SystemServerTimingAsync: ssm.onCompletedEventUser-0_{|Unlocked|}_com.android.server.midi.MidiService$Lifecycle
03-18 16:18:57.548   806  4707 D SystemServerTimingAsync: ssm.onCompletedEventUser-0_{|Unlocked|}_com.android.server.adb.AdbService$Lifecycle
03-18 16:18:57.548   806  4707 D SystemServerTimingAsync: ssm.onCompletedEventUser-0_{|Unlocked|}_com.android.server.usb.UsbService$Lifecycle
03-18 16:18:57.548   806  4707 D SystemServerTimingAsync: ssm.onCompletedEventUser-0_{|Unlocked|}_com.android.server.SerialService$Lifecycle
03-18 16:18:57.548   806  4707 D SystemServerTimingAsync: ssm.onCompletedEventUser-0_{|Unlocked|}_com.android.server.twilight.TwilightService
03-18 16:18:57.548   806  4707 D SystemServerTimingAsync: ssm.onCompletedEventUser-0_{|Unlocked|}_com.android.server.display.color.ColorDisplayService
03-18 16:18:57.548   806  4707 D SystemServerTimingAsync: ssm.onCompletedEventUser-0_{|Unlocked|}_com.android.server.job.JobSchedulerService
03-18 16:18:57.548  3391  3430 W JobInfo : Requested important-while-foreground flag for job1 is ignored and takes no effect
03-18 16:18:57.548  3391  3430 D WM-SystemJobScheduler: Scheduling work ID cd746c01-172e-4a05-950d-e68ebf14ad42Job ID 1
03-18 16:18:57.548   806  4707 D SystemServerTimingAsync: ssm.onCompletedEventUser-0_{|Unlocked|}_com.android.server.soundtrigger.SoundTriggerService
03-18 16:18:57.548   806  4707 D SystemServerTimingAsync: ssm.onCompletedEventUser-0_{|Unlocked|}_com.android.server.trust.TrustManagerService
03-18 16:18:57.549   806  4707 D SystemServerTimingAsync: ssm.onCompletedEventUser-0_{|Unlocked|}_com.android.server.backup.BackupManagerService$Lifecycle
03-18 16:18:57.549   806  4707 D SystemServerTimingAsync: ssm.onCompletedEventUser-0_{|Unlocked|}_com.android.server.appwidget.AppWidgetService
03-18 16:18:57.549   806  4707 D SystemServerTimingAsync: ssm.onCompletedEventUser-0_{|Unlocked|}_com.android.server.GestureLauncherService
03-18 16:18:57.552   806  4707 D SystemServerTimingAsync: ssm.onCompletedEventUser-0_{|Unlocked|}_com.android.server.SensorNotificationService
03-18 16:18:57.552   806  4707 D SystemServerTimingAsync: ssm.onCompletedEventUser-0_{|Unlocked|}_com.android.server.emergency.EmergencyAffordanceService
03-18 16:18:57.553   806  4708 D SystemServerTimingAsync: ssm.onCompletedEventUser-0_{|Unlocked|}_com.android.server.net.watchlist.NetworkWatchlistService$Lifecycle
03-18 16:18:57.553   806  4708 D SystemServerTimingAsync: ssm.onCompletedEventUser-0_{|Unlocked|}_com.android.server.blob.BlobStoreManagerService
03-18 16:18:57.553   806  4708 D SystemServerTimingAsync: ssm.onCompletedEventUser-0_{|Unlocked|}_com.android.server.dreams.DreamManagerService
03-18 16:18:57.553   806  4708 D SystemServerTimingAsync: ssm.onCompletedEventUser-0_{|Unlocked|}_com.android.server.print.PrintManagerService
03-18 16:18:57.553   806  4708 D SystemServerTimingAsync: ssm.onCompletedEventUser-0_{|Unlocked|}_com.android.server.security.AttestationVerificationManagerService
03-18 16:18:57.553   806  4708 D SystemServerTimingAsync: ssm.onCompletedEventUser-0_{|Unlocked|}_com.android.server.companion.CompanionDeviceManagerService
03-18 16:18:57.554   806  4708 D SystemServerTimingAsync: ssm.onCompletedEventUser-0_{|Unlocked|}_com.android.server.companion.virtual.VirtualDeviceManagerService
03-18 16:18:57.554   806  4708 D SystemServerTimingAsync: ssm.onCompletedEventUser-0_{|Unlocked|}_com.android.server.restrictions.RestrictionsManagerService
03-18 16:18:57.554   806  4708 D SystemServerTimingAsync: ssm.onCompletedEventUser-0_{|Unlocked|}_com.android.server.media.MediaSessionService
03-18 16:18:57.554   806  4708 D SystemServerTimingAsync: ssm.onCompletedEventUser-0_{|Unlocked|}_com.android.server.media.MediaResourceMonitorService
03-18 16:18:57.554   806  4708 D SystemServerTimingAsync: ssm.onCompletedEventUser-0_{|Unlocked|}_com.android.server.biometrics.sensors.fingerprint.FingerprintService
03-18 16:18:57.555   806  4708 D SystemServerTimingAsync: ssm.onCompletedEventUser-0_{|Unlocked|}_com.android.server.biometrics.BiometricService
03-18 16:18:57.555   806  4708 D SystemServerTimingAsync: ssm.onCompletedEventUser-0_{|Unlocked|}_com.android.server.biometrics.AuthService
03-18 16:18:57.555   806  4708 D SystemServerTimingAsync: ssm.onCompletedEventUser-0_{|Unlocked|}_com.android.server.security.authenticationpolicy.SecureLockDeviceService$Lifecycle
03-18 16:18:57.555   806  4708 D SystemServerTimingAsync: ssm.onCompletedEventUser-0_{|Unlocked|}_com.android.server.security.authenticationpolicy.AuthenticationPolicyService
03-18 16:18:57.555   806  4708 D SystemServerTimingAsync: ssm.onCompletedEventUser-0_{|Unlocked|}_com.android.server.pm.ShortcutService$Lifecycle
03-18 16:18:57.555   806  4708 D SystemServerTimingAsync: ssm.onCompletedEventUser-0_{|Unlocked|}_com.android.server.pm.LauncherAppsService
03-18 16:18:57.555   806  4708 D SystemServerTimingAsync: ssm.onCompletedEventUser-0_{|Unlocked|}_com.android.server.pm.CrossProfileAppsService
03-18 16:18:57.559   806  4708 D SystemServerTimingAsync: ssm.onCompletedEventUser-0_{|Unlocked|}_com.android.server.people.PeopleService
03-18 16:18:57.559   806  4709 D SystemServerTimingAsync: ssm.onCompletedEventUser-0_{|Unlocked|}_com.android.server.ContextHubSystemService
03-18 16:18:57.559   806  4709 D SystemServerTimingAsync: ssm.onCompletedEventUser-0_{|Unlocked|}_com.android.server.pm.BackgroundInstallControlService
03-18 16:18:57.559   806  4709 D SystemServerTimingAsync: ssm.onCompletedEventUser-0_{|Unlocked|}_com.android.server.media.projection.MediaProjectionManagerService
03-18 16:18:57.559   806  4709 D SystemServerTimingAsync: ssm.onCompletedEventUser-0_{|Unlocked|}_com.android.server.slice.SliceManagerService$Lifecycle
03-18 16:18:57.559   806  4709 D SystemServerTimingAsync: ssm.onCompletedEventUser-0_{|Unlocked|}_com.android.server.stats.StatsCompanion$Lifecycle
03-18 16:18:57.560   806  4709 D SystemServerTimingAsync: ssm.onCompletedEventUser-0_{|Unlocked|}_com.android.server.scheduling.RebootReadinessManagerService$Lifecycle
03-18 16:18:57.560   806  4709 D SystemServerTimingAsync: ssm.onCompletedEventUser-0_{|Unlocked|}_com.android.server.stats.pull.StatsPullAtomService
03-18 16:18:57.560   806  4709 D SystemServerTimingAsync: ssm.onCompletedEventUser-0_{|Unlocked|}_com.android.server.stats.bootstrap.StatsBootstrapAtomService$Lifecycle
03-18 16:18:57.560   806  4709 D SystemServerTimingAsync: ssm.onCompletedEventUser-0_{|Unlocked|}_com.android.server.incident.IncidentCompanionService
03-18 16:18:57.560   806  4709 D SystemServerTimingAsync: ssm.onCompletedEventUser-0_{|Unlocked|}_com.android.server.sdksandbox.SdkSandboxManagerService$Lifecycle
03-18 16:18:57.560   806  4709 D SystemServerTimingAsync: ssm.onCompletedEventUser-0_{|Unlocked|}_com.android.server.adservices.AdServicesManagerService$Lifecycle
03-18 16:18:57.560   806  4709 D SystemServerTimingAsync: ssm.onCompletedEventUser-0_{|Unlocked|}_com.android.server.ondevicepersonalization.OnDevicePersonalizationSystemService$Lifecycle
03-18 16:18:57.561   806  4709 D SystemServerTimingAsync: ssm.onCompletedEventUser-0_{|Unlocked|}_android.os.profiling.ProfilingService$Lifecycle
03-18 16:18:57.561   806  4709 D SystemServerTimingAsync: ssm.onCompletedEventUser-0_{|Unlocked|}_com.android.server.MmsServiceBroker
03-18 16:18:57.561   806  4709 D SystemServerTimingAsync: ssm.onCompletedEventUser-0_{|Unlocked|}_com.android.server.autofill.AutofillManagerService
03-18 16:18:57.561   806  4709 D SystemServerTimingAsync: ssm.onCompletedEventUser-0_{|Unlocked|}_com.android.server.credentials.CredentialManagerService
03-18 16:18:57.561   806  4709 D SystemServerTimingAsync: ssm.onCompletedEventUser-0_{|Unlocked|}_com.android.server.translation.TranslationManagerService
03-18 16:18:57.561   806  4709 D SystemServerTimingAsync: ssm.onCompletedEventUser-0_{|Unlocked|}_com.android.server.clipboard.ClipboardService
03-18 16:18:57.561   806  4709 D SystemServerTimingAsync: ssm.onCompletedEventUser-0_{|Unlocked|}_com.android.server.selectiontoolbar.SelectionToolbarManagerService
03-18 16:18:57.561   806  4709 D SystemServerTimingAsync: ssm.onCompletedEventUser-0_{|Unlocked|}_com.android.server.appbinding.AppBindingService$Lifecycle
03-18 16:18:57.561   806  4709 D SystemServerTimingAsync: ssm.onCompletedEventUser-0_{|Unlocked|}_com.android.server.tracing.TracingServiceProxy
03-18 16:18:57.561   806  4709 D SystemServerTimingAsync: ssm.onCompletedEventUser-0_{|Unlocked|}_com.android.server.os.instrumentation.DynamicInstrumentationManagerService
03-18 16:18:57.561   806  4709 D SystemServerTimingAsync: ssm.onCompletedEventUser-0_{|Unlocked|}_com.android.server.policy.PermissionPolicyService
03-18 16:18:57.561   806  4709 D SystemServerTimingAsync: ssm.onCompletedEventUser-0_{|Unlocked|}_com.android.server.pm.StagingManager$Lifecycle
03-18 16:18:57.561   806  4709 D SystemServerTimingAsync: ssm.onCompletedEventUser-0_{|Unlocked|}_com.android.server.crashrecovery.CrashRecoveryModule$Lifecycle
03-18 16:18:57.561   806  4709 D SystemServerTimingAsync: ssm.onCompletedEventUser-0_{|Unlocked|}_com.android.server.app.GameManagerService$Lifecycle
03-18 16:18:57.561   806  4709 D SystemServerTimingAsync: ssm.onCompletedEventUser-0_{|Unlocked|}_com.android.server.uwb.UwbService
03-18 16:18:57.561   806  4709 D SystemServerTimingAsync: ssm.onCompletedEventUser-0_{|Unlocked|}_com.android.server.ranging.RangingService
03-18 16:18:57.561   806  4709 D SystemServerTimingAsync: ssm.onCompletedEventUser-0_{|Unlocked|}_com.android.safetycenter.SafetyCenterService
03-18 16:18:57.562   806  4709 D SystemServerTimingAsync: ssm.onCompletedEventUser-0_{|Unlocked|}_com.android.server.appsearch.AppSearchModule$Lifecycle
03-18 16:18:57.562   806  4709 D SystemServerTimingAsync: ssm.onCompletedEventUser-0_{|Unlocked|}_com.android.server.compos.IsolatedCompilationService
03-18 16:18:57.562   806  4707 D SystemServerTimingAsync: ssm.onCompletedEventUser-0_{|Unlocked|}_com.android.server.media.metrics.MediaMetricsManagerService
03-18 16:18:57.562   806  4707 D SystemServerTimingAsync: ssm.onCompletedEventUser-0_{|Unlocked|}_com.android.server.media.MediaCommunicationService
03-18 16:18:57.562   806  4707 D SystemServerTimingAsync: ssm.onCompletedEventUser-0_{|Unlocked|}_com.android.server.compat.overrides.AppCompatOverridesService$Lifecycle
03-18 16:18:57.562   806  4707 D SystemServerTimingAsync: ssm.onCompletedEventUser-0_{|Unlocked|}_com.android.server.healthconnect.HealthConnectManagerService
03-18 16:18:57.562   806  4707 D SystemServerTimingAsync: ssm.onCompletedEventUser-0_{|Unlocked|}_com.android.server.devicelock.DeviceLockService
03-18 16:18:57.562   806  4707 D SystemServerTimingAsync: ssm.onCompletedEventUser-0_{|Unlocked|}_com.android.server.SensitiveContentProtectionManagerService
03-18 16:18:57.562   806  4707 D SystemServerTimingAsync: ssm.onCompletedEventUser-0_{|Unlocked|}_com.android.system.virtualmachine.VirtualizationSystemService
03-18 16:18:57.562  1974  1974 I 43-CredManRegistrationM: (REDACTED) [%s][%s] Success to register credentials
03-18 16:18:57.576   278   278 I lowmemorykiller: Kill 'com.google.android.photopicker' (3687), uid 10201, oom_score_adj 975 to free 75564kB rss, 36084kB swap, 0kB dmabuf_pss, 0kB dmabuf_rss; reason: low watermark is breached
03-18 16:18:57.587   278   287 E lowmemorykiller: process_mrelease 3687 failed: No such process
03-18 16:18:57.591   278   278 I lowmemorykiller: Kill 'com.android.externalstorage' (3838), uid 10112, oom_score_adj 965 to free 76712kB rss, 35184kB swap, 0kB dmabuf_pss, 0kB dmabuf_rss; reason: low watermark is breached
03-18 16:18:57.591   574   574 I Zygote  : Process 3687 exited due to signal 9 (Killed)
03-18 16:18:57.597  3391  3430 D WM-GreedyScheduler: Starting tracking for cd746c01-172e-4a05-950d-e68ebf14ad42,21a2274c-114b-49b1-bc92-a7850b22271e
03-18 16:18:57.611   806  2428 I ActivityManager: Process com.google.android.photopicker (pid 3687) has died: cch  +75 CEM 
03-18 16:18:57.622   806   883 I libprocessgroup: Removed cgroup /sys/fs/cgroup/apps/uid_10201/pid_3687
03-18 16:18:57.623   574   574 I Zygote  : Process 3838 exited due to signal 9 (Killed)
03-18 16:18:57.630   806  2230 I ActivityManager: Process com.android.externalstorage (pid 3838) has died: cch  +65 CEM 
03-18 16:18:57.633   278   278 I lowmemorykiller: Kill 'com.google.android.documentsui' (4400), uid 10110, oom_score_adj 965 to free 97336kB rss, 32960kB swap, 0kB dmabuf_pss, 0kB dmabuf_rss; reason: low watermark is breached
03-18 16:18:57.657   278   278 I lowmemorykiller: Kill 'com.android.traceur' (4477), uid 10139, oom_score_adj 955 to free 78752kB rss, 33880kB swap, 0kB dmabuf_pss, 0kB dmabuf_rss; reason: low watermark is breached
03-18 16:18:57.657   574   574 I Zygote  : Process 4400 exited due to signal 9 (Killed)
03-18 16:18:57.676  2486  2647 I WM-WorkerWrapper: Worker result SUCCESS for Work [ id=ec71cd36-ca20-4269-a135-6e42d6c3c5a9, tags={ com.google.apps.tiktok.contrib.work.TikTokListenableWorker,TikTokWorker#com.google.android.apps.wellbeing.autodnd.SettingsInjectionWorker } ]
03-18 16:18:57.678  1974  1974 I 43-CredManRegistrationM: (REDACTED) [%s][%s] Success to register credentials
03-18 16:18:57.680   806  1497 I ActivityManager: Process com.google.android.documentsui (pid 4400) has died: cch  +65 CEM 
03-18 16:18:57.681   278   287 W lowmemorykiller: Failed to open /proc/4400/task; errno=2: process pid(4400) might have died
03-18 16:18:57.681   278   287 E lowmemorykiller: process_mrelease 4400 failed: No such process
03-18 16:18:57.682   278   286 E lowmemorykiller: process_mrelease 4477 failed: No such process
03-18 16:18:57.692   806   883 I libprocessgroup: Removed cgroup /sys/fs/cgroup/apps/uid_10112/pid_3838
03-18 16:18:57.711  3391  3430 D WM-ConstraintTracker: BatteryChargingTracker: initial state = false
03-18 16:18:57.711  3391  3430 D WM-BrdcstRcvrCnstrntTrc: BatteryChargingTracker: registering receiver
03-18 16:18:57.714   574   574 I Zygote  : Process 4477 exited due to signal 9 (Killed)
03-18 16:18:57.714   278   278 I lowmemorykiller: Kill 'com.google.android.apps.wallpaper' (2473), uid 10197, oom_score_adj 955 to free 85292kB rss, 40480kB swap, 0kB dmabuf_pss, 0kB dmabuf_rss; reason: low watermark is breached
03-18 16:18:57.715  3391  3430 D WM-ConstraintTracker: BatteryNotLowTracker: initial state = true
03-18 16:18:57.715  3391  3430 D WM-BrdcstRcvrCnstrntTrc: BatteryNotLowTracker: registering receiver
03-18 16:18:57.718  1771  2060 I Fitness : (REDACTED) OnPackageChangedOperation got intent: %s
03-18 16:18:57.721   278   287 E lowmemorykiller: process_mrelease 2473 failed: No such process
03-18 16:18:57.726  2272  2709 I GFXSTREAM: [eglDisplay.cpp(297)] Opening libGLESv1_CM_emulation.so
03-18 16:18:57.727  3391  3391 D WM-SystemJobService: onStartJob for WorkGenerationalId(workSpecId=cd746c01-172e-4a05-950d-e68ebf14ad42, generation=0)
03-18 16:18:57.727  2272  2709 I GFXSTREAM: [eglDisplay.cpp(297)] Opening libGLESv2_emulation.so
03-18 16:18:57.734  1019  1026 I artd    : GetBestInfo: odex next to the dex file (/product/priv-app/PrebuiltGmsCore/oat/x86_64/PrebuiltGmsCore.odex) is kOatUpToDate with filter 'verify' executable 'false'
03-18 16:18:57.720   806   883 I libprocessgroup: Removed cgroup /sys/fs/cgroup/apps/uid_10110/pid_4400
03-18 16:18:57.736   806   806 W Looper  : Slow dispatch took 117ms main app=system_server main=true group=FOREGROUND h=android.app.ActivityThread$H c=android.app.LoadedApk$ServiceDispatcher$RunConnection@d760d62 m=0
03-18 16:18:57.740  1019  1026 I artd    : GetBestInfo: /data/user_de/0/com.google.android.gms/app_chimera/m/00000001/CronetDynamite.apk has no usable artifacts
03-18 16:18:57.742  1019  1026 I artd    : GetBestInfo: /data/user_de/0/com.google.android.gms/app_chimera/m/00000002/DynamiteLoader.apk has no usable artifacts
03-18 16:18:57.748   574   574 I Zygote  : Process 2473 exited due to signal 9 (Killed)
03-18 16:18:57.748   278   278 I lowmemorykiller: Kill 'com.google.android.onetimeinitializer' (4504), uid 10147, oom_score_adj 945 to free 78468kB rss, 33112kB swap, 0kB dmabuf_pss, 0kB dmabuf_rss; reason: low watermark is breached
03-18 16:18:57.748  1019  1026 I artd    : GetBestInfo: /data/user_de/0/com.google.android.gms/app_chimera/m/00000005/GoogleCertificates.apk has no usable artifacts
03-18 16:18:57.751  1019  1026 I artd    : GetBestInfo: /data/user/0/com.google.android.gms/app_dg_cache/E893C01D331CD1FBE6F076D28A1BA871F16A1DEC/the.apk has no usable artifacts
03-18 16:18:57.758  1019  1026 I artd    : GetBestInfo: /data/user_de/0/com.google.android.gms/app_chimera/m/00000007/MeasurementDynamite.apk has no usable artifacts
03-18 16:18:57.763  1771  2435 I PhenotypeResourceReader: unable to find any Phenotype resource metadata for com.google.android.glasses.core
03-18 16:18:57.812   574   574 I Zygote  : Process 4504 exited due to signal 9 (Killed)
03-18 16:18:57.839  3391  3448 D WM-ConstraintTracker: NetworkStateTracker24: initial state = NetworkState(isConnected=true, isValidated=true, isMetered=false, isNotRoaming=true)
03-18 16:18:57.839  3391  3448 D WM-NetworkStateTracker: Registering network callback
03-18 16:18:57.847   806  2232 I ActivityManager: Process com.android.traceur (pid 4477) has died: cch  +55 CEM 
03-18 16:18:57.851   806  1961 D ConnectivityService: requestNetwork for uid/pid:10214/3391 activeRequest: null callbackRequest: 157 [NetworkRequest [ REQUEST id=158, [ Capabilities: INTERNET&NOT_RESTRICTED&TRUSTED&NOT_VCN_MANAGED&NOT_BANDWIDTH_CONSTRAINED Uid: 10214 RequestorUid: 10214 RequestorPkg: com.google.android.rkpdapp UnderlyingNetworks: Null] ]] callback flags: 0 order: 2147483647 isUidTracked: false declaredMethods: AVAIL|LOST|NC
03-18 16:18:57.855  3391  3448 D WM-PackageManagerHelper: androidx.work.impl.background.systemalarm.RescheduleReceiver enabled
03-18 16:18:57.860   806  1281 D ConnectivityService: NetReassign [158 : null → 100] [c 3] [a 1] [i 4]
03-18 16:18:57.862  3391  4711 D WM-NetworkStateTracker: Network capabilities changed: [ Transports: WIFI Capabilities: NOT_METERED&INTERNET&NOT_RESTRICTED&TRUSTED&NOT_VPN&VALIDATED&NOT_ROAMING&FOREGROUND&NOT_CONGESTED&NOT_SUSPENDED&NOT_VCN_MANAGED&NOT_BANDWIDTH_CONSTRAINED LinkUpBandwidth>=12000Kbps LinkDnBandwidth>=30000Kbps TransportInfo: <SSID: <unknown ssid>, BSSID: 02:00:00:00:00:00, MAC: 02:00:00:00:00:00, IP: /10.0.2.16, Security type: 0, Supplicant state: COMPLETED, Wi-Fi standard: legacy, RSSI: -50, Link speed: 1Mbps, Tx Link speed: 1Mbps, Max Supported Tx Link speed: 11Mbps, Rx Link speed: 2Mbps, Max Supported Rx Link speed: 11Mbps, Frequency: 2447MHz, Net ID: -1, Metered hint: false, score: 83, isUsable: true, CarrierMerged: false, SubscriptionId: -1, IsPrimary: -1, Trusted: true, Restricted: false, Ephemeral: false, OEM paid: false, OEM private: false, OSU AP: false, FQDN: <none>, Provider friendly name: <none>, Requesting package name: <none><none>MLO Information: , Is TID-To-Link negotiation supported by the AP: false, AP MLD Address: <none>, AP MLO Link Id: <none>, AP MLO Affiliated links: <none>, Vendor Data: <none>> SignalStrength: -50 UnderlyingNetworks: Null]
03-18 16:18:57.864  3391  3448 D WM-Processor: Processor: processing WorkGenerationalId(workSpecId=cd746c01-172e-4a05-950d-e68ebf14ad42, generation=0)
03-18 16:18:57.867  3391  3448 D WM-GreedyScheduler: Constraints not met: Cancelling work ID WorkGenerationalId(workSpecId=21a2274c-114b-49b1-bc92-a7850b22271e, generation=0)
03-18 16:18:57.869   806   883 I libprocessgroup: Removed cgroup /sys/fs/cgroup/apps/uid_10139/pid_4477
03-18 16:18:57.876   806  2174 I ActivityManager: Process com.google.android.apps.wallpaper (pid 2473) has died: cch  +55 CEM 
03-18 16:18:57.881  3391  3391 D WM-WorkerWrapper: Starting work for com.android.rkpdapp.provisioner.WidevineProvisioner
03-18 16:18:57.885   806  1344 I ActivityManager: Process com.google.android.onetimeinitializer (pid 4504) has died: cch  +45 CEM 
03-18 16:18:57.890  3391  3430 D WM-GreedyScheduler: Constraints met: Scheduling work ID WorkGenerationalId(workSpecId=cd746c01-172e-4a05-950d-e68ebf14ad42, generation=0)
03-18 16:18:57.896  3391  3430 D WM-Processor: Work WorkGenerationalId(workSpecId=cd746c01-172e-4a05-950d-e68ebf14ad42, generation=0) is already enqueued for processing
03-18 16:18:57.907   806   883 I libprocessgroup: Removed cgroup /sys/fs/cgroup/apps/uid_10197/pid_2473
03-18 16:18:57.917   806   883 I libprocessgroup: Removed cgroup /sys/fs/cgroup/apps/uid_10147/pid_4504
03-18 16:18:57.923  3391  4712 I DrmHalHidl: No hidl drm factories found
03-18 16:18:57.930   281   281 I hwservicemanager: getTransport: Cannot find entry android.hardware.drm@1.0::IDrmFactory/default in either framework or device VINTF manifest.
03-18 16:18:57.930  3391  4712 W DrmHalHidl: Failed to find passthrough drm factories
03-18 16:18:57.943   806  1275 I HalDevMgr: bestIfaceCreationProposal is null, requestIface=STA, existingIface=[name=wlan0 type=STA]
03-18 16:18:57.943   806  1275 D WifiNetworkFactory: got request NetworkRequest [ REQUEST id=158, [ Capabilities: INTERNET&NOT_RESTRICTED&TRUSTED&NOT_VCN_MANAGED&NOT_BANDWIDTH_CONSTRAINED Uid: 10214 RequestorUid: 10214 RequestorPkg: com.google.android.rkpdapp UnderlyingNetworks: Null] ]
03-18 16:18:57.943   806  1275 D UntrustedWifiNetworkFactory: got request NetworkRequest [ REQUEST id=158, [ Capabilities: INTERNET&NOT_RESTRICTED&TRUSTED&NOT_VCN_MANAGED&NOT_BANDWIDTH_CONSTRAINED Uid: 10214 RequestorUid: 10214 RequestorPkg: com.google.android.rkpdapp UnderlyingNetworks: Null] ]
03-18 16:18:57.944   806  1275 D OemPaidWifiNetworkFactory: got request NetworkRequest [ REQUEST id=158, [ Capabilities: INTERNET&NOT_RESTRICTED&TRUSTED&NOT_VCN_MANAGED&NOT_BANDWIDTH_CONSTRAINED Uid: 10214 RequestorUid: 10214 RequestorPkg: com.google.android.rkpdapp UnderlyingNetworks: Null] ]
03-18 16:18:57.944   806  1275 D MultiInternetWifiNetworkFactory: got request NetworkRequest [ REQUEST id=158, [ Capabilities: INTERNET&NOT_RESTRICTED&TRUSTED&NOT_VCN_MANAGED&NOT_BANDWIDTH_CONSTRAINED Uid: 10214 RequestorUid: 10214 RequestorPkg: com.google.android.rkpdapp UnderlyingNetworks: Null] ]
03-18 16:18:57.954  2272  2660 I Finsky  : [54] [PLUS] Adding payload case=9
03-18 16:18:57.961   806  2255 W ActivityManager: Slow operation: 60ms so far, now at finishAttachApplicationInner: after mServices.attachApplicationLocked
03-18 16:18:57.966   806  2255 W ActivityManager: Slow operation: 120ms so far, now at finishAttachApplicationInner: after dispatching broadcasts
03-18 16:18:57.969  2272  2660 I Finsky  : [54] [PLUS] Adding payload case=8
03-18 16:18:57.981  1974  2851 I Icing   : doRemovePackageData com.android.devicelockcontroller
03-18 16:18:57.987   806   881 V GrammaticalInflectionUtils: AttributionSource: android.content.AttributionSource@df0b3039 does not have READ_SYSTEM_GRAMMATICAL_GENDER permission.
03-18 16:18:57.992  2272  2660 I Finsky  : [54] [PLUS] Adding payload case=10
03-18 16:18:57.992  2272  2660 I Finsky  : [54] [PLUS] Adding payload case=11
03-18 16:18:57.992  2272  2660 I Finsky  : [54] [PLUS] Adding payload case=12
03-18 16:18:57.992  2272  2660 I Finsky  : [54] [PLUS] Adding payload case=13
03-18 16:18:57.992  2272  2660 I Finsky  : [54] [PLUS] Adding payload case=14
03-18 16:18:57.992  2272  2660 I Finsky  : [54] [PLUS] Adding payload case=15
03-18 16:18:57.992  2272  2660 I Finsky  : [54] [PLUS] Adding payload case=16
03-18 16:18:57.992  2272  2660 I Finsky  : [54] [PLUS] Adding payload case=17
03-18 16:18:57.993  2272  2660 I Finsky  : [54] [PLUS] Adding payload case=18
03-18 16:18:57.993  2272  2660 I Finsky  : [54] [PLUS] Adding payload case=19
03-18 16:18:57.993  2272  2660 I Finsky  : [54] [PLUS] Adding payload case=20
03-18 16:18:57.993  2272  2660 I Finsky  : [54] [PLUS] Adding payload case=21
03-18 16:18:57.996   574   574 D Zygote  : Forked child process 4715
03-18 16:18:58.003   806  2428 I AppsFilter: interaction: PackageSetting{dcfa826 com.android.microdroid.empty_payload/10224} -> PackageSetting{f89a215 com.google.android.healthconnect.controller/10207} BLOCKED
03-18 16:18:58.003  4715  4715 I Zygote  : Process 4715 created for com.google.android.nfc
03-18 16:18:58.003  4715  4715 I gle.android.nfc: Using CollectorTypeCMC GC.
03-18 16:18:58.004  4715  4715 W gle.android.nfc: Unexpected CPU variant for x86: x86_64.
03-18 16:18:58.004  4715  4715 W gle.android.nfc: Known variants: atom, sandybridge, silvermont, goldmont, goldmont-plus, goldmont-without-sha-xsaves, tremont, kabylake, alderlake, default
03-18 16:18:58.009   806  2792 D SafetySourceDataValidat: No cert check requested for package com.google.android.healthconnect.controller
03-18 16:18:58.013  4715  4715 D nativeloader: Load libframework-connectivity-tiramisu-jni.so using APEX ns com_android_tethering for caller /apex/com.android.tethering/javalib/framework-connectivity-t.jar: ok
03-18 16:18:58.017   806   908 I ActivityManager: Killing 4692:com.google.android.healthconnect.controller/u0a207 (adj 0): change com.google.android.healthconnect.controller
03-18 16:18:58.026  1974  1974 I 43-CredManRegistrationM: (REDACTED) [%s][%s] Success to register credentials
